<html>
<body>
<pre>
<h1>µVision Build Log</h1>
<h2>Tool Versions:</h2>
IDE-Version: ¶ÃVision V5.24.2.0
Copyright (C) 2017 ARM Ltd and ARM Germany GmbH. All rights reserved.
License Information: nn 473065664@qq.com, nn, LIC=LSNXV-PVDSQ-HL4CL-0Y2TK-W8ZHQ-ARF0H
 
Tool Versions:
Toolchain:       MDK-ARM Plus  Version: 5.24.1
Toolchain Path:  D:\Keil_v5\ARM\ARMCLANG\Bin
C Compiler:      ArmClang.exe V6.7
Assembler:       Armasm.exe V6.7
Linker/Locator:  ArmLink.exe V6.7
Library Manager: ArmAr.exe V6.7
Hex Converter:   FromElf.exe V6.7
CPU DLL:         SARMCM3.DLL V5.24.1
Dialog DLL:      DCM.DLL V1.16.0.0
Target DLL:      Segger\JL2CM3.dll V2.99.26.0
Dialog DLL:      TCM.DLL V1.32.0.0
 
<h2>Project:</h2>
D:\Desktop_Floder\≤Œøº—ßœ∞\H7≈‰÷√\Cache_MPU_DMA_TCM\MDK-ARM\Cache_MPU_DMA_TCM.uvprojx
Project File Date:  03/28/2026

<h2>Output:</h2>
*** Using Compiler 'V6.7', folder: 'D:\Keil_v5\ARM\ARMCLANG\Bin'
Build target 'Cache_MPU_DMA_TCM'
assembling startup_stm32h723xx.s...
compiling stm32h7xx_hal_hsem.c...
compiling main.c...
compiling stm32h7xx_it.c...
compiling memorymap.c...
compiling stm32h7xx_hal_msp.c...
compiling stm32h7xx_hal_rcc.c...
compiling stm32h7xx_hal_cortex.c...
compiling stm32h7xx_hal_i2c_ex.c...
compiling system_stm32h7xx.c...
compiling stm32h7xx_hal_pwr.c...
compiling stm32h7xx_hal_tim_ex.c...
compiling stm32h7xx_hal_exti.c...
compiling stm32h7xx_hal_dma_ex.c...
compiling stm32h7xx_hal_tim.c...
compiling gpio.c...
compiling stm32h7xx_hal_gpio.c...
compiling stm32h7xx_hal_flash.c...
compiling stm32h7xx_hal_flash_ex.c...
compiling stm32h7xx_hal_pwr_ex.c...
compiling stm32h7xx_hal.c...
compiling stm32h7xx_hal_mdma.c...
compiling stm32h7xx_hal_rcc_ex.c...
compiling stm32h7xx_hal_dma.c...
compiling stm32h7xx_hal_i2c.c...
linking...
Program Size: Code=5460 RO-data=1068 RW-data=32 ZI-data=1676  
FromELF: creating hex file...
"Cache_MPU_DMA_TCM\Cache_MPU_DMA_TCM.axf" - 0 Error(s), 0 Warning(s).

<h2>Software Packages used:</h2>

Package Vendor: ARM
                http://www.keil.com/pack/ARM.CMSIS.5.0.1.pack
                ARM.CMSIS.5.0.1
                CMSIS (Cortex Microcontroller Software Interface Standard)
   * Component: CORE Version: 5.0.1

Package Vendor: Keil
                http://www.keil.com/pack/Keil.STM32H7xx_DFP.3.0.0.pack
                Keil.STM32H7xx_DFP.3.0.0
                STMicroelectronics STM32H7 Series Device Support and Examples

<h2>Collection of Component include folders:</h2>
  .\RTE\_Cache_MPU_DMA_TCM
  D:\Keil_v5\ARM\PACK\ARM\CMSIS\5.0.1\CMSIS\Include
  D:\Keil_v5\ARM\PACK\Keil\STM32H7xx_DFP\3.0.0\Drivers\CMSIS\Device\ST\STM32H7xx\Include

<h2>Collection of Component Files used:</h2>

   * Component: ARM::CMSIS:CORE:5.0.1
Build Time Elapsed:  00:00:02
</pre>
</body>
</html>
