<html>
<body>
<pre>
<h1>礦ision Build Log</h1>
<h2>Tool Versions:</h2>
IDE-Version: μVision V5.24.2.0
Copyright (C) 2017 ARM Ltd and ARM Germany GmbH. All rights reserved.
License Information: nn 473065664@qq.com, nn, LIC=WHYH9-46HJH-PCZJ8-3X1WJ-I3FTB-RSMEB
 
Tool Versions:
Toolchain:       MDK-ARM Plus  Version: 5.24.1
Toolchain Path:  D:\Keil_v5\ARM\ARMCC\Bin
C Compiler:      Armcc.exe V5.06 update 5 (build 528)
Assembler:       Armasm.exe V5.06 update 5 (build 528)
Linker/Locator:  ArmLink.exe V5.06 update 5 (build 528)
Library Manager: ArmAr.exe V5.06 update 5 (build 528)
Hex Converter:   FromElf.exe V5.06 update 5 (build 528)
CPU DLL:         SARMCM3.DLL V5.24.1
Dialog DLL:      DCM.DLL V1.16.0.0
Target DLL:      CMSIS_AGDI.dll V1.28.3.0
Dialog DLL:      TCM.DLL V1.32.0.0
 
<h2>Project:</h2>
D:\Desktop_Floder\电赛资料\慧勤智远 STM32H747XIH6 CB V1.2小系统板\3. 程序源码\2，标准例程-HAL库版本\标准例程-HAL库版本\实验37 DSP测试实验\实验37_2 DSP FFT测试\Projects\MDK-ARM\STM32H747.uvprojx
Project File Date:  04/08/2026

<h2>Output:</h2>
*** Using Compiler 'V5.06 update 5 (build 528)', folder: 'D:\Keil_v5\ARM\ARMCC\Bin'
Build target 'FFT'
assembling startup_stm32h747xx.s...
compiling sys.c...
compiling stm32h7xx_it.c...
compiling stm32h7xx_hal_cortex.c...
compiling stm32h7xx_hal_pwr_ex.c...
compiling stm32h7xx_hal_ltdc_ex.c...
compiling usart.c...
compiling stm32h7xx_hal_gpio.c...
compiling stm32h7xx_hal.c...
compiling stm32h7xx_hal_dma.c...
compiling stm32h7xx_hal_mdma.c...
compiling stm32h7xx_hal_sram.c...
compiling main.c...
compiling stm32h7xx_hal_dma_ex.c...
compiling stm32h7xx_hal_sdram.c...
compiling stm32h7xx_hal_pwr.c...
compiling led.c...
compiling stm32h7xx_hal_usart_ex.c...
compiling stm32h7xx_hal_tim_ex.c...
compiling delay.c...
compiling mpu.c...
compiling stm32h7xx_hal_dsi.c...
compiling stm32h7xx_hal_uart_ex.c...
compiling stm32h7xx_ll_fmc.c...
compiling system_stm32h7xx.c...
compiling sdram.c...
compiling tft_spi.c...
compiling key.c...
compiling stm32h7xx_hal_rcc.c...
compiling ltdc.c...
compiling lcd.c...
compiling mipi_lcd.c...
compiling timer.c...
compiling stm32h7xx_hal_ltdc.c...
compiling stm32h7xx_hal_dma2d.c...
compiling stm32h7xx_hal_usart.c...
compiling stm32h7xx_hal_rcc_ex.c...
compiling stm32h7xx_hal_uart.c...
compiling stm32h7xx_hal_tim.c...
linking...
Program Size: Code=41126 RO-data=57622 RW-data=1248 ZI-data=4162960  
FromELF: creating hex file...
"..\..\Output\STM32H747.axf" - 0 Error(s), 0 Warning(s).

<h2>Software Packages used:</h2>

Package Vendor: Keil
                http://www.keil.com/pack/Keil.STM32H7xx_DFP.2.7.0.pack
                Keil.STM32H7xx_DFP.2.7.0
                STMicroelectronics STM32H7 Series Device Support and Examples

<h2>Collection of Component include folders:</h2>
  .\RTE\_FFT
  D:\Keil_v5\ARM\PACK\Keil\STM32H7xx_DFP\2.7.0\Drivers\CMSIS\Device\ST\STM32H7xx\Include

<h2>Collection of Component Files used:</h2>
Build Time Elapsed:  00:00:05
</pre>
</body>
</html>
