<html>
<body>
<pre>
<h1>礦ision Build Log</h1>
<h2>Tool Versions:</h2>
IDE-Version: μVision V5.36.0.0
Copyright (C) 2021 ARM Ltd and ARM Germany GmbH. All rights reserved.
License Information: l 473065664@qq.com, l, LIC=WHYH9-46HJH-PCZJ8-3X1WJ-I3FTB-RSMEB
 
Tool Versions:
Toolchain:       MDK-ARM Plus  Version: 5.36.0.0
Toolchain Path:  D:\Keil_v5\ARM\ARMCC\Bin
C Compiler:      Armcc.exe V5.06 update 7 (build 960)
Assembler:       Armasm.exe V5.06 update 7 (build 960)
Linker/Locator:  ArmLink.exe V5.06 update 7 (build 960)
Library Manager: ArmAr.exe V5.06 update 7 (build 960)
Hex Converter:   FromElf.exe V5.06 update 7 (build 960)
CPU DLL:         SARMCM3.DLL V5.36.0.0
Dialog DLL:      DCM.DLL V1.17.3.0
Target DLL:      STLink\ST-LINKIII-KEIL_SWO.dll V3.0.9.0
Dialog DLL:      TCM.DLL V1.53.0.0
 
<h2>Project:</h2>
D:\tencent qq\Tencent Files\下载的文件\DAC904\DAC904\Projects\MDK-ARM\STM32H743.uvprojx
Project File Date:  07/25/2026

<h2>Output:</h2>
*** Using Compiler 'V5.06 update 7 (build 960)', folder: 'D:\Keil_v5\ARM\ARMCC\Bin'
Build target 'FFT'
assembling startup_stm32h743xx.s...
compiling system_stm32h7xx.c...
compiling led.c...
compiling delay.c...
compiling usart.c...
compiling main.c...
..\..\User\main.c(49): warning:  #1035-D: single-precision operand implicitly converted to double-precision
          double phase = 2.0 * PI * i / DMA_Len;
..\..\User\main.c: 1 warning, 0 errors
compiling sys.c...
compiling stm32h7xx_hal_uart.c...
compiling stm32h7xx_hal.c...
compiling stm32h7xx_hal_pwr.c...
compiling stm32h7xx_ll_fmc.c...
compiling stm32h7xx_hal_rcc.c...
compiling stm32h7xx_hal_usart_ex.c...
compiling stm32h7xx_hal_usart.c...
compiling stm32h7xx_hal_cortex.c...
compiling stm32h7xx_hal_tim_ex.c...
compiling stm32h7xx_hal_ltdc_ex.c...
compiling stm32h7xx_hal_ltdc.c...
compiling stm32h7xx_hal_adc_ex.c...
compiling stm32h7xx_hal_gpio.c...
compiling stm32h7xx_hal_tim.c...
compiling stm32h7xx_it.c...
compiling stm32h7xx_hal_dma2d.c...
compiling stm32h7xx_hal_pwr_ex.c...
compiling stm32h7xx_hal_rcc_ex.c...
compiling stm32h7xx_hal_mdma.c...
compiling mpu.c...
compiling stm32h7xx_hal_uart_ex.c...
compiling ltdc.c...
compiling stm32h7xx_hal_dma_ex.c...
compiling key.c...
compiling stm32h7xx_hal_sram.c...
compiling sdram.c...
compiling tft_spi.c...
compiling stm32h7xx_hal_sdram.c...
compiling stm32h7xx_hal_dma.c...
compiling lcd.c...
compiling timer.c...
compiling stm32h7xx_hal_adc.c...
compiling my_adc.c...
..\..\Drivers\BSP\ADC\my_adc.c(13): warning:  #177-D: variable "PeriphClkInitStruct"  was declared but never referenced
      RCC_PeriphCLKInitTypeDef PeriphClkInitStruct = {0};
..\..\Drivers\BSP\ADC\my_adc.c: 1 warning, 0 errors
compiling my_fft.c...
compiling my_dma.c...
linking...
Program Size: Code=31890 RO-data=1070 RW-data=72 ZI-data=2171032  
FromELF: creating hex file...
"..\..\Output\STM32H743.axf" - 0 Error(s), 2 Warning(s).

<h2>Software Packages used:</h2>

Package Vendor: Keil
                https://www.keil.com/pack/Keil.STM32H7xx_DFP.4.1.3.pack
                Keil.STM32H7xx_DFP.4.1.3
                STMicroelectronics STM32H7 Series Device Support

<h2>Collection of Component include folders:</h2>

<h2>Collection of Component Files used:</h2>
Build Time Elapsed:  00:00:03
</pre>
</body>
</html>
