Component: ARM Compiler 5.06 update 5 (build 528) Tool: armlink [4d35e2]

==============================================================================

Section Cross References

    startup_stm32h723xx.o(RESET) refers to startup_stm32h723xx.o(STACK) for __initial_sp
    startup_stm32h723xx.o(RESET) refers to startup_stm32h723xx.o(.text) for Reset_Handler
    startup_stm32h723xx.o(RESET) refers to stm32h7xx_it.o(i.NMI_Handler) for NMI_Handler
    startup_stm32h723xx.o(RESET) refers to stm32h7xx_it.o(i.HardFault_Handler) for HardFault_Handler
    startup_stm32h723xx.o(RESET) refers to stm32h7xx_it.o(i.MemManage_Handler) for MemManage_Handler
    startup_stm32h723xx.o(RESET) refers to stm32h7xx_it.o(i.BusFault_Handler) for BusFault_Handler
    startup_stm32h723xx.o(RESET) refers to stm32h7xx_it.o(i.UsageFault_Handler) for UsageFault_Handler
    startup_stm32h723xx.o(RESET) refers to stm32h7xx_it.o(i.SVC_Handler) for SVC_Handler
    startup_stm32h723xx.o(RESET) refers to stm32h7xx_it.o(i.DebugMon_Handler) for DebugMon_Handler
    startup_stm32h723xx.o(RESET) refers to stm32h7xx_it.o(i.PendSV_Handler) for PendSV_Handler
    startup_stm32h723xx.o(RESET) refers to stm32h7xx_it.o(i.SysTick_Handler) for SysTick_Handler
    startup_stm32h723xx.o(RESET) refers to stm32h7xx_it.o(i.DMA1_Stream0_IRQHandler) for DMA1_Stream0_IRQHandler
    startup_stm32h723xx.o(RESET) refers to stm32h7xx_it.o(i.DMA1_Stream1_IRQHandler) for DMA1_Stream1_IRQHandler
    startup_stm32h723xx.o(RESET) refers to stm32h7xx_it.o(i.DMA1_Stream2_IRQHandler) for DMA1_Stream2_IRQHandler
    startup_stm32h723xx.o(RESET) refers to stm32h7xx_it.o(i.DMA1_Stream3_IRQHandler) for DMA1_Stream3_IRQHandler
    startup_stm32h723xx.o(RESET) refers to stm32h7xx_it.o(i.DMA1_Stream4_IRQHandler) for DMA1_Stream4_IRQHandler
    startup_stm32h723xx.o(RESET) refers to stm32h7xx_it.o(i.DMA1_Stream5_IRQHandler) for DMA1_Stream5_IRQHandler
    startup_stm32h723xx.o(RESET) refers to stm32h7xx_it.o(i.ADC_IRQHandler) for ADC_IRQHandler
    startup_stm32h723xx.o(RESET) refers to stm32h7xx_it.o(i.TIM4_IRQHandler) for TIM4_IRQHandler
    startup_stm32h723xx.o(RESET) refers to stm32h7xx_it.o(i.USART1_IRQHandler) for USART1_IRQHandler
    startup_stm32h723xx.o(RESET) refers to stm32h7xx_it.o(i.USART3_IRQHandler) for USART3_IRQHandler
    startup_stm32h723xx.o(RESET) refers to stm32h7xx_it.o(i.TIM6_DAC_IRQHandler) for TIM6_DAC_IRQHandler
    startup_stm32h723xx.o(.text) refers to system_stm32h7xx.o(i.ExitRun0Mode) for ExitRun0Mode
    startup_stm32h723xx.o(.text) refers to system_stm32h7xx.o(i.SystemInit) for SystemInit
    startup_stm32h723xx.o(.text) refers to entry.o(.ARM.Collect$$$$00000000) for __main
    main.o(i.Error_Handler) refers to stm32h7xx_hal_gpio.o(i.HAL_GPIO_TogglePin) for HAL_GPIO_TogglePin
    main.o(i.Error_Handler) refers to stm32h7xx_hal.o(i.HAL_Delay) for HAL_Delay
    main.o(i.FFT_proc) refers to fft_app.o(.ITCM_CODE) for Process_fft
    main.o(i.FFT_proc) refers to usart_app.o(i.UART1_Printf) for UART1_Printf
    main.o(i.FFT_proc) refers to stm32h7xx_hal_adc.o(i.HAL_ADC_Start_DMA) for HAL_ADC_Start_DMA
    main.o(i.FFT_proc) refers to main.o(.RAM_D3) for adc1_flag
    main.o(i.FFT_proc) refers to main.o(.RAM_D1) for adc_1_buffer
    main.o(i.FFT_proc) refers to adc.o(.bss) for hadc1
    main.o(i.HAL_ADC_ConvCpltCallback) refers to main.o(.RAM_D3) for adc1_flag
    main.o(i.MPU_Config) refers to stm32h7xx_hal_cortex.o(i.HAL_MPU_Disable) for HAL_MPU_Disable
    main.o(i.MPU_Config) refers to stm32h7xx_hal_cortex.o(i.HAL_MPU_ConfigRegion) for HAL_MPU_ConfigRegion
    main.o(i.MPU_Config) refers to stm32h7xx_hal_cortex.o(i.HAL_MPU_Enable) for HAL_MPU_Enable
    main.o(i.PeriphCommonClock_Config) refers to memseta.o(.text) for __aeabi_memclr4
    main.o(i.PeriphCommonClock_Config) refers to stm32h7xx_hal_rcc_ex.o(i.HAL_RCCEx_PeriphCLKConfig) for HAL_RCCEx_PeriphCLKConfig
    main.o(i.PeriphCommonClock_Config) refers to main.o(i.Error_Handler) for Error_Handler
    main.o(i.SystemClock_Config) refers to memseta.o(.text) for __aeabi_memclr4
    main.o(i.SystemClock_Config) refers to stm32h7xx_hal_pwr_ex.o(i.HAL_PWREx_ConfigSupply) for HAL_PWREx_ConfigSupply
    main.o(i.SystemClock_Config) refers to stm32h7xx_hal_rcc.o(i.HAL_RCC_OscConfig) for HAL_RCC_OscConfig
    main.o(i.SystemClock_Config) refers to main.o(i.Error_Handler) for Error_Handler
    main.o(i.SystemClock_Config) refers to stm32h7xx_hal_rcc.o(i.HAL_RCC_ClockConfig) for HAL_RCC_ClockConfig
    main.o(i.main) refers to main.o(i.MPU_Config) for MPU_Config
    main.o(i.main) refers to stm32h7xx_hal.o(i.HAL_Init) for HAL_Init
    main.o(i.main) refers to main.o(i.SystemClock_Config) for SystemClock_Config
    main.o(i.main) refers to main.o(i.PeriphCommonClock_Config) for PeriphCommonClock_Config
    main.o(i.main) refers to gpio.o(i.MX_GPIO_Init) for MX_GPIO_Init
    main.o(i.main) refers to dma.o(i.MX_DMA_Init) for MX_DMA_Init
    main.o(i.main) refers to fmc.o(i.MX_FMC_Init) for MX_FMC_Init
[...]
    ADC_IRQHandler                           0x08000ec5   Thumb Code    16  stm32h7xx_it.o(i.ADC_IRQHandler)
    BusFault_Handler                         0x08000edd   Thumb Code     4  stm32h7xx_it.o(i.BusFault_Handler)
    DAC_DMAConvCpltCh1                       0x08000ee1   Thumb Code    18  stm32h7xx_hal_dac.o(i.DAC_DMAConvCpltCh1)
    DAC_DMAConvCpltCh2                       0x08000ef3   Thumb Code    18  stm32h7xx_hal_dac_ex.o(i.DAC_DMAConvCpltCh2)
    DAC_DMAErrorCh1                          0x08000f05   Thumb Code    26  stm32h7xx_hal_dac.o(i.DAC_DMAErrorCh1)
    DAC_DMAErrorCh2                          0x08000f1f   Thumb Code    26  stm32h7xx_hal_dac_ex.o(i.DAC_DMAErrorCh2)
    DAC_DMAHalfConvCpltCh1                   0x08000f39   Thumb Code    14  stm32h7xx_hal_dac.o(i.DAC_DMAHalfConvCpltCh1)
    DAC_DMAHalfConvCpltCh2                   0x08000f47   Thumb Code    14  stm32h7xx_hal_dac_ex.o(i.DAC_DMAHalfConvCpltCh2)
    DDS_FillBuffer                           0x08000f65   Thumb Code    34  dac_dds.o(i.DDS_FillBuffer)
    DDS_Init                                 0x08000ff9   Thumb Code    48  dac_dds.o(i.DDS_Init)
    DDS_SetAmplitudePermille                 0x080010a5   Thumb Code    34  dac_dds.o(i.DDS_SetAmplitudePermille)
    DDS_SetAmplitudeQ15                      0x080010c9   Thumb Code    20  dac_dds.o(i.DDS_SetAmplitudeQ15)
    DDS_SetFrequency                         0x080010e1   Thumb Code    58  dac_dds.o(i.DDS_SetFrequency)
    DDS_SetOffset                            0x08001129   Thumb Code    20  dac_dds.o(i.DDS_SetOffset)
    DDS_SetPhaseDeg                          0x08001141   Thumb Code    62  dac_dds.o(i.DDS_SetPhaseDeg)
    DDS_Start                                0x08001185   Thumb Code    38  dac_dds.o(i.DDS_Start)
    DMA1_Stream0_IRQHandler                  0x080011b9   Thumb Code    10  stm32h7xx_it.o(i.DMA1_Stream0_IRQHandler)
    DMA1_Stream1_IRQHandler                  0x080011c9   Thumb Code    10  stm32h7xx_it.o(i.DMA1_Stream1_IRQHandler)
    DMA1_Stream2_IRQHandler                  0x080011d9   Thumb Code    10  stm32h7xx_it.o(i.DMA1_Stream2_IRQHandler)
    DMA1_Stream3_IRQHandler                  0x080011e9   Thumb Code    10  stm32h7xx_it.o(i.DMA1_Stream3_IRQHandler)
    DMA1_Stream4_IRQHandler                  0x080011f9   Thumb Code    10  stm32h7xx_it.o(i.DMA1_Stream4_IRQHandler)
    DMA1_Stream5_IRQHandler                  0x08001209   Thumb Code    10  stm32h7xx_it.o(i.DMA1_Stream5_IRQHandler)
    DebugMon_Handler                         0x08001785   Thumb Code     2  stm32h7xx_it.o(i.DebugMon_Handler)
    Error_Handler                            0x08001789   Thumb Code    20  main.o(i.Error_Handler)
    ExitRun0Mode                             0x080017a1   Thumb Code    30  system_stm32h7xx.o(i.ExitRun0Mode)
    FFT_proc                                 0x08001869   Thumb Code   308  main.o(i.FFT_proc)
    FMC_SDRAM_Init                           0x08001a21   Thumb Code   108  stm32h7xx_ll_fmc.o(i.FMC_SDRAM_Init)
    FMC_SDRAM_ProgramRefreshRate             0x08001a8d   Thumb Code    20  stm32h7xx_ll_fmc.o(i.FMC_SDRAM_ProgramRefreshRate)
    FMC_SDRAM_SendCommand                    0x08001aa1   Thumb Code    38  stm32h7xx_ll_fmc.o(i.FMC_SDRAM_SendCommand)
    FMC_SDRAM_Timing_Init                    0x08001ac9   Thumb Code   144  stm32h7xx_ll_fmc.o(i.FMC_SDRAM_Timing_Init)
    HAL_ADCEx_Calibration_Start              0x08001b5d   Thumb Code   174  stm32h7xx_hal_adc_ex.o(i.HAL_ADCEx_Calibration_Start)
    HAL_ADCEx_EndOfSamplingCallback          0x08001c15   Thumb Code     2  stm32h7xx_hal_adc_ex.o(i.HAL_ADCEx_EndOfSamplingCallback)
    HAL_ADCEx_InjectedConvCpltCallback       0x08001c17   Thumb Code     2  stm32h7xx_hal_adc_ex.o(i.HAL_ADCEx_InjectedConvCpltCallback)
    HAL_ADCEx_InjectedQueueOverflowCallback  0x08001c19   Thumb Code     2  stm32h7xx_hal_adc_ex.o(i.HAL_ADCEx_InjectedQueueOverflowCallback)
    HAL_ADCEx_LevelOutOfWindow2Callback      0x08001c1b   Thumb Code     2  stm32h7xx_hal_adc_ex.o(i.HAL_ADCEx_LevelOutOfWindow2Callback)
    HAL_ADCEx_LevelOutOfWindow3Callback      0x08001c1d   Thumb Code     2  stm32h7xx_hal_adc_ex.o(i.HAL_ADCEx_LevelOutOfWindow3Callback)
    HAL_ADCEx_MultiModeConfigChannel         0x08001c21   Thumb Code   336  stm32h7xx_hal_adc_ex.o(i.HAL_ADCEx_MultiModeConfigChannel)
    HAL_ADC_ConfigChannel                    0x08001d85   Thumb Code  2056  stm32h7xx_hal_adc.o(i.HAL_ADC_ConfigChannel)
    HAL_ADC_ConvCpltCallback                 0x08002609   Thumb Code    42  main.o(i.HAL_ADC_ConvCpltCallback)
    HAL_ADC_ConvHalfCpltCallback             0x08002645   Thumb Code     2  stm32h7xx_hal_adc.o(i.HAL_ADC_ConvHalfCpltCallback)
    HAL_ADC_ErrorCallback                    0x08002647   Thumb Code     2  stm32h7xx_hal_adc.o(i.HAL_ADC_ErrorCallback)
    HAL_ADC_IRQHandler                       0x08002649   Thumb Code   840  stm32h7xx_hal_adc.o(i.HAL_ADC_IRQHandler)
    HAL_ADC_Init                             0x080029a1   Thumb Code   782  stm32h7xx_hal_adc.o(i.HAL_ADC_Init)
    HAL_ADC_LevelOutOfWindowCallback         0x08002ce1   Thumb Code     2  stm32h7xx_hal_adc.o(i.HAL_ADC_LevelOutOfWindowCallback)
    HAL_ADC_MspInit                          0x08002ce5   Thumb Code   398  adc.o(i.HAL_ADC_MspInit)
    HAL_ADC_Start_DMA                        0x08002e95   Thumb Code   334  stm32h7xx_hal_adc.o(i.HAL_ADC_Start_DMA)
    HAL_DACEx_ConvCpltCallbackCh2            0x08003005   Thumb Code     2  stm32h7xx_hal_dac_ex.o(i.HAL_DACEx_ConvCpltCallbackCh2)
    HAL_DACEx_ConvHalfCpltCallbackCh2        0x08003007   Thumb Code     2  stm32h7xx_hal_dac_ex.o(i.HAL_DACEx_ConvHalfCpltCallbackCh2)
    HAL_DACEx_DMAUnderrunCallbackCh2         0x08003009   Thumb Code     2  stm32h7xx_hal_dac_ex.o(i.HAL_DACEx_DMAUnderrunCallbackCh2)
    HAL_DACEx_ErrorCallbackCh2               0x0800300b   Thumb Code     2  stm32h7xx_hal_dac_ex.o(i.HAL_DACEx_ErrorCallbackCh2)
    HAL_DAC_ConfigChannel                    0x0800300d   Thumb Code   458  stm32h7xx_hal_dac.o(i.HAL_DAC_ConfigChannel)
    HAL_DAC_ConvCpltCallbackCh1              0x080031dd   Thumb Code    26  dac_dds.o(i.HAL_DAC_ConvCpltCallbackCh1)
    HAL_DAC_ConvHalfCpltCallbackCh1          0x08003201   Thumb Code    26  dac_dds.o(i.HAL_DAC_ConvHalfCpltCallbackCh1)
    HAL_DAC_DMAUnderrunCallbackCh1           0x08003225   Thumb Code     2  stm32h7xx_hal_dac.o(i.HAL_DAC_DMAUnderrunCallbackCh1)
    HAL_DAC_ErrorCallbackCh1                 0x08003227   Thumb Code     2  dac_dds.o(i.HAL_DAC_ErrorCallbackCh1)
    HAL_DAC_IRQHandler                       0x08003229   Thumb Code   130  stm32h7xx_hal_dac.o(i.HAL_DAC_IRQHandler)
    HAL_DAC_Init                             0x080032ab   Thumb Code    40  stm32h7xx_hal_dac.o(i.HAL_DAC_Init)
    HAL_DAC_MspInit                          0x080032d5   Thumb Code   252  dac.o(i.HAL_DAC_MspInit)
    HAL_DAC_Start_DMA                        0x080033e9   Thumb Code   286  stm32h7xx_hal_dac.o(i.HAL_DAC_Start_DMA)
    HAL_DMA_Abort                            0x08003521   Thumb Code  1236  stm32h7xx_hal_dma.o(i.HAL_DMA_Abort)
    HAL_DMA_Abort_IT                         0x080039fd   Thumb Code   906  stm32h7xx_hal_dma.o(i.HAL_DMA_Abort_IT)
    HAL_DMA_IRQHandler                       0x08003d95   Thumb Code  2798  stm32h7xx_hal_dma.o(i.HAL_DMA_IRQHandler)
    HAL_DMA_Init                             0x0800488d   Thumb Code  1292  stm32h7xx_hal_dma.o(i.HAL_DMA_Init)
    HAL_DMA_Start_IT                         0x08004da1   Thumb Code   980  stm32h7xx_hal_dma.o(i.HAL_DMA_Start_IT)
    HAL_Delay                                0x08005181   Thumb Code    36  stm32h7xx_hal.o(i.HAL_Delay)
    HAL_GPIO_Init                            0x080052d5   Thumb Code   446  stm32h7xx_hal_gpio.o(i.HAL_GPIO_Init)
    HAL_GPIO_TogglePin                       0x080054c5   Thumb Code    20  stm32h7xx_hal_gpio.o(i.HAL_GPIO_TogglePin)
    HAL_GPIO_WritePin                        0x080054d9   Thumb Code    12  stm32h7xx_hal_gpio.o(i.HAL_GPIO_WritePin)
    HAL_GetTick                              0x080054e5   Thumb Code     6  stm32h7xx_hal.o(i.HAL_GetTick)
    HAL_IncTick                              0x080054f1   Thumb Code    16  stm32h7xx_hal.o(i.HAL_IncTick)
    HAL_Init                                 0x08005509   Thumb Code    80  stm32h7xx_hal.o(i.HAL_Init)
    HAL_InitTick                             0x08005569   Thumb Code    74  stm32h7xx_hal.o(i.HAL_InitTick)
    HAL_MPU_ConfigRegion                     0x080055c1   Thumb Code    86  stm32h7xx_hal_cortex.o(i.HAL_MPU_ConfigRegion)
    HAL_MPU_Disable                          0x0800561d   Thumb Code    38  stm32h7xx_hal_cortex.o(i.HAL_MPU_Disable)
    HAL_MPU_Enable                           0x08005649   Thumb Code    58  stm32h7xx_hal_cortex.o(i.HAL_MPU_Enable)
    HAL_MspInit                              0x08005689   Thumb Code    32  stm32h7xx_hal_msp.o(i.HAL_MspInit)
    HAL_NVIC_EnableIRQ                       0x080056ad   Thumb Code    40  stm32h7xx_hal_cortex.o(i.HAL_NVIC_EnableIRQ)
    HAL_NVIC_SetPriority                     0x080056d5   Thumb Code   122  stm32h7xx_hal_cortex.o(i.HAL_NVIC_SetPriority)
    HAL_NVIC_SetPriorityGrouping             0x08005751   Thumb Code    32  stm32h7xx_hal_cortex.o(i.HAL_NVIC_SetPriorityGrouping)
    HAL_OSPIM_Config                         0x08005779   Thumb Code  1778  stm32h7xx_hal_ospi.o(i.HAL_OSPIM_Config)
    HAL_OSPI_Init                            0x08005e79   Thumb Code   268  stm32h7xx_hal_ospi.o(i.HAL_OSPI_Init)
    HAL_OSPI_MspInit                         0x08005f89   Thumb Code   258  octospi.o(i.HAL_OSPI_MspInit)
    HAL_OSPI_SetTimeout                      0x0800609d   Thumb Code     8  stm32h7xx_hal_ospi.o(i.HAL_OSPI_SetTimeout)
    HAL_PWREx_ConfigSupply                   0x080060a5   Thumb Code    90  stm32h7xx_hal_pwr_ex.o(i.HAL_PWREx_ConfigSupply)
    HAL_RCCEx_GetD3PCLK1Freq                 0x08006105   Thumb Code    26  stm32h7xx_hal_rcc_ex.o(i.HAL_RCCEx_GetD3PCLK1Freq)
    HAL_RCCEx_GetPLL1ClockFreq               0x08006129   Thumb Code   536  stm32h7xx_hal_rcc_ex.o(i.HAL_RCCEx_GetPLL1ClockFreq)
    HAL_RCCEx_GetPLL2ClockFreq               0x08006359   Thumb Code   536  stm32h7xx_hal_rcc_ex.o(i.HAL_RCCEx_GetPLL2ClockFreq)
    HAL_RCCEx_GetPLL3ClockFreq               0x08006589   Thumb Code   536  stm32h7xx_hal_rcc_ex.o(i.HAL_RCCEx_GetPLL3ClockFreq)
    HAL_RCCEx_GetPeriphCLKFreq               0x080067b9   Thumb Code  1942  stm32h7xx_hal_rcc_ex.o(i.HAL_RCCEx_GetPeriphCLKFreq)
    HAL_RCCEx_PeriphCLKConfig                0x08006f65   Thumb Code  3272  stm32h7xx_hal_rcc_ex.o(i.HAL_RCCEx_PeriphCLKConfig)
    HAL_RCC_ClockConfig                      0x08007c2d   Thumb Code   774  stm32h7xx_hal_rcc.o(i.HAL_RCC_ClockConfig)
    HAL_RCC_GetHCLKFreq                      0x08007f4d   Thumb Code    60  stm32h7xx_hal_rcc.o(i.HAL_RCC_GetHCLKFreq)
    HAL_RCC_GetPCLK1Freq                     0x08007f99   Thumb Code    26  stm32h7xx_hal_rcc.o(i.HAL_RCC_GetPCLK1Freq)
    HAL_RCC_GetPCLK2Freq                     0x08007fbd   Thumb Code    26  stm32h7xx_hal_rcc.o(i.HAL_RCC_GetPCLK2Freq)
    HAL_RCC_GetSysClockFreq                  0x08007fe1   Thumb Code   524  stm32h7xx_hal_rcc.o(i.HAL_RCC_GetSysClockFreq)
    HAL_RCC_OscConfig                        0x0800820d   Thumb Code  1874  stm32h7xx_hal_rcc.o(i.HAL_RCC_OscConfig)
    HAL_SDRAM_Init                           0x08008969   Thumb Code    76  stm32h7xx_hal_sdram.o(i.HAL_SDRAM_Init)
    HAL_SDRAM_MspInit                        0x080089b9   Thumb Code    10  fmc.o(i.HAL_SDRAM_MspInit)
    HAL_SDRAM_ProgramRefreshRate             0x080089c3   Thumb Code    54  stm32h7xx_hal_sdram.o(i.HAL_SDRAM_ProgramRefreshRate)
    HAL_SDRAM_SendCommand                    0x080089f9   Thumb Code    78  stm32h7xx_hal_sdram.o(i.HAL_SDRAM_SendCommand)
    HAL_SYSTICK_Config                       0x08008a47   Thumb Code    52  stm32h7xx_hal_cortex.o(i.HAL_SYSTICK_Config)
    HAL_TIMEx_Break2Callback                 0x08008a7b   Thumb Code     2  stm32h7xx_hal_tim_ex.o(i.HAL_TIMEx_Break2Callback)
    HAL_TIMEx_BreakCallback                  0x08008a7d   Thumb Code     2  stm32h7xx_hal_tim_ex.o(i.HAL_TIMEx_BreakCallback)
    HAL_TIMEx_CommutCallback                 0x08008a7f   Thumb Code     2  stm32h7xx_hal_tim_ex.o(i.HAL_TIMEx_CommutCallback)
    HAL_TIMEx_MasterConfigSynchronization    0x08008a81   Thumb Code   190  stm32h7xx_hal_tim_ex.o(i.HAL_TIMEx_MasterConfigSynchronization)
    HAL_TIM_Base_Init                        0x08008b65   Thumb Code   110  stm32h7xx_hal_tim.o(i.HAL_TIM_Base_Init)
    HAL_TIM_Base_MspInit                     0x08008bd5   Thumb Code    94  tim.o(i.HAL_TIM_Base_MspInit)
    HAL_TIM_Base_Start                       0x08008c41   Thumb Code   150  stm32h7xx_hal_tim.o(i.HAL_TIM_Base_Start)
    HAL_TIM_ConfigClockSource                0x08008d01   Thumb Code   304  stm32h7xx_hal_tim.o(i.HAL_TIM_ConfigClockSource)
    HAL_TIM_IC_CaptureCallback               0x08008e35   Thumb Code     2  stm32h7xx_hal_tim.o(i.HAL_TIM_IC_CaptureCallback)
    HAL_TIM_IRQHandler                       0x08008e37   Thumb Code   408  stm32h7xx_hal_tim.o(i.HAL_TIM_IRQHandler)
    HAL_TIM_OC_DelayElapsedCallback          0x08008fcf   Thumb Code     2  stm32h7xx_hal_tim.o(i.HAL_TIM_OC_DelayElapsedCallback)
    HAL_TIM_PWM_PulseFinishedCallback        0x08008fd1   Thumb Code     2  stm32h7xx_hal_tim.o(i.HAL_TIM_PWM_PulseFinishedCallback)
    HAL_TIM_PeriodElapsedCallback            0x08008fd3   Thumb Code     2  stm32h7xx_hal_tim.o(i.HAL_TIM_PeriodElapsedCallback)
    HAL_TIM_TriggerCallback                  0x08008fd5   Thumb Code     2  stm32h7xx_hal_tim.o(i.HAL_TIM_TriggerCallback)
    HAL_UARTEx_DisableFifoMode               0x08008fd7   Thumb Code    78  stm32h7xx_hal_uart_ex.o(i.HAL_UARTEx_DisableFifoMode)
    HAL_UARTEx_ReceiveToIdle_DMA             0x08009025   Thumb Code    98  stm32h7xx_hal_uart_ex.o(i.HAL_UARTEx_ReceiveToIdle_DMA)
    HAL_UARTEx_RxEventCallback               0x08009089   Thumb Code    50  usart_app.o(i.HAL_UARTEx_RxEventCallback)
    HAL_UARTEx_RxFifoFullCallback            0x080090d5   Thumb Code     2  stm32h7xx_hal_uart_ex.o(i.HAL_UARTEx_RxFifoFullCallback)
    HAL_UARTEx_SetRxFifoThreshold            0x080090d7   Thumb Code    94  stm32h7xx_hal_uart_ex.o(i.HAL_UARTEx_SetRxFifoThreshold)
    HAL_UARTEx_SetTxFifoThreshold            0x08009135   Thumb Code    94  stm32h7xx_hal_uart_ex.o(i.HAL_UARTEx_SetTxFifoThreshold)
    HAL_UARTEx_TxFifoEmptyCallback           0x08009193   Thumb Code     2  stm32h7xx_hal_uart_ex.o(i.HAL_UARTEx_TxFifoEmptyCallback)
    HAL_UARTEx_WakeupCallback                0x08009195   Thumb Code     2  stm32h7xx_hal_uart_ex.o(i.HAL_UARTEx_WakeupCallback)
    HAL_UART_ErrorCallback                   0x08009197   Thumb Code     2  stm32h7xx_hal_uart.o(i.HAL_UART_ErrorCallback)
    HAL_UART_IRQHandler                      0x08009199   Thumb Code  1206  stm32h7xx_hal_uart.o(i.HAL_UART_IRQHandler)
    HAL_UART_Init                            0x0800964f   Thumb Code   120  stm32h7xx_hal_uart.o(i.HAL_UART_Init)
    HAL_UART_MspInit                         0x080096c9   Thumb Code   430  usart.o(i.HAL_UART_MspInit)
    HAL_UART_RxCpltCallback                  0x08009899   Thumb Code     2  stm32h7xx_hal_uart.o(i.HAL_UART_RxCpltCallback)
    HAL_UART_RxHalfCpltCallback              0x0800989b   Thumb Code     2  stm32h7xx_hal_uart.o(i.HAL_UART_RxHalfCpltCallback)
    HAL_UART_Transmit                        0x0800989d   Thumb Code   194  stm32h7xx_hal_uart.o(i.HAL_UART_Transmit)
    HAL_UART_TxCpltCallback                  0x0800995f   Thumb Code     2  stm32h7xx_hal_uart.o(i.HAL_UART_TxCpltCallback)
    HardFault_Handler                        0x08009961   Thumb Code    18  stm32h7xx_it.o(i.HardFault_Handler)
    MX_ADC1_Init                             0x08009b2d   Thumb Code   184  adc.o(i.MX_ADC1_Init)
    MX_ADC2_Init                             0x08009bf1   Thumb Code   140  adc.o(i.MX_ADC2_Init)
    MX_DAC1_Init                             0x08009c89   Thumb Code    86  dac.o(i.MX_DAC1_Init)
    MX_DMA_Init                              0x08009ce9   Thumb Code   128  dma.o(i.MX_DMA_Init)
    MX_FMC_Init                              0x08009d6d   Thumb Code   128  fmc.o(i.MX_FMC_Init)
    MX_GPIO_Init                             0x08009df5   Thumb Code   406  gpio.o(i.MX_GPIO_Init)
    MX_OCTOSPI1_Init                         0x08009fa1   Thumb Code   116  octospi.o(i.MX_OCTOSPI1_Init)
    MX_TIM3_Init                             0x0800a01d   Thumb Code   104  tim.o(i.MX_TIM3_Init)
    MX_TIM4_Init                             0x0800a08d   Thumb Code   104  tim.o(i.MX_TIM4_Init)
    MX_USART1_UART_Init                      0x0800a0fd   Thumb Code   330  usart.o(i.MX_USART1_UART_Init)
    MX_USART3_UART_Init                      0x0800a261   Thumb Code   330  usart.o(i.MX_USART3_UART_Init)
    MemManage_Handler                        0x0800a3c5   Thumb Code     4  stm32h7xx_it.o(i.MemManage_Handler)
    NMI_Handler                              0x0800a3c9   Thumb Code     4  stm32h7xx_it.o(i.NMI_Handler)
    PendSV_Handler                           0x0800a501   Thumb Code     2  stm32h7xx_it.o(i.PendSV_Handler)
    PeriphCommonClock_Config                 0x0800a503   Thumb Code    68  main.o(i.PeriphCommonClock_Config)
    SDRAM_Initialization_Sequence            0x0800a811   Thumb Code   146  bsp_sdram.o(i.SDRAM_Initialization_Sequence)
    SRAM_Clock_Enable                        0x0800a8a5   Thumb Code    64  bsp_sdram.o(i.SRAM_Clock_Enable)
    SVC_Handler                              0x0800a8e9   Thumb Code     2  stm32h7xx_it.o(i.SVC_Handler)
    SysTick_Handler                          0x0800a9bd   Thumb Code     8  stm32h7xx_it.o(i.SysTick_Handler)
    SystemClock_Config                       0x0800a9c5   Thumb Code   186  main.o(i.SystemClock_Config)
    SystemInit                               0x0800aa85   Thumb Code   236  system_stm32h7xx.o(i.SystemInit)
    TIM4_IRQHandler                          0x0800ab91   Thumb Code    10  stm32h7xx_it.o(i.TIM4_IRQHandler)
    TIM6_DAC_IRQHandler                      0x0800aba1   Thumb Code    10  stm32h7xx_it.o(i.TIM6_DAC_IRQHandler)
    TIM_Base_SetConfig                       0x0800abb1   Thumb Code   190  stm32h7xx_hal_tim.o(i.TIM_Base_SetConfig)
    TIM_ETR_SetConfig                        0x0800ac99   Thumb Code    22  stm32h7xx_hal_tim.o(i.TIM_ETR_SetConfig)
    UART1_Printf                             0x0800ad19   Thumb Code    54  usart_app.o(i.UART1_Printf)
    UART_AdvFeatureConfig                    0x0800adad   Thumb Code   248  stm32h7xx_hal_uart.o(i.UART_AdvFeatureConfig)
    UART_CheckIdleState                      0x0800aea5   Thumb Code   234  stm32h7xx_hal_uart.o(i.UART_CheckIdleState)
    UART_SetConfig                           0x0800b1b1   Thumb Code  1558  stm32h7xx_hal_uart.o(i.UART_SetConfig)
    UART_Start_Receive_DMA                   0x0800b7d9   Thumb Code   186  stm32h7xx_hal_uart.o(i.UART_Start_Receive_DMA)
    UART_WaitOnFlagUntilTimeout              0x0800b8a1   Thumb Code   172  stm32h7xx_hal_uart.o(i.UART_WaitOnFlagUntilTimeout)
    USART1_IRQHandler                        0x0800b94d   Thumb Code   242  stm32h7xx_it.o(i.USART1_IRQHandler)
    USART3_IRQHandler                        0x0800ba55   Thumb Code   242  stm32h7xx_it.o(i.USART3_IRQHandler)
    UsageFault_Handler                       0x0800bb5d   Thumb Code     4  stm32h7xx_it.o(i.UsageFault_Handler)
    __0vsprintf                              0x0800bb61   Thumb Code    30  printfa.o(i.__0vsprintf)
    __1vsprintf                              0x0800bb61   Thumb Code     0  printfa.o(i.__0vsprintf)
    __2vsprintf                              0x0800bb61   Thumb Code     0  printfa.o(i.__0vsprintf)
    __c89vsprintf                            0x0800bb61   Thumb Code     0  printfa.o(i.__0vsprintf)
    vsprintf                                 0x0800bb61   Thumb Code     0  printfa.o(i.__0vsprintf)
    __ARM_fpclassifyf                        0x0800bb85   Thumb Code    38  fpclassifyf.o(i.__ARM_fpclassifyf)
    __hardfp_atan2f                          0x0800bbe5   Thumb Code   502  atan2f.o(i.__hardfp_atan2f)
    __hardfp_sinf                            0x0800be3d   Thumb Code   344  sinf.o(i.__hardfp_sinf)
    __mathlib_flt_infnan                     0x0800bfd1   Thumb Code     6  funder.o(i.__mathlib_flt_infnan)
    __mathlib_flt_infnan2                    0x0800bfd7   Thumb Code     6  funder.o(i.__mathlib_flt_infnan2)
    __mathlib_flt_invalid                    0x0800bfdd   Thumb Code    10  funder.o(i.__mathlib_flt_invalid)
    __mathlib_flt_underflow                  0x0800bfed   Thumb Code    10  funder.o(i.__mathlib_flt_underflow)
    __mathlib_rredf2                         0x0800bffd   Thumb Code   316  rredf.o(i.__mathlib_rredf2)
    __scatterload_copy                       0x0800c151   Thumb Code    14  handlers.o(i.__scatterload_copy)
    __scatterload_null                       0x0800c15f   Thumb Code     2  handlers.o(i.__scatterload_null)
    __scatterload_zeroinit                   0x0800c161   Thumb Code    14  handlers.o(i.__scatterload_zeroinit)
    __set_errno                              0x0800c171   Thumb Code     6  errno.o(i.__set_errno)
    adc_to_mind                              0x0800ca39   Thumb Code    34  fft_app.o(i.adc_to_mind)
    arm_bitreversal_32                       0x0800ca5b   Thumb Code    72  transformfunctions.o(i.arm_bitreversal_32)
    arm_cfft_f32                             0x0800caa3   Thumb Code   240  transformfunctions.o(i.arm_cfft_f32)
    arm_cfft_init_1024_f32                   0x0800cb95   Thumb Code    34  transformfunctions.o(i.arm_cfft_init_1024_f32)
    arm_cfft_init_128_f32                    0x0800cbbd   Thumb Code    32  transformfunctions.o(i.arm_cfft_init_128_f32)
    arm_cfft_init_16_f32                     0x0800cbe1   Thumb Code    32  transformfunctions.o(i.arm_cfft_init_16_f32)
    arm_cfft_init_2048_f32                   0x0800cc05   Thumb Code    34  transformfunctions.o(i.arm_cfft_init_2048_f32)
    arm_cfft_init_256_f32                    0x0800cc2d   Thumb Code    34  transformfunctions.o(i.arm_cfft_init_256_f32)
    arm_cfft_init_32_f32                     0x0800cc55   Thumb Code    32  transformfunctions.o(i.arm_cfft_init_32_f32)
    arm_cfft_init_4096_f32                   0x0800cc79   Thumb Code    34  transformfunctions.o(i.arm_cfft_init_4096_f32)
    arm_cfft_init_512_f32                    0x0800cca1   Thumb Code    34  transformfunctions.o(i.arm_cfft_init_512_f32)
    arm_cfft_init_64_f32                     0x0800ccc9   Thumb Code    32  transformfunctions.o(i.arm_cfft_init_64_f32)
    arm_cfft_init_f32                        0x0800cced   Thumb Code   160  transformfunctions.o(i.arm_cfft_init_f32)
    arm_cmplx_mag_f32                        0x0800d849   Thumb Code    74  complexmathfunctions.o(i.arm_cmplx_mag_f32)
    arm_cos_f32                              0x0800d899   Thumb Code   150  fastmathfunctions.o(i.arm_cos_f32)
    arm_max_f32                              0x0800d93d   Thumb Code    52  statisticsfunctions.o(i.arm_max_f32)
    arm_radix8_butterfly_f32                 0x0800d971   Thumb Code  2820  transformfunctions.o(i.arm_radix8_butterfly_f32)
    arm_sin_f32                              0x0800e479   Thumb Code   146  fastmathfunctions.o(i.arm_sin_f32)
    dsp_fft_init                             0x0800e519   Thumb Code    20  fft_app.o(i.dsp_fft_init)
    main                                     0x0800e531   Thumb Code   556  main.o(i.main)
    scheduler_Init                           0x0800e791   Thumb Code     8  scheduler.o(i.scheduler_Init)
    uart_proc                                0x0800e79d   Thumb Code   302  usart_app.o(i.uart_proc)
    UARTPrescTable                           0x0800e914   Data          24  stm32h7xx_hal_uart.o(.constdata)
    D1CorePrescTable                         0x0800e93c   Data          16  system_stm32h7xx.o(.constdata)
    armBitRevTable                           0x0800e950   Data        2048  commontables.o(.constdata)
    twiddleCoefF64_16                        0x0800f150   Data         256  commontables.o(.constdata)
    twiddleCoefF64_32                        0x0800f250   Data         512  commontables.o(.constdata)
    twiddleCoefF64_64                        0x0800f450   Data        1024  commontables.o(.constdata)
    twiddleCoefF64_128                       0x0800f850   Data        2048  commontables.o(.constdata)
    twiddleCoefF64_256                       0x08010050   Data        4096  commontables.o(.constdata)
    twiddleCoefF64_512                       0x08011050   Data        8192  commontables.o(.constdata)
    twiddleCoefF64_1024                      0x08013050   Data       16384  commontables.o(.constdata)
    twiddleCoefF64_2048                      0x08017050   Data       32768  commontables.o(.constdata)
    twiddleCoefF64_4096                      0x0801f050   Data       65536  commontables.o(.constdata)
    twiddleCoef_16                           0x0802f050   Data         128  commontables.o(.constdata)
    twiddleCoef_32                           0x0802f0d0   Data         256  commontables.o(.constdata)
    twiddleCoef_64                           0x0802f1d0   Data         512  commontables.o(.constdata)
    twiddleCoef_128                          0x0802f3d0   Data        1024  commontables.o(.constdata)
    twiddleCoef_256                          0x0802f7d0   Data        2048  commontables.o(.constdata)
    twiddleCoef_512                          0x0802ffd0   Data        4096  commontables.o(.constdata)
    twiddleCoef_1024                         0x08030fd0   Data        8192  commontables.o(.constdata)
    twiddleCoef_2048                         0x08032fd0   Data       16384  commontables.o(.constdata)
    twiddleCoef_4096                         0x08036fd0   Data       32768  commontables.o(.constdata)
    twiddleCoef_16_q31                       0x0803efd0   Data          96  commontables.o(.constdata)
    twiddleCoef_32_q31                       0x0803f030   Data         192  commontables.o(.constdata)
    twiddleCoef_64_q31                       0x0803f0f0   Data         384  commontables.o(.constdata)
    twiddleCoef_128_q31                      0x0803f270   Data         768  commontables.o(.constdata)
    twiddleCoef_256_q31                      0x0803f570   Data        1536  commontables.o(.constdata)
    twiddleCoef_512_q31                      0x0803fb70   Data        3072  commontables.o(.constdata)
    twiddleCoef_1024_q31                     0x08040770   Data        6144  commontables.o(.constdata)
    twiddleCoef_2048_q31                     0x08041f70   Data       12288  commontables.o(.constdata)
    twiddleCoef_4096_q31                     0x08044f70   Data       24576  commontables.o(.constdata)
    twiddleCoef_16_q15                       0x0804af70   Data          48  commontables.o(.constdata)
    twiddleCoef_32_q15                       0x0804afa0   Data          96  commontables.o(.constdata)
    twiddleCoef_64_q15                       0x0804b000   Data         192  commontables.o(.constdata)
    twiddleCoef_128_q15                      0x0804b0c0   Data         384  commontables.o(.constdata)
    twiddleCoef_256_q15                      0x0804b240   Data         768  commontables.o(.constdata)
    twiddleCoef_512_q15                      0x0804b540   Data        1536  commontables.o(.constdata)
    twiddleCoef_1024_q15                     0x0804bb40   Data        3072  commontables.o(.constdata)
    twiddleCoef_2048_q15                     0x0804c740   Data        6144  commontables.o(.constdata)
    twiddleCoef_4096_q15                     0x0804df40   Data       12288  commontables.o(.constdata)
    armBitRevIndexTableF64_16                0x08050f40   Data          24  commontables.o(.constdata)
    armBitRevIndexTableF64_32                0x08050f58   Data          48  commontables.o(.constdata)
    armBitRevIndexTableF64_64                0x08050f88   Data         112  commontables.o(.constdata)
    armBitRevIndexTableF64_128               0x08050ff8   Data         224  commontables.o(.constdata)
    armBitRevIndexTableF64_256               0x080510d8   Data         480  commontables.o(.constdata)
    armBitRevIndexTableF64_512               0x080512b8   Data         960  commontables.o(.constdata)
    armBitRevIndexTableF64_1024              0x08051678   Data        1984  commontables.o(.constdata)
    armBitRevIndexTableF64_2048              0x08051e38   Data        3968  commontables.o(.constdata)
    armBitRevIndexTableF64_4096              0x08052db8   Data        8064  commontables.o(.constdata)
    armBitRevIndexTable16                    0x08054d38   Data          40  commontables.o(.constdata)
    armBitRevIndexTable32                    0x08054d60   Data          96  commontables.o(.constdata)
    armBitRevIndexTable64                    0x08054dc0   Data         112  commontables.o(.constdata)
    armBitRevIndexTable128                   0x08054e30   Data         416  commontables.o(.constdata)
    armBitRevIndexTable256                   0x08054fd0   Data         880  commontables.o(.constdata)
    armBitRevIndexTable512                   0x08055340   Data         896  commontables.o(.constdata)
    armBitRevIndexTable1024                  0x080556c0   Data        3600  commontables.o(.constdata)
    armBitRevIndexTable2048                  0x080564d0   Data        7616  commontables.o(.constdata)
    armBitRevIndexTable4096                  0x08058290   Data        8064  commontables.o(.constdata)
    armBitRevIndexTable_fixed_16             0x0805a210   Data          24  commontables.o(.constdata)
    armBitRevIndexTable_fixed_32             0x0805a228   Data          48  commontables.o(.constdata)
    armBitRevIndexTable_fixed_64             0x0805a258   Data         112  commontables.o(.constdata)
    armBitRevIndexTable_fixed_128            0x0805a2c8   Data         224  commontables.o(.constdata)
    armBitRevIndexTable_fixed_256            0x0805a3a8   Data         480  commontables.o(.constdata)
    armBitRevIndexTable_fixed_512            0x0805a588   Data         960  commontables.o(.constdata)
    armBitRevIndexTable_fixed_1024           0x0805a948   Data        1984  commontables.o(.constdata)
    armBitRevIndexTable_fixed_2048           0x0805b108   Data        3968  commontables.o(.constdata)
    armBitRevIndexTable_fixed_4096           0x0805c088   Data        8064  commontables.o(.constdata)
    twiddleCoefF64_rfft_32                   0x0805e008   Data         256  commontables.o(.constdata)
    twiddleCoefF64_rfft_64                   0x0805e108   Data         512  commontables.o(.constdata)
    twiddleCoefF64_rfft_128                  0x0805e308   Data        1024  commontables.o(.constdata)
    twiddleCoefF64_rfft_256                  0x0805e708   Data        2048  commontables.o(.constdata)
    twiddleCoefF64_rfft_512                  0x0805ef08   Data        4096  commontables.o(.constdata)
    twiddleCoefF64_rfft_1024                 0x0805ff08   Data        8192  commontables.o(.constdata)
    twiddleCoefF64_rfft_2048                 0x08061f08   Data       16384  commontables.o(.constdata)
    twiddleCoefF64_rfft_4096                 0x08065f08   Data       32768  commontables.o(.constdata)
    twiddleCoef_rfft_32                      0x0806df08   Data         128  commontables.o(.constdata)
    twiddleCoef_rfft_64                      0x0806df88   Data         256  commontables.o(.constdata)
    twiddleCoef_rfft_128                     0x0806e088   Data         512  commontables.o(.constdata)
    twiddleCoef_rfft_256                     0x0806e288   Data        1024  commontables.o(.constdata)
    twiddleCoef_rfft_512                     0x0806e688   Data        2048  commontables.o(.constdata)
    twiddleCoef_rfft_1024                    0x0806ee88   Data        4096  commontables.o(.constdata)
    twiddleCoef_rfft_2048                    0x0806fe88   Data        8192  commontables.o(.constdata)
    twiddleCoef_rfft_4096                    0x08071e88   Data       16384  commontables.o(.constdata)
    realCoefA                                0x08075e88   Data       32768  commontables.o(.constdata)
    realCoefB                                0x0807de88   Data       32768  commontables.o(.constdata)
    realCoefAQ31                             0x08085e88   Data       32768  commontables.o(.constdata)
    realCoefBQ31                             0x0808de88   Data       32768  commontables.o(.constdata)
    realCoefAQ15                             0x08095e88   Data       16384  commontables.o(.constdata)
    realCoefBQ15                             0x08099e88   Data       16384  commontables.o(.constdata)
    Weights_128                              0x0809de88   Data        1024  commontables.o(.constdata)
    cos_factors_128                          0x0809e288   Data         512  commontables.o(.constdata)
    Weights_512                              0x0809e488   Data        4096  commontables.o(.constdata)
    cos_factors_512                          0x0809f488   Data        2048  commontables.o(.constdata)
    Weights_2048                             0x0809fc88   Data       16384  commontables.o(.constdata)
    cos_factors_2048                         0x080a3c88   Data        8192  commontables.o(.constdata)
    Weights_8192                             0x080a5c88   Data       65536  commontables.o(.constdata)
    cos_factors_8192                         0x080b5c88   Data       32768  commontables.o(.constdata)
    WeightsQ15_128                           0x080bdc88   Data         512  commontables.o(.constdata)
    cos_factorsQ15_128                       0x080bde88   Data         256  commontables.o(.constdata)
    WeightsQ15_512                           0x080bdf88   Data        2048  commontables.o(.constdata)
    cos_factorsQ15_512                       0x080be788   Data        1024  commontables.o(.constdata)
    WeightsQ15_2048                          0x080beb88   Data        8192  commontables.o(.constdata)
    cos_factorsQ15_2048                      0x080c0b88   Data        4096  commontables.o(.constdata)
    WeightsQ15_8192                          0x080c1b88   Data       32768  commontables.o(.constdata)
    cos_factorsQ15_8192                      0x080c9b88   Data       16384  commontables.o(.constdata)
    WeightsQ31_128                           0x080cdb88   Data        1024  commontables.o(.constdata)
    cos_factorsQ31_128                       0x080cdf88   Data         512  commontables.o(.constdata)
    WeightsQ31_512                           0x080ce188   Data        4096  commontables.o(.constdata)
    cos_factorsQ31_512                       0x080cf188   Data        2048  commontables.o(.constdata)
    WeightsQ31_2048                          0x080cf988   Data       16384  commontables.o(.constdata)
    cos_factorsQ31_2048                      0x080d3988   Data        8192  commontables.o(.constdata)
    WeightsQ31_8192                          0x080d5988   Data       65536  commontables.o(.constdata)
    cos_factorsQ31_8192                      0x080e5988   Data       32768  commontables.o(.constdata)
    armRecipTableQ15                         0x080ed988   Data         128  commontables.o(.constdata)
    armRecipTableQ31                         0x080eda08   Data         256  commontables.o(.constdata)
    sinTable_f32                             0x080edb08   Data        2052  commontables.o(.constdata)
    sinTable_q31                             0x080ee30c   Data        2052  commontables.o(.constdata)
    sinTable_q15                             0x080eeb10   Data        1026  commontables.o(.constdata)
    sqrt_initial_lut_q31                     0x080eef14   Data         128  commontables.o(.constdata)
    sqrt_initial_lut_q15                     0x080eef94   Data          32  commontables.o(.constdata)
    arm_cfft_sR_f64_len16                    0x080eefb4   Data          16  commontables.o(.constdata)
    arm_cfft_sR_f64_len32                    0x080eefc4   Data          16  commontables.o(.constdata)
    arm_cfft_sR_f64_len64                    0x080eefd4   Data          16  commontables.o(.constdata)
    arm_cfft_sR_f64_len128                   0x080eefe4   Data          16  commontables.o(.constdata)
    arm_cfft_sR_f64_len256                   0x080eeff4   Data          16  commontables.o(.constdata)
    arm_cfft_sR_f64_len512                   0x080ef004   Data          16  commontables.o(.constdata)
    arm_cfft_sR_f64_len1024                  0x080ef014   Data          16  commontables.o(.constdata)
    arm_cfft_sR_f64_len2048                  0x080ef024   Data          16  commontables.o(.constdata)
    arm_cfft_sR_f64_len4096                  0x080ef034   Data          16  commontables.o(.constdata)
    arm_cfft_sR_f32_len16                    0x080ef044   Data          16  commontables.o(.constdata)
    arm_cfft_sR_f32_len32                    0x080ef054   Data          16  commontables.o(.constdata)
    arm_cfft_sR_f32_len64                    0x080ef064   Data          16  commontables.o(.constdata)
    arm_cfft_sR_f32_len128                   0x080ef074   Data          16  commontables.o(.constdata)
    arm_cfft_sR_f32_len256                   0x080ef084   Data          16  commontables.o(.constdata)
    arm_cfft_sR_f32_len512                   0x080ef094   Data          16  commontables.o(.constdata)
    arm_cfft_sR_f32_len1024                  0x080ef0a4   Data          16  commontables.o(.constdata)
    arm_cfft_sR_f32_len2048                  0x080ef0b4   Data          16  commontables.o(.constdata)
    arm_cfft_sR_f32_len4096                  0x080ef0c4   Data          16  commontables.o(.constdata)
    arm_cfft_sR_q31_len16                    0x080ef0d4   Data          16  commontables.o(.constdata)
    arm_cfft_sR_q31_len32                    0x080ef0e4   Data          16  commontables.o(.constdata)
    arm_cfft_sR_q31_len64                    0x080ef0f4   Data          16  commontables.o(.constdata)
    arm_cfft_sR_q31_len128                   0x080ef104   Data          16  commontables.o(.constdata)
    arm_cfft_sR_q31_len256                   0x080ef114   Data          16  commontables.o(.constdata)
    arm_cfft_sR_q31_len512                   0x080ef124   Data          16  commontables.o(.constdata)
    arm_cfft_sR_q31_len1024                  0x080ef134   Data          16  commontables.o(.constdata)
    arm_cfft_sR_q31_len2048                  0x080ef144   Data          16  commontables.o(.constdata)
    arm_cfft_sR_q31_len4096                  0x080ef154   Data          16  commontables.o(.constdata)
    arm_cfft_sR_q15_len16                    0x080ef164   Data          16  commontables.o(.constdata)
    arm_cfft_sR_q15_len32                    0x080ef174   Data          16  commontables.o(.constdata)
    arm_cfft_sR_q15_len64                    0x080ef184   Data          16  commontables.o(.constdata)
    arm_cfft_sR_q15_len128                   0x080ef194   Data          16  commontables.o(.constdata)
    arm_cfft_sR_q15_len256                   0x080ef1a4   Data          16  commontables.o(.constdata)
    arm_cfft_sR_q15_len512                   0x080ef1b4   Data          16  commontables.o(.constdata)
    arm_cfft_sR_q15_len1024                  0x080ef1c4   Data          16  commontables.o(.constdata)
    arm_cfft_sR_q15_len2048                  0x080ef1d4   Data          16  commontables.o(.constdata)
    arm_cfft_sR_q15_len4096                  0x080ef1e4   Data          16  commontables.o(.constdata)
    arm_rfft_fast_sR_f64_len32               0x080ef1f4   Data          24  commontables.o(.constdata)
    arm_rfft_fast_sR_f64_len64               0x080ef20c   Data          24  commontables.o(.constdata)
    arm_rfft_fast_sR_f64_len128              0x080ef224   Data          24  commontables.o(.constdata)
    arm_rfft_fast_sR_f64_len256              0x080ef23c   Data          24  commontables.o(.constdata)
    arm_rfft_fast_sR_f64_len512              0x080ef254   Data          24  commontables.o(.constdata)
    arm_rfft_fast_sR_f64_len1024             0x080ef26c   Data          24  commontables.o(.constdata)
    arm_rfft_fast_sR_f64_len2048             0x080ef284   Data          24  commontables.o(.constdata)
    arm_rfft_fast_sR_f64_len4096             0x080ef29c   Data          24  commontables.o(.constdata)
    arm_rfft_fast_sR_f32_len32               0x080ef2b4   Data          24  commontables.o(.constdata)
    arm_rfft_fast_sR_f32_len64               0x080ef2cc   Data          24  commontables.o(.constdata)
    arm_rfft_fast_sR_f32_len128              0x080ef2e4   Data          24  commontables.o(.constdata)
    arm_rfft_fast_sR_f32_len256              0x080ef2fc   Data          24  commontables.o(.constdata)
    arm_rfft_fast_sR_f32_len512              0x080ef314   Data          24  commontables.o(.constdata)
    arm_rfft_fast_sR_f32_len1024             0x080ef32c   Data          24  commontables.o(.constdata)
    arm_rfft_fast_sR_f32_len2048             0x080ef344   Data          24  commontables.o(.constdata)
    arm_rfft_fast_sR_f32_len4096             0x080ef35c   Data          24  commontables.o(.constdata)
    arm_rfft_sR_q31_len32                    0x080ef374   Data          24  commontables.o(.constdata)
    arm_rfft_sR_q31_len64                    0x080ef38c   Data          24  commontables.o(.constdata)
    arm_rfft_sR_q31_len128                   0x080ef3a4   Data          24  commontables.o(.constdata)
    arm_rfft_sR_q31_len256                   0x080ef3bc   Data          24  commontables.o(.constdata)
    arm_rfft_sR_q31_len512                   0x080ef3d4   Data          24  commontables.o(.constdata)
    arm_rfft_sR_q31_len1024                  0x080ef3ec   Data          24  commontables.o(.constdata)
    arm_rfft_sR_q31_len2048                  0x080ef404   Data          24  commontables.o(.constdata)
    arm_rfft_sR_q31_len4096                  0x080ef41c   Data          24  commontables.o(.constdata)
    arm_rfft_sR_q31_len8192                  0x080ef434   Data          24  commontables.o(.constdata)
    arm_rfft_sR_q15_len32                    0x080ef44c   Data          24  commontables.o(.constdata)
    arm_rfft_sR_q15_len64                    0x080ef464   Data          24  commontables.o(.constdata)
    arm_rfft_sR_q15_len128                   0x080ef47c   Data          24  commontables.o(.constdata)
    arm_rfft_sR_q15_len256                   0x080ef494   Data          24  commontables.o(.constdata)
    arm_rfft_sR_q15_len512                   0x080ef4ac   Data          24  commontables.o(.constdata)
    arm_rfft_sR_q15_len1024                  0x080ef4c4   Data          24  commontables.o(.constdata)
    arm_rfft_sR_q15_len2048                  0x080ef4dc   Data          24  commontables.o(.constdata)
    arm_rfft_sR_q15_len4096                  0x080ef4f4   Data          24  commontables.o(.constdata)
    arm_rfft_sR_q15_len8192                  0x080ef50c   Data          24  commontables.o(.constdata)
    Region$$Table$$Base                      0x080ef544   Number         0  anon$$obj.o(Region$$Table)
    Region$$Table$$Limit                     0x080ef584   Number         0  anon$$obj.o(Region$$Table)
    fft_buffer                               0x20000000   Data       32768  fft_app.o(.DTCM_DATA)
    mag_buffer                               0x20008000   Data       16384  fft_app.o(.DTCM_DATA)
    dac_last_freq                            0x2000c000   Data           4  main.o(.data)
    dac_last_phase                           0x2000c004   Data           4  main.o(.data)
    dac_last_amp                             0x2000c008   Data           4  main.o(.data)
    uwTick                                   0x2000c018   Data           4  stm32h7xx_hal.o(.data)
    uwTickPrio                               0x2000c01c   Data           4  stm32h7xx_hal.o(.data)
    uwTickFreq                               0x2000c020   Data           1  stm32h7xx_hal.o(.data)
    SystemCoreClock                          0x2000c024   Data           4  system_stm32h7xx.o(.data)
    SystemD2Clock                            0x2000c028   Data           4  system_stm32h7xx.o(.data)
    uart_flag                                0x2000c02c   Data           1  usart_app.o(.data)
    uart_rx_len                              0x2000c02d   Data           1  usart_app.o(.data)
    uart3_flag                               0x2000c02e   Data           1  usart_app.o(.data)
    uart3_rx_len                             0x2000c02f   Data           1  usart_app.o(.data)
    task_num                                 0x2000c030   Data           1  scheduler.o(.data)
    scheduler_task                           0x2000c034   Data          12  scheduler.o(.data)
    hadc1                                    0x2000c054   Data         112  adc.o(.bss)
    hadc2                                    0x2000c0c4   Data         112  adc.o(.bss)
    hdma_adc1                                0x2000c134   Data         120  adc.o(.bss)
    hdma_adc2                                0x2000c1ac   Data         120  adc.o(.bss)
    hdac1                                    0x2000c224   Data          20  dac.o(.bss)
    hdma_dac1_ch1                            0x2000c238   Data         120  dac.o(.bss)
    hdma_dac1_ch2                            0x2000c2b0   Data         120  dac.o(.bss)
    hsdram1                                  0x2000c328   Data          52  fmc.o(.bss)
    hospi1                                   0x2000c35c   Data          92  octospi.o(.bss)
    htim3                                    0x2000c3b8   Data          76  tim.o(.bss)
    htim4                                    0x2000c404   Data          76  tim.o(.bss)
    huart1                                   0x2000c450   Data         148  usart.o(.bss)
    huart3                                   0x2000c4e4   Data         148  usart.o(.bss)
    hdma_usart1_rx                           0x2000c578   Data         120  usart.o(.bss)
    hdma_usart3_rx                           0x2000c5f0   Data         120  usart.o(.bss)
    fft_inst                                 0x2000c668   Data          16  fft_app.o(.bss)
    time_buffer                              0x2000c678   Data       16384  fft_app.o(.bss)
    __initial_sp                             0x20014e78   Data           0  startup_stm32h723xx.o(STACK)
    adc_1_buffer                             0x24000000   Data        8192  main.o(.RAM_D1)
    adc_2_buffer                             0x24002000   Data        8192  main.o(.RAM_D1)
    uart_rx_dma_buffer                       0x24004000   Data         128  usart.o(.RAM_D1)
    uart_rx_temp_buffer                      0x24004080   Data         128  usart.o(.RAM_D1)
    uart3_rx_dma_buffer                      0x24004100   Data         128  usart.o(.RAM_D1)
    uart3_rx_temp_buffer                     0x24004180   Data         128  usart.o(.RAM_D1)
    dds_dac_buf                              0x24004200   Data        2048  dac_dds.o(.RAM_D1)
    adc1_flag                                0x38000000   Data           1  main.o(.RAM_D3)
    adc2_flag                                0x38000001   Data           1  main.o(.RAM_D3)
    re1                                      0x38000004   Data           4  main.o(.RAM_D3)
    im1                                      0x38000008   Data           4  main.o(.RAM_D3)
    re2                                      0x3800000c   Data           4  main.o(.RAM_D3)
    im2                                      0x38000010   Data           4  main.o(.RAM_D3)
    phase_1                                  0x38000014   Data           4  main.o(.RAM_D3)
    phase_2                                  0x38000018   Data           4  main.o(.RAM_D3)
    freq_1                                   0x3800001c   Data           4  main.o(.RAM_D3)
    freq_2                                   0x38000020   Data           4  main.o(.RAM_D3)
    phase_diff                               0x38000024   Data           4  main.o(.RAM_D3)
    phase_diff_deg                           0x38000028   Data           4  main.o(.RAM_D3)
    dac_freq                                 0x3800002c   Data           4  main.o(.RAM_D3)
    dac_phase                                0x38000030   Data           4  main.o(.RAM_D3)
    dac_amp                                  0x38000034   Data           4  main.o(.RAM_D3)



==============================================================================

Memory Map of the image

  Image Entry point : 0x080002cd

  Load Region LR_IROM1 (Base: 0x08000000, Size: 0x00100010, Max: 0x00100000, ABSOLUTE, COMPRESSED[0x000ef7ec])

    Execution Region ER_IROM1 (Exec base: 0x08000000, Load base: 0x08000000, Size: 0x000ef584, Max: 0x00100000, ABSOLUTE)

    Exec Addr    Load Addr    Size         Type   Attr      Idx    E Section Name        Object

    0x08000000   0x08000000   0x000002cc   Data   RO            3    RESET               startup_stm32h723xx.o
    0x080002cc   0x080002cc   0x00000000   Code   RO        13833  * .ARM.Collect$$$$00000000  mc_w.l(entry.o)
    0x080002cc   0x080002cc   0x00000004   Code   RO        13938    .ARM.Collect$$$$00000001  mc_w.l(entry2.o)
    0x080002d0   0x080002d0   0x00000004   Code   RO        13941    .ARM.Collect$$$$00000004  mc_w.l(entry5.o)
    0x080002d4   0x080002d4   0x00000000   Code   RO        13943    .ARM.Collect$$$$00000008  mc_w.l(entry7b.o)
    0x080002d4   0x080002d4   0x00000000   Code   RO        13945    .ARM.Collect$$$$0000000A  mc_w.l(entry8b.o)
    0x080002d4   0x080002d4   0x00000008   Code   RO        13946    .ARM.Collect$$$$0000000B  mc_w.l(entry9a.o)
    0x080002dc   0x080002dc   0x00000000   Code   RO        13948    .ARM.Collect$$$$0000000D  mc_w.l(entry10a.o)
    0x080002dc   0x080002dc   0x00000000   Code   RO        13950    .ARM.Collect$$$$0000000F  mc_w.l(entry11a.o)
    0x080002dc   0x080002dc   0x00000004   Code   RO        13939    .ARM.Collect$$$$00002712  mc_w.l(entry2.o)
    0x080002e0   0x080002e0   0x00000260   Code   RO         6902    .ITCM_CODE          fft_app.o
    0x08000540   0x08000540   0x0000002c   Code   RO            4    .text               startup_stm32h723xx.o
    0x0800056c   0x0800056c   0x00000062   Code   RO        13836    .text               mc_w.l(uldiv.o)
    0x080005ce   0x080005ce   0x0000001e   Code   RO        13840    .text               mc_w.l(llshl.o)
    0x080005ec   0x080005ec   0x00000024   Code   RO        13842    .text               mc_w.l(llsshr.o)
    0x08000610   0x08000610   0x00000024   Code   RO        13844    .text               mc_w.l(memcpya.o)
    0x08000634   0x08000634   0x00000024   Code   RO        13846    .text               mc_w.l(memseta.o)
    0x08000658   0x08000658   0x0000000e   Code   RO        13848    .text               mc_w.l(strlen.o)
    0x08000666   0x08000666   0x0000001c   Code   RO        13850    .text               mc_w.l(strcmp.o)
    0x08000682   0x08000682   0x0000002c   Code   RO        13955    .text               mc_w.l(uidiv.o)
    0x080006ae   0x080006ae   0x00000020   Code   RO        13957    .text               mc_w.l(llushr.o)
    0x080006ce   0x080006ce   0x00000000   Code   RO        13966    .text               mc_w.l(iusefp.o)
    0x080006ce   0x080006ce   0x0000014e   Code   RO        13967    .text               mf_w.l(dadd.o)
    0x0800081c   0x0800081c   0x000000e4   Code   RO        13969    .text               mf_w.l(dmul.o)
    0x08000900   0x08000900   0x000000de   Code   RO        13971    .text               mf_w.l(ddiv.o)
    0x080009de   0x080009de   0x00000030   Code   RO        13973    .text               mf_w.l(dfixul.o)
    0x08000a0e   0x08000a0e   0x00000002   PAD
    0x08000a10   0x08000a10   0x00000030   Code   RO        13975    .text               mf_w.l(cdrcmple.o)
    0x08000a40   0x08000a40   0x00000024   Code   RO        13985    .text               mc_w.l(init.o)
    0x08000a64   0x08000a64   0x000000ba   Code   RO        13989    .text               mf_w.l(depilogue.o)
    0x08000b1e   0x08000b1e   0x00000056   Code   RO        13999    .text               mc_w.l(__dczerorl2.o)
    0x08000b74   0x08000b74   0x00000130   Code   RO          871    i.ADC_ConfigureBoostMode  stm32h7xx_hal_adc.o
    0x08000ca4   0x08000ca4   0x00000092   Code   RO          873    i.ADC_DMAConvCplt   stm32h7xx_hal_adc.o
    0x08000d36   0x08000d36   0x0000001e   Code   RO          874    i.ADC_DMAError      stm32h7xx_hal_adc.o
    0x08000d54   0x08000d54   0x0000000e   Code   RO          875    i.ADC_DMAHalfConvCplt  stm32h7xx_hal_adc.o
    0x08000d62   0x08000d62   0x00000002   PAD
    0x08000d64   0x08000d64   0x00000094   Code   RO          876    i.ADC_Disable       stm32h7xx_hal_adc.o
    0x08000df8   0x08000df8   0x000000cc   Code   RO          877    i.ADC_Enable        stm32h7xx_hal_adc.o
    0x08000ec4   0x08000ec4   0x00000018   Code   RO          705    i.ADC_IRQHandler    stm32h7xx_it.o
    0x08000edc   0x08000edc   0x00000004   Code   RO          706    i.BusFault_Handler  stm32h7xx_it.o
    0x08000ee0   0x08000ee0   0x00000012   Code   RO         3926    i.DAC_DMAConvCpltCh1  stm32h7xx_hal_dac.o
    0x08000ef2   0x08000ef2   0x00000012   Code   RO         4070    i.DAC_DMAConvCpltCh2  stm32h7xx_hal_dac_ex.o
    0x08000f04   0x08000f04   0x0000001a   Code   RO         3927    i.DAC_DMAErrorCh1   stm32h7xx_hal_dac.o
    0x08000f1e   0x08000f1e   0x0000001a   Code   RO         4071    i.DAC_DMAErrorCh2   stm32h7xx_hal_dac_ex.o
    0x08000f38   0x08000f38   0x0000000e   Code   RO         3928    i.DAC_DMAHalfConvCpltCh1  stm32h7xx_hal_dac.o
    0x08000f46   0x08000f46   0x0000000e   Code   RO         4072    i.DAC_DMAHalfConvCpltCh2  stm32h7xx_hal_dac_ex.o
    0x08000f54   0x08000f54   0x00000010   Code   RO         7080    i.DDS_CleanBuffer   dac_dds.o
    0x08000f64   0x08000f64   0x00000022   Code   RO         7081    i.DDS_FillBuffer    dac_dds.o
    0x08000f86   0x08000f86   0x00000002   PAD
    0x08000f88   0x08000f88   0x00000070   Code   RO         7082    i.DDS_GenerateOneSample  dac_dds.o
    0x08000ff8   0x08000ff8   0x00000048   Code   RO         7083    i.DDS_Init          dac_dds.o
    0x08001040   0x08001040   0x00000064   Code   RO         7084    i.DDS_InitSineLUT   dac_dds.o
    0x080010a4   0x080010a4   0x00000022   Code   RO         7086    i.DDS_SetAmplitudePermille  dac_dds.o
    0x080010c6   0x080010c6   0x00000002   PAD
    0x080010c8   0x080010c8   0x00000018   Code   RO         7087    i.DDS_SetAmplitudeQ15  dac_dds.o
    0x080010e0   0x080010e0   0x00000048   Code   RO         7088    i.DDS_SetFrequency  dac_dds.o
    0x08001128   0x08001128   0x00000018   Code   RO         7089    i.DDS_SetOffset     dac_dds.o
    0x08001140   0x08001140   0x00000044   Code   RO         7090    i.DDS_SetPhaseDeg   dac_dds.o
    0x08001184   0x08001184   0x00000034   Code   RO         7091    i.DDS_Start         dac_dds.o
    0x080011b8   0x080011b8   0x00000010   Code   RO          707    i.DMA1_Stream0_IRQHandler  stm32h7xx_it.o
    0x080011c8   0x080011c8   0x00000010   Code   RO          708    i.DMA1_Stream1_IRQHandler  stm32h7xx_it.o
    0x080011d8   0x080011d8   0x00000010   Code   RO          709    i.DMA1_Stream2_IRQHandler  stm32h7xx_it.o
    0x080011e8   0x080011e8   0x00000010   Code   RO          710    i.DMA1_Stream3_IRQHandler  stm32h7xx_it.o
    0x080011f8   0x080011f8   0x00000010   Code   RO          711    i.DMA1_Stream4_IRQHandler  stm32h7xx_it.o
    0x08001208   0x08001208   0x00000010   Code   RO          712    i.DMA1_Stream5_IRQHandler  stm32h7xx_it.o
    0x08001218   0x08001218   0x000000ec   Code   RO         2127    i.DMA_CalcBaseAndBitshift  stm32h7xx_hal_dma.o
    0x08001304   0x08001304   0x000000c4   Code   RO         2128    i.DMA_CalcDMAMUXChannelBaseAndMask  stm32h7xx_hal_dma.o
    0x080013c8   0x080013c8   0x00000098   Code   RO         2129    i.DMA_CalcDMAMUXRequestGenBaseAndMask  stm32h7xx_hal_dma.o
    0x08001460   0x08001460   0x000000ae   Code   RO         2130    i.DMA_CheckFifoParam  stm32h7xx_hal_dma.o
    0x0800150e   0x0800150e   0x00000002   PAD
    0x08001510   0x08001510   0x00000274   Code   RO         2131    i.DMA_SetConfig     stm32h7xx_hal_dma.o
    0x08001784   0x08001784   0x00000002   Code   RO          713    i.DebugMon_Handler  stm32h7xx_it.o
    0x08001786   0x08001786   0x00000002   PAD
    0x08001788   0x08001788   0x00000018   Code   RO           13    i.Error_Handler     main.o
    0x080017a0   0x080017a0   0x00000024   Code   RO         6418    i.ExitRun0Mode      system_stm32h7xx.o
    0x080017c4   0x080017c4   0x000000a4   Code   RO         6903    i.FFT_Parabolic_Interpolate  fft_app.o
    0x08001868   0x08001868   0x000001b8   Code   RO           14    i.FFT_proc          main.o
    0x08001a20   0x08001a20   0x0000006c   Code   RO         4211    i.FMC_SDRAM_Init    stm32h7xx_ll_fmc.o
    0x08001a8c   0x08001a8c   0x00000014   Code   RO         4212    i.FMC_SDRAM_ProgramRefreshRate  stm32h7xx_ll_fmc.o
    0x08001aa0   0x08001aa0   0x00000026   Code   RO         4213    i.FMC_SDRAM_SendCommand  stm32h7xx_ll_fmc.o
    0x08001ac6   0x08001ac6   0x00000002   PAD
    0x08001ac8   0x08001ac8   0x00000094   Code   RO         4215    i.FMC_SDRAM_Timing_Init  stm32h7xx_ll_fmc.o
    0x08001b5c   0x08001b5c   0x000000b8   Code   RO         1143    i.HAL_ADCEx_Calibration_Start  stm32h7xx_hal_adc_ex.o
    0x08001c14   0x08001c14   0x00000002   Code   RO         1147    i.HAL_ADCEx_EndOfSamplingCallback  stm32h7xx_hal_adc_ex.o
    0x08001c16   0x08001c16   0x00000002   Code   RO         1150    i.HAL_ADCEx_InjectedConvCpltCallback  stm32h7xx_hal_adc_ex.o
    0x08001c18   0x08001c18   0x00000002   Code   RO         1153    i.HAL_ADCEx_InjectedQueueOverflowCallback  stm32h7xx_hal_adc_ex.o
    0x08001c1a   0x08001c1a   0x00000002   Code   RO         1158    i.HAL_ADCEx_LevelOutOfWindow2Callback  stm32h7xx_hal_adc_ex.o
    0x08001c1c   0x08001c1c   0x00000002   Code   RO         1159    i.HAL_ADCEx_LevelOutOfWindow3Callback  stm32h7xx_hal_adc_ex.o
    0x08001c1e   0x08001c1e   0x00000002   PAD
    0x08001c20   0x08001c20   0x00000164   Code   RO         1163    i.HAL_ADCEx_MultiModeConfigChannel  stm32h7xx_hal_adc_ex.o
    0x08001d84   0x08001d84   0x00000884   Code   RO          879    i.HAL_ADC_ConfigChannel  stm32h7xx_hal_adc.o
    0x08002608   0x08002608   0x0000003c   Code   RO           15    i.HAL_ADC_ConvCpltCallback  main.o
    0x08002644   0x08002644   0x00000002   Code   RO          881    i.HAL_ADC_ConvHalfCpltCallback  stm32h7xx_hal_adc.o
    0x08002646   0x08002646   0x00000002   Code   RO          883    i.HAL_ADC_ErrorCallback  stm32h7xx_hal_adc.o
    0x08002648   0x08002648   0x00000358   Code   RO          887    i.HAL_ADC_IRQHandler  stm32h7xx_hal_adc.o
    0x080029a0   0x080029a0   0x00000340   Code   RO          888    i.HAL_ADC_Init      stm32h7xx_hal_adc.o
    0x08002ce0   0x08002ce0   0x00000002   Code   RO          889    i.HAL_ADC_LevelOutOfWindowCallback  stm32h7xx_hal_adc.o
    0x08002ce2   0x08002ce2   0x00000002   PAD
    0x08002ce4   0x08002ce4   0x000001b0   Code   RO          399    i.HAL_ADC_MspInit   adc.o
    0x08002e94   0x08002e94   0x00000170   Code   RO          895    i.HAL_ADC_Start_DMA  stm32h7xx_hal_adc.o
    0x08003004   0x08003004   0x00000002   Code   RO         4073    i.HAL_DACEx_ConvCpltCallbackCh2  stm32h7xx_hal_dac_ex.o
    0x08003006   0x08003006   0x00000002   Code   RO         4074    i.HAL_DACEx_ConvHalfCpltCallbackCh2  stm32h7xx_hal_dac_ex.o
    0x08003008   0x08003008   0x00000002   Code   RO         4075    i.HAL_DACEx_DMAUnderrunCallbackCh2  stm32h7xx_hal_dac_ex.o
    0x0800300a   0x0800300a   0x00000002   Code   RO         4082    i.HAL_DACEx_ErrorCallbackCh2  stm32h7xx_hal_dac_ex.o
    0x0800300c   0x0800300c   0x000001d0   Code   RO         3929    i.HAL_DAC_ConfigChannel  stm32h7xx_hal_dac.o
    0x080031dc   0x080031dc   0x00000024   Code   RO         7093    i.HAL_DAC_ConvCpltCallbackCh1  dac_dds.o
    0x08003200   0x08003200   0x00000024   Code   RO         7094    i.HAL_DAC_ConvHalfCpltCallbackCh1  dac_dds.o
    0x08003224   0x08003224   0x00000002   Code   RO         3932    i.HAL_DAC_DMAUnderrunCallbackCh1  stm32h7xx_hal_dac.o
    0x08003226   0x08003226   0x00000002   Code   RO         7095    i.HAL_DAC_ErrorCallbackCh1  dac_dds.o
    0x08003228   0x08003228   0x00000082   Code   RO         3938    i.HAL_DAC_IRQHandler  stm32h7xx_hal_dac.o
    0x080032aa   0x080032aa   0x00000028   Code   RO         3939    i.HAL_DAC_Init      stm32h7xx_hal_dac.o
    0x080032d2   0x080032d2   0x00000002   PAD
    0x080032d4   0x080032d4   0x00000114   Code   RO          448    i.HAL_DAC_MspInit   dac.o
    0x080033e8   0x080033e8   0x00000138   Code   RO         3944    i.HAL_DAC_Start_DMA  stm32h7xx_hal_dac.o
    0x08003520   0x08003520   0x000004dc   Code   RO         2132    i.HAL_DMA_Abort     stm32h7xx_hal_dma.o
    0x080039fc   0x080039fc   0x00000398   Code   RO         2133    i.HAL_DMA_Abort_IT  stm32h7xx_hal_dma.o
    0x08003d94   0x08003d94   0x00000af8   Code   RO         2137    i.HAL_DMA_IRQHandler  stm32h7xx_hal_dma.o
    0x0800488c   0x0800488c   0x00000514   Code   RO         2138    i.HAL_DMA_Init      stm32h7xx_hal_dma.o
    0x08004da0   0x08004da0   0x000003e0   Code   RO         2142    i.HAL_DMA_Start_IT  stm32h7xx_hal_dma.o
    0x08005180   0x08005180   0x00000028   Code   RO         2987    i.HAL_Delay         stm32h7xx_hal.o
    0x080051a8   0x080051a8   0x0000012c   Code   RO          514    i.HAL_FMC_MspInit   fmc.o
    0x080052d4   0x080052d4   0x000001f0   Code   RO         1980    i.HAL_GPIO_Init     stm32h7xx_hal_gpio.o
    0x080054c4   0x080054c4   0x00000014   Code   RO         1983    i.HAL_GPIO_TogglePin  stm32h7xx_hal_gpio.o
    0x080054d8   0x080054d8   0x0000000c   Code   RO         1984    i.HAL_GPIO_WritePin  stm32h7xx_hal_gpio.o
    0x080054e4   0x080054e4   0x0000000c   Code   RO         3003    i.HAL_GetTick       stm32h7xx_hal.o
    0x080054f0   0x080054f0   0x00000018   Code   RO         3009    i.HAL_IncTick       stm32h7xx_hal.o
    0x08005508   0x08005508   0x00000060   Code   RO         3010    i.HAL_Init          stm32h7xx_hal.o
    0x08005568   0x08005568   0x00000058   Code   RO         3011    i.HAL_InitTick      stm32h7xx_hal.o
    0x080055c0   0x080055c0   0x0000005c   Code   RO         2823    i.HAL_MPU_ConfigRegion  stm32h7xx_hal_cortex.o
    0x0800561c   0x0800561c   0x0000002c   Code   RO         2824    i.HAL_MPU_Disable   stm32h7xx_hal_cortex.o
    0x08005648   0x08005648   0x00000040   Code   RO         2826    i.HAL_MPU_Enable    stm32h7xx_hal_cortex.o
    0x08005688   0x08005688   0x00000024   Code   RO          847    i.HAL_MspInit       stm32h7xx_hal_msp.o
    0x080056ac   0x080056ac   0x00000028   Code   RO         2830    i.HAL_NVIC_EnableIRQ  stm32h7xx_hal_cortex.o
    0x080056d4   0x080056d4   0x0000007a   Code   RO         2836    i.HAL_NVIC_SetPriority  stm32h7xx_hal_cortex.o
    0x0800574e   0x0800574e   0x00000002   PAD
    0x08005750   0x08005750   0x00000028   Code   RO         2837    i.HAL_NVIC_SetPriorityGrouping  stm32h7xx_hal_cortex.o
    0x08005778   0x08005778   0x00000700   Code   RO         4571    i.HAL_OSPIM_Config  stm32h7xx_hal_ospi.o
    0x08005e78   0x08005e78   0x00000110   Code   RO         4589    i.HAL_OSPI_Init     stm32h7xx_hal_ospi.o
    0x08005f88   0x08005f88   0x00000114   Code   RO          567    i.HAL_OSPI_MspInit  octospi.o
    0x0800609c   0x0800609c   0x00000008   Code   RO         4599    i.HAL_OSPI_SetTimeout  stm32h7xx_hal_ospi.o
    0x080060a4   0x080060a4   0x00000060   Code   RO         2581    i.HAL_PWREx_ConfigSupply  stm32h7xx_hal_pwr_ex.o
    0x08006104   0x08006104   0x00000024   Code   RO         1523    i.HAL_RCCEx_GetD3PCLK1Freq  stm32h7xx_hal_rcc_ex.o
    0x08006128   0x08006128   0x00000230   Code   RO         1524    i.HAL_RCCEx_GetPLL1ClockFreq  stm32h7xx_hal_rcc_ex.o
    0x08006358   0x08006358   0x00000230   Code   RO         1525    i.HAL_RCCEx_GetPLL2ClockFreq  stm32h7xx_hal_rcc_ex.o
    0x08006588   0x08006588   0x00000230   Code   RO         1526    i.HAL_RCCEx_GetPLL3ClockFreq  stm32h7xx_hal_rcc_ex.o
    0x080067b8   0x080067b8   0x000007ac   Code   RO         1528    i.HAL_RCCEx_GetPeriphCLKFreq  stm32h7xx_hal_rcc_ex.o
    0x08006f64   0x08006f64   0x00000cc8   Code   RO         1532    i.HAL_RCCEx_PeriphCLKConfig  stm32h7xx_hal_rcc_ex.o
    0x08007c2c   0x08007c2c   0x00000320   Code   RO         1408    i.HAL_RCC_ClockConfig  stm32h7xx_hal_rcc.o
    0x08007f4c   0x08007f4c   0x0000004c   Code   RO         1413    i.HAL_RCC_GetHCLKFreq  stm32h7xx_hal_rcc.o
    0x08007f98   0x08007f98   0x00000024   Code   RO         1415    i.HAL_RCC_GetPCLK1Freq  stm32h7xx_hal_rcc.o
    0x08007fbc   0x08007fbc   0x00000024   Code   RO         1416    i.HAL_RCC_GetPCLK2Freq  stm32h7xx_hal_rcc.o
    0x08007fe0   0x08007fe0   0x0000022c   Code   RO         1417    i.HAL_RCC_GetSysClockFreq  stm32h7xx_hal_rcc.o
    0x0800820c   0x0800820c   0x0000075c   Code   RO         1420    i.HAL_RCC_OscConfig  stm32h7xx_hal_rcc.o
    0x08008968   0x08008968   0x00000050   Code   RO         4406    i.HAL_SDRAM_Init    stm32h7xx_hal_sdram.o
    0x080089b8   0x080089b8   0x0000000a   Code   RO          516    i.HAL_SDRAM_MspInit  fmc.o
    0x080089c2   0x080089c2   0x00000036   Code   RO         4409    i.HAL_SDRAM_ProgramRefreshRate  stm32h7xx_hal_sdram.o
    0x080089f8   0x080089f8   0x0000004e   Code   RO         4415    i.HAL_SDRAM_SendCommand  stm32h7xx_hal_sdram.o
    0x08008a46   0x08008a46   0x00000034   Code   RO         2841    i.HAL_SYSTICK_Config  stm32h7xx_hal_cortex.o
    0x08008a7a   0x08008a7a   0x00000002   Code   RO         5567    i.HAL_TIMEx_Break2Callback  stm32h7xx_hal_tim_ex.o
    0x08008a7c   0x08008a7c   0x00000002   Code   RO         5568    i.HAL_TIMEx_BreakCallback  stm32h7xx_hal_tim_ex.o
    0x08008a7e   0x08008a7e   0x00000002   Code   RO         5569    i.HAL_TIMEx_CommutCallback  stm32h7xx_hal_tim_ex.o
    0x08008a80   0x08008a80   0x000000e4   Code   RO         5590    i.HAL_TIMEx_MasterConfigSynchronization  stm32h7xx_hal_tim_ex.o
    0x08008b64   0x08008b64   0x0000006e   Code   RO         4842    i.HAL_TIM_Base_Init  stm32h7xx_hal_tim.o
    0x08008bd2   0x08008bd2   0x00000002   PAD
    0x08008bd4   0x08008bd4   0x0000006c   Code   RO          609    i.HAL_TIM_Base_MspInit  tim.o
    0x08008c40   0x08008c40   0x000000c0   Code   RO         4845    i.HAL_TIM_Base_Start  stm32h7xx_hal_tim.o
    0x08008d00   0x08008d00   0x00000134   Code   RO         4851    i.HAL_TIM_ConfigClockSource  stm32h7xx_hal_tim.o
    0x08008e34   0x08008e34   0x00000002   Code   RO         4876    i.HAL_TIM_IC_CaptureCallback  stm32h7xx_hal_tim.o
    0x08008e36   0x08008e36   0x00000198   Code   RO         4890    i.HAL_TIM_IRQHandler  stm32h7xx_hal_tim.o
    0x08008fce   0x08008fce   0x00000002   Code   RO         4893    i.HAL_TIM_OC_DelayElapsedCallback  stm32h7xx_hal_tim.o
    0x08008fd0   0x08008fd0   0x00000002   Code   RO         4920    i.HAL_TIM_PWM_PulseFinishedCallback  stm32h7xx_hal_tim.o
    0x08008fd2   0x08008fd2   0x00000002   Code   RO         4928    i.HAL_TIM_PeriodElapsedCallback  stm32h7xx_hal_tim.o
    0x08008fd4   0x08008fd4   0x00000002   Code   RO         4933    i.HAL_TIM_TriggerCallback  stm32h7xx_hal_tim.o
    0x08008fd6   0x08008fd6   0x0000004e   Code   RO         6295    i.HAL_UARTEx_DisableFifoMode  stm32h7xx_hal_uart_ex.o
    0x08009024   0x08009024   0x00000062   Code   RO         6301    i.HAL_UARTEx_ReceiveToIdle_DMA  stm32h7xx_hal_uart_ex.o
    0x08009086   0x08009086   0x00000002   PAD
    0x08009088   0x08009088   0x0000004c   Code   RO         6739    i.HAL_UARTEx_RxEventCallback  usart_app.o
    0x080090d4   0x080090d4   0x00000002   Code   RO         6303    i.HAL_UARTEx_RxFifoFullCallback  stm32h7xx_hal_uart_ex.o
    0x080090d6   0x080090d6   0x0000005e   Code   RO         6304    i.HAL_UARTEx_SetRxFifoThreshold  stm32h7xx_hal_uart_ex.o
    0x08009134   0x08009134   0x0000005e   Code   RO         6305    i.HAL_UARTEx_SetTxFifoThreshold  stm32h7xx_hal_uart_ex.o
    0x08009192   0x08009192   0x00000002   Code   RO         6307    i.HAL_UARTEx_TxFifoEmptyCallback  stm32h7xx_hal_uart_ex.o
    0x08009194   0x08009194   0x00000002   Code   RO         6308    i.HAL_UARTEx_WakeupCallback  stm32h7xx_hal_uart_ex.o
    0x08009196   0x08009196   0x00000002   Code   RO         5895    i.HAL_UART_ErrorCallback  stm32h7xx_hal_uart.o
    0x08009198   0x08009198   0x000004b6   Code   RO         5898    i.HAL_UART_IRQHandler  stm32h7xx_hal_uart.o
    0x0800964e   0x0800964e   0x00000078   Code   RO         5899    i.HAL_UART_Init     stm32h7xx_hal_uart.o
    0x080096c6   0x080096c6   0x00000002   PAD
    0x080096c8   0x080096c8   0x000001d0   Code   RO          657    i.HAL_UART_MspInit  usart.o
    0x08009898   0x08009898   0x00000002   Code   RO         5906    i.HAL_UART_RxCpltCallback  stm32h7xx_hal_uart.o
    0x0800989a   0x0800989a   0x00000002   Code   RO         5907    i.HAL_UART_RxHalfCpltCallback  stm32h7xx_hal_uart.o
    0x0800989c   0x0800989c   0x000000c2   Code   RO         5908    i.HAL_UART_Transmit  stm32h7xx_hal_uart.o
    0x0800995e   0x0800995e   0x00000002   Code   RO         5911    i.HAL_UART_TxCpltCallback  stm32h7xx_hal_uart.o
    0x08009960   0x08009960   0x00000018   Code   RO          714    i.HardFault_Handler  stm32h7xx_it.o
    0x08009978   0x08009978   0x00000010   Code   RO          901    i.LL_ADC_Enable     stm32h7xx_hal_adc.o
    0x08009988   0x08009988   0x0000000a   Code   RO          902    i.LL_ADC_GetMultiDMATransfer  stm32h7xx_hal_adc.o
    0x08009992   0x08009992   0x0000000a   Code   RO          903    i.LL_ADC_GetMultimode  stm32h7xx_hal_adc.o
    0x0800999c   0x0800999c   0x00000012   Code   RO          904    i.LL_ADC_GetOffsetChannel  stm32h7xx_hal_adc.o
    0x080099ae   0x080099ae   0x0000000a   Code   RO          905    i.LL_ADC_INJ_IsConversionOngoing  stm32h7xx_hal_adc.o
    0x080099b8   0x080099b8   0x0000000a   Code   RO          906    i.LL_ADC_IsDisableOngoing  stm32h7xx_hal_adc.o
    0x080099c2   0x080099c2   0x0000000a   Code   RO          907    i.LL_ADC_IsEnabled  stm32h7xx_hal_adc.o
    0x080099cc   0x080099cc   0x0000000a   Code   RO         1176    i.LL_ADC_IsEnabled  stm32h7xx_hal_adc_ex.o
    0x080099d6   0x080099d6   0x0000000a   Code   RO          908    i.LL_ADC_IsInternalRegulatorEnabled  stm32h7xx_hal_adc.o
    0x080099e0   0x080099e0   0x0000000a   Code   RO          909    i.LL_ADC_REG_IsConversionOngoing  stm32h7xx_hal_adc.o
    0x080099ea   0x080099ea   0x0000000a   Code   RO         1177    i.LL_ADC_REG_IsConversionOngoing  stm32h7xx_hal_adc_ex.o
    0x080099f4   0x080099f4   0x00000012   Code   RO          910    i.LL_ADC_REG_IsTriggerSourceSWStart  stm32h7xx_hal_adc.o
    0x08009a06   0x08009a06   0x00000002   PAD
    0x08009a08   0x08009a08   0x00000010   Code   RO          911    i.LL_ADC_REG_StartConversion  stm32h7xx_hal_adc.o
    0x08009a18   0x08009a18   0x0000000c   Code   RO          913    i.LL_ADC_SetCommonPathInternalCh  stm32h7xx_hal_adc.o
    0x08009a24   0x08009a24   0x00000030   Code   RO          914    i.LL_ADC_SetOffsetState  stm32h7xx_hal_adc.o
    0x08009a54   0x08009a54   0x000000d6   Code   RO           16    i.MPU_Config        main.o
    0x08009b2a   0x08009b2a   0x00000002   PAD
    0x08009b2c   0x08009b2c   0x000000c4   Code   RO          400    i.MX_ADC1_Init      adc.o
    0x08009bf0   0x08009bf0   0x00000098   Code   RO          401    i.MX_ADC2_Init      adc.o
    0x08009c88   0x08009c88   0x00000060   Code   RO          449    i.MX_DAC1_Init      dac.o
    0x08009ce8   0x08009ce8   0x00000084   Code   RO          489    i.MX_DMA_Init       dma.o
    0x08009d6c   0x08009d6c   0x00000088   Code   RO          517    i.MX_FMC_Init       fmc.o
    0x08009df4   0x08009df4   0x000001ac   Code   RO          370    i.MX_GPIO_Init      gpio.o
    0x08009fa0   0x08009fa0   0x0000007c   Code   RO          568    i.MX_OCTOSPI1_Init  octospi.o
    0x0800a01c   0x0800a01c   0x00000070   Code   RO          610    i.MX_TIM3_Init      tim.o
    0x0800a08c   0x0800a08c   0x00000070   Code   RO          611    i.MX_TIM4_Init      tim.o
    0x0800a0fc   0x0800a0fc   0x00000164   Code   RO          658    i.MX_USART1_UART_Init  usart.o
    0x0800a260   0x0800a260   0x00000164   Code   RO          659    i.MX_USART3_UART_Init  usart.o
    0x0800a3c4   0x0800a3c4   0x00000004   Code   RO          715    i.MemManage_Handler  stm32h7xx_it.o
    0x0800a3c8   0x0800a3c8   0x00000004   Code   RO          716    i.NMI_Handler       stm32h7xx_it.o
    0x0800a3cc   0x0800a3cc   0x000000e8   Code   RO         4607    i.OSPIM_GetConfig   stm32h7xx_hal_ospi.o
    0x0800a4b4   0x0800a4b4   0x0000004c   Code   RO         4613    i.OSPI_WaitFlagStateUntilTimeout  stm32h7xx_hal_ospi.o
    0x0800a500   0x0800a500   0x00000002   Code   RO          717    i.PendSV_Handler    stm32h7xx_it.o
    0x0800a502   0x0800a502   0x00000044   Code   RO           17    i.PeriphCommonClock_Config  main.o
    0x0800a546   0x0800a546   0x00000002   PAD
    0x0800a548   0x0800a548   0x00000164   Code   RO         1535    i.RCCEx_PLL2_Config  stm32h7xx_hal_rcc_ex.o
    0x0800a6ac   0x0800a6ac   0x00000164   Code   RO         1536    i.RCCEx_PLL3_Config  stm32h7xx_hal_rcc_ex.o
    0x0800a810   0x0800a810   0x00000092   Code   RO         6505    i.SDRAM_Initialization_Sequence  bsp_sdram.o
    0x0800a8a2   0x0800a8a2   0x00000002   PAD
    0x0800a8a4   0x0800a8a4   0x00000044   Code   RO         6506    i.SRAM_Clock_Enable  bsp_sdram.o
    0x0800a8e8   0x0800a8e8   0x00000002   Code   RO          718    i.SVC_Handler       stm32h7xx_it.o
    0x0800a8ea   0x0800a8ea   0x00000002   PAD
    0x0800a8ec   0x0800a8ec   0x000000d0   Code   RO         6906    i.Single_Point_DFT_Real_Fast  fft_app.o
    0x0800a9bc   0x0800a9bc   0x00000008   Code   RO          719    i.SysTick_Handler   stm32h7xx_it.o
    0x0800a9c4   0x0800a9c4   0x000000c0   Code   RO           18    i.SystemClock_Config  main.o
    0x0800aa84   0x0800aa84   0x0000010c   Code   RO         6420    i.SystemInit        system_stm32h7xx.o
    0x0800ab90   0x0800ab90   0x00000010   Code   RO          720    i.TIM4_IRQHandler   stm32h7xx_it.o
    0x0800aba0   0x0800aba0   0x00000010   Code   RO          721    i.TIM6_DAC_IRQHandler  stm32h7xx_it.o
    0x0800abb0   0x0800abb0   0x000000e8   Code   RO         4935    i.TIM_Base_SetConfig  stm32h7xx_hal_tim.o
    0x0800ac98   0x0800ac98   0x00000016   Code   RO         4946    i.TIM_ETR_SetConfig  stm32h7xx_hal_tim.o
    0x0800acae   0x0800acae   0x00000002   PAD
    0x0800acb0   0x0800acb0   0x00000018   Code   RO         4947    i.TIM_ITRx_SetConfig  stm32h7xx_hal_tim.o
    0x0800acc8   0x0800acc8   0x00000026   Code   RO         4955    i.TIM_TI1_ConfigInputStage  stm32h7xx_hal_tim.o
    0x0800acee   0x0800acee   0x00000028   Code   RO         4957    i.TIM_TI2_ConfigInputStage  stm32h7xx_hal_tim.o
    0x0800ad16   0x0800ad16   0x00000002   PAD
    0x0800ad18   0x0800ad18   0x0000003c   Code   RO         6740    i.UART1_Printf      usart_app.o
    0x0800ad54   0x0800ad54   0x00000058   Code   RO         6309    i.UARTEx_SetNbDataToProcess  stm32h7xx_hal_uart_ex.o
    0x0800adac   0x0800adac   0x000000f8   Code   RO         5913    i.UART_AdvFeatureConfig  stm32h7xx_hal_uart.o
    0x0800aea4   0x0800aea4   0x000000ea   Code   RO         5914    i.UART_CheckIdleState  stm32h7xx_hal_uart.o
    0x0800af8e   0x0800af8e   0x00000014   Code   RO         5915    i.UART_DMAAbortOnError  stm32h7xx_hal_uart.o
    0x0800afa2   0x0800afa2   0x0000005e   Code   RO         5916    i.UART_DMAError     stm32h7xx_hal_uart.o
    0x0800b000   0x0800b000   0x000000ae   Code   RO         5917    i.UART_DMAReceiveCplt  stm32h7xx_hal_uart.o
    0x0800b0ae   0x0800b0ae   0x00000026   Code   RO         5919    i.UART_DMARxHalfCplt  stm32h7xx_hal_uart.o
    0x0800b0d4   0x0800b0d4   0x0000006c   Code   RO         5925    i.UART_EndRxTransfer  stm32h7xx_hal_uart.o
    0x0800b140   0x0800b140   0x00000030   Code   RO         5926    i.UART_EndTransmit_IT  stm32h7xx_hal_uart.o
    0x0800b170   0x0800b170   0x00000040   Code   RO         5927    i.UART_EndTxTransfer  stm32h7xx_hal_uart.o
    0x0800b1b0   0x0800b1b0   0x00000628   Code   RO         5932    i.UART_SetConfig    stm32h7xx_hal_uart.o
    0x0800b7d8   0x0800b7d8   0x000000c8   Code   RO         5933    i.UART_Start_Receive_DMA  stm32h7xx_hal_uart.o
    0x0800b8a0   0x0800b8a0   0x000000ac   Code   RO         5939    i.UART_WaitOnFlagUntilTimeout  stm32h7xx_hal_uart.o
    0x0800b94c   0x0800b94c   0x00000108   Code   RO          722    i.USART1_IRQHandler  stm32h7xx_it.o
    0x0800ba54   0x0800ba54   0x00000108   Code   RO          723    i.USART3_IRQHandler  stm32h7xx_it.o
    0x0800bb5c   0x0800bb5c   0x00000004   Code   RO          724    i.UsageFault_Handler  stm32h7xx_it.o
    0x0800bb60   0x0800bb60   0x00000024   Code   RO        13861    i.__0vsprintf       mc_w.l(printfa.o)
    0x0800bb84   0x0800bb84   0x00000026   Code   RO        13905    i.__ARM_fpclassifyf  m_wv.l(fpclassifyf.o)
    0x0800bbaa   0x0800bbaa   0x00000002   PAD
    0x0800bbac   0x0800bbac   0x00000010   Code   RO         2843    i.__NVIC_GetPriorityGrouping  stm32h7xx_hal_cortex.o
    0x0800bbbc   0x0800bbbc   0x00000028   Code   RO         2844    i.__NVIC_SetPriority  stm32h7xx_hal_cortex.o
    0x0800bbe4   0x0800bbe4   0x00000258   Code   RO        13679    i.__hardfp_atan2f   m_wv.l(atan2f.o)
    0x0800be3c   0x0800be3c   0x00000194   Code   RO        13785    i.__hardfp_sinf     m_wv.l(sinf.o)
    0x0800bfd0   0x0800bfd0   0x00000006   Code   RO        13908    i.__mathlib_flt_infnan  m_wv.l(funder.o)
    0x0800bfd6   0x0800bfd6   0x00000006   Code   RO        13909    i.__mathlib_flt_infnan2  m_wv.l(funder.o)
    0x0800bfdc   0x0800bfdc   0x00000010   Code   RO        13910    i.__mathlib_flt_invalid  m_wv.l(funder.o)
    0x0800bfec   0x0800bfec   0x00000010   Code   RO        13913    i.__mathlib_flt_underflow  m_wv.l(funder.o)
    0x0800bffc   0x0800bffc   0x00000154   Code   RO        13929    i.__mathlib_rredf2  m_wv.l(rredf.o)
    0x0800c150   0x0800c150   0x0000000e   Code   RO        13993    i.__scatterload_copy  mc_w.l(handlers.o)
    0x0800c15e   0x0800c15e   0x00000002   Code   RO        13994    i.__scatterload_null  mc_w.l(handlers.o)
    0x0800c160   0x0800c160   0x0000000e   Code   RO        13995    i.__scatterload_zeroinit  mc_w.l(handlers.o)
    0x0800c16e   0x0800c16e   0x00000002   PAD
    0x0800c170   0x0800c170   0x0000000c   Code   RO        13961    i.__set_errno       mc_w.l(errno.o)
    0x0800c17c   0x0800c17c   0x00000184   Code   RO        13862    i._fp_digits        mc_w.l(printfa.o)
    0x0800c300   0x0800c300   0x000006dc   Code   RO        13863    i._printf_core      mc_w.l(printfa.o)
    0x0800c9dc   0x0800c9dc   0x00000024   Code   RO        13864    i._printf_post_padding  mc_w.l(printfa.o)
    0x0800ca00   0x0800ca00   0x0000002e   Code   RO        13865    i._printf_pre_padding  mc_w.l(printfa.o)
    0x0800ca2e   0x0800ca2e   0x0000000a   Code   RO        13867    i._sputc            mc_w.l(printfa.o)
    0x0800ca38   0x0800ca38   0x00000022   Code   RO         6907    i.adc_to_mind       fft_app.o
    0x0800ca5a   0x0800ca5a   0x00000048   Code   RO        12051    i.arm_bitreversal_32  transformfunctions.o
    0x0800caa2   0x0800caa2   0x000000f0   Code   RO        12056    i.arm_cfft_f32      transformfunctions.o
    0x0800cb92   0x0800cb92   0x00000002   PAD
    0x0800cb94   0x0800cb94   0x00000028   Code   RO        12058    i.arm_cfft_init_1024_f32  transformfunctions.o
    0x0800cbbc   0x0800cbbc   0x00000024   Code   RO        12062    i.arm_cfft_init_128_f32  transformfunctions.o
    0x0800cbe0   0x0800cbe0   0x00000024   Code   RO        12066    i.arm_cfft_init_16_f32  transformfunctions.o
    0x0800cc04   0x0800cc04   0x00000028   Code   RO        12070    i.arm_cfft_init_2048_f32  transformfunctions.o
    0x0800cc2c   0x0800cc2c   0x00000028   Code   RO        12074    i.arm_cfft_init_256_f32  transformfunctions.o
    0x0800cc54   0x0800cc54   0x00000024   Code   RO        12078    i.arm_cfft_init_32_f32  transformfunctions.o
    0x0800cc78   0x0800cc78   0x00000028   Code   RO        12082    i.arm_cfft_init_4096_f32  transformfunctions.o
    0x0800cca0   0x0800cca0   0x00000028   Code   RO        12086    i.arm_cfft_init_512_f32  transformfunctions.o
    0x0800ccc8   0x0800ccc8   0x00000024   Code   RO        12090    i.arm_cfft_init_64_f32  transformfunctions.o
    0x0800ccec   0x0800ccec   0x000000a0   Code   RO        12094    i.arm_cfft_init_f32  transformfunctions.o
    0x0800cd8c   0x0800cd8c   0x0000030a   Code   RO        12117    i.arm_cfft_radix8by2_f32  transformfunctions.o
    0x0800d096   0x0800d096   0x000007b2   Code   RO        12118    i.arm_cfft_radix8by4_f32  transformfunctions.o
    0x0800d848   0x0800d848   0x00000050   Code   RO         7941    i.arm_cmplx_mag_f32  complexmathfunctions.o
    0x0800d898   0x0800d898   0x000000a4   Code   RO         8630    i.arm_cos_f32       fastmathfunctions.o
    0x0800d93c   0x0800d93c   0x00000034   Code   RO        10837    i.arm_max_f32       statisticsfunctions.o
    0x0800d970   0x0800d970   0x00000b08   Code   RO        12168    i.arm_radix8_butterfly_f32  transformfunctions.o
    0x0800e478   0x0800e478   0x000000a0   Code   RO         8637    i.arm_sin_f32       fastmathfunctions.o
    0x0800e518   0x0800e518   0x00000018   Code   RO         6908    i.dsp_fft_init      fft_app.o
    0x0800e530   0x0800e530   0x00000260   Code   RO           19    i.main              main.o
    0x0800e790   0x0800e790   0x0000000c   Code   RO         6791    i.scheduler_Init    scheduler.o
    0x0800e79c   0x0800e79c   0x00000170   Code   RO         6742    i.uart_proc         usart_app.o
    0x0800e90c   0x0800e90c   0x00000008   Data   RO         2144    .constdata          stm32h7xx_hal_dma.o
    0x0800e914   0x0800e914   0x00000018   Data   RO         5940    .constdata          stm32h7xx_hal_uart.o
    0x0800e92c   0x0800e92c   0x00000010   Data   RO         6311    .constdata          stm32h7xx_hal_uart_ex.o
    0x0800e93c   0x0800e93c   0x00000010   Data   RO         6421    .constdata          system_stm32h7xx.o
    0x0800e94c   0x0800e94c   0x00000004   PAD
    0x0800e950   0x0800e950   0x000e0bd4   Data   RO         7872    .constdata          commontables.o
    0x080ef524   0x080ef524   0x00000020   Data   RO        13930    .constdata          m_wv.l(rredf.o)
    0x080ef544   0x080ef544   0x00000040   Data   RO        13991    Region$$Table       anon$$obj.o


    Execution Region RW_IRAM1 (Exec base: 0x20000000, Load base: 0x080ef584, Size: 0x00014e78, Max: 0x00020000, ABSOLUTE, COMPRESSED[0x00000198])

    Exec Addr    Load Addr    Size         Type   Attr      Idx    E Section Name        Object

    0x20000000   COMPRESSED   0x0000c000   Data   RW         6909    .DTCM_DATA          fft_app.o
    0x2000c000   COMPRESSED   0x0000000c   Data   RW           22    .data               main.o
    0x2000c00c   COMPRESSED   0x00000004   Data   RW          403    .data               adc.o
    0x2000c010   COMPRESSED   0x00000008   Data   RW          519    .data               fmc.o
    0x2000c018   COMPRESSED   0x00000009   Data   RW         3034    .data               stm32h7xx_hal.o
    0x2000c021   COMPRESSED   0x00000003   PAD
    0x2000c024   COMPRESSED   0x00000008   Data   RW         6422    .data               system_stm32h7xx.o
    0x2000c02c   COMPRESSED   0x00000004   Data   RW         6743    .data               usart_app.o
    0x2000c030   COMPRESSED   0x00000010   Data   RW         6793    .data               scheduler.o
    0x2000c040   COMPRESSED   0x00000010   Data   RW         7098    .data               dac_dds.o
    0x2000c050   COMPRESSED   0x00000004   Data   RW        13962    .data               mc_w.l(errno.o)
    0x2000c054        -       0x000001d0   Zero   RW          402    .bss                adc.o
    0x2000c224        -       0x00000104   Zero   RW          450    .bss                dac.o
    0x2000c328        -       0x00000034   Zero   RW          518    .bss                fmc.o
    0x2000c35c        -       0x0000005c   Zero   RW          569    .bss                octospi.o
    0x2000c3b8        -       0x00000098   Zero   RW          612    .bss                tim.o
    0x2000c450        -       0x00000218   Zero   RW          661    .bss                usart.o
    0x2000c668        -       0x00004010   Zero   RW         6910    .bss                fft_app.o
    0x20010678        -       0x00000800   Zero   RW         7097    .bss                dac_dds.o
    0x20010e78        -       0x00004000   Zero   RW            1    STACK               startup_stm32h723xx.o


    Execution Region RW_IRAM2 (Exec base: 0x24000000, Load base: 0x080ef71c, Size: 0x00004a00, Max: 0x00050000, ABSOLUTE, COMPRESSED[0x00000098])

    Exec Addr    Load Addr    Size         Type   Attr      Idx    E Section Name        Object

    0x24000000   COMPRESSED   0x00004000   Data   RW           20    .RAM_D1             main.o
    0x24004000   COMPRESSED   0x00000200   Data   RW          660    .RAM_D1             usart.o
    0x24004200   COMPRESSED   0x00000800   Data   RW         7096    .RAM_D1             dac_dds.o


    Execution Region RW_IRAM3 (Exec base: 0x30000000, Load base: 0x080ef7b4, Size: 0x00000000, Max: 0x00010000, ABSOLUTE)

    **** No section assigned to this execution region ****


    Execution Region RW_IRAM4 (Exec base: 0x38000000, Load base: 0x080ef7b4, Size: 0x00000038, Max: 0x00010000, ABSOLUTE)

    Exec Addr    Load Addr    Size         Type   Attr      Idx    E Section Name        Object

    0x38000000   0x080ef7b4   0x00000038   Data   RW           21    .RAM_D3             main.o


    Execution Region RW_IRAM5 (Exec base: 0xc0000000, Load base: 0x080ef7ec, Size: 0x00000000, Max: 0x02000000, ABSOLUTE, UNINIT)

    **** No section assigned to this execution region ****


==============================================================================

Image component sizes


      Code (inc. data)   RO Data    RW Data    ZI Data      Debug   Object Name

       780         58          0          4        464       2982   adc.o
       214          4          0          0          0       2372   bsp_sdram.o
         0          0     920532          0          0      13425   commontables.o
        80          6          0          0          0       2056   complexmathfunctions.o
       372         34          0          0        260       2065   dac.o
       682        128          0       2064       2048       8571   dac_dds.o
       132          4          0          0          0        926   dma.o
       324         28          0          0          0       1580   fastmathfunctions.o
      1038         68          0      49152      16400      42158   fft_app.o
       446         40          0          8         52       2584   fmc.o
       428         22          0          0          0       1323   gpio.o
      1606        212          0      16452          0    1320701   main.o
       400         26          0          0         92       2119   octospi.o
        12          4          0         16          0       1143   scheduler.o
        44         12        716          0      16384        840   startup_stm32h723xx.o
        52          0          0          0          0       1214   statisticsfunctions.o
       260         48          0          9          0      23737   stm32h7xx_hal.o
      5286        326          0          0          0      87813   stm32h7xx_hal_adc.o
       570         30          0          0          0      71790   stm32h7xx_hal_adc_ex.o
       510         40          0          0          0      42325   stm32h7xx_hal_cortex.o
      1006         32          0          0          0       6881   stm32h7xx_hal_dac.o
        66          0          0          0          0       4856   stm32h7xx_hal_dac_ex.o
      8650        164          8          0          0      13450   stm32h7xx_hal_dma.o
       528         50          0          0          0       2889   stm32h7xx_hal_gpio.o
        36          4          0          0          0        938   stm32h7xx_hal_msp.o
      2380         38          0          0          0       5805   stm32h7xx_hal_ospi.o
        96          6          0          0          0        777   stm32h7xx_hal_pwr_ex.o
      3388        110          0          0          0       6956   stm32h7xx_hal_rcc.o
      7664        184          0          0          0      10699   stm32h7xx_hal_rcc_ex.o
       212          4          0          0          0       2936   stm32h7xx_hal_sdram.o
      1384        102          0          0          0      10596   stm32h7xx_hal_tim.o
       234         38          0          0          0       3312   stm32h7xx_hal_tim_ex.o
      4504        166         24          0          0      36052   stm32h7xx_hal_uart.o
       458         10         16          0          0       6497   stm32h7xx_hal_uart_ex.o
       734        106          0          0          0       9959   stm32h7xx_it.o
       314          4          0          0          0       4336   stm32h7xx_ll_fmc.o
       304         38         16          8          0       1901   system_stm32h7xx.o
       332         30          0          0        152       2523   tim.o
      6388         54          0          0          0      17047   transformfunctions.o
      1176         86          0        512        536       3265   usart.o
       504         98          0          4          0      38695   usart_app.o

    ----------------------------------------------------------------------
     53636       2414     921380      68232      36388    1822094   Object Totals
         0          0         64          0          0          0   (incl. Generated)
        42          0          4          3          0          0   (incl. Padding)

    ----------------------------------------------------------------------

      Code (inc. data)   RO Data    RW Data    ZI Data      Debug   Library Member Name

       600         98          0          0          0        184   atan2f.o
        38          0          0          0          0        116   fpclassifyf.o
        44         12          0          0          0        464   funder.o
       340         24         32          0          0        160   rredf.o
       404         60          0          0          0        212   sinf.o
        86          0          0          0          0          0   __dczerorl2.o
         0          0          0          0          0          0   entry.o
         0          0          0          0          0          0   entry10a.o
         0          0          0          0          0          0   entry11a.o
         8          4          0          0          0          0   entry2.o
         4          0          0          0          0          0   entry5.o
         0          0          0          0          0          0   entry7b.o
         0          0          0          0          0          0   entry8b.o
         8          4          0          0          0          0   entry9a.o
        12          6          0          4          0         68   errno.o
        30          0          0          0          0          0   handlers.o
        36          8          0          0          0         68   init.o
         0          0          0          0          0          0   iusefp.o
        30          0          0          0          0         68   llshl.o
        36          0          0          0          0         68   llsshr.o
        32          0          0          0          0         68   llushr.o
        36          0          0          0          0         68   memcpya.o
        36          0          0          0          0        108   memseta.o
      2272         86          0          0          0        516   printfa.o
        28          0          0          0          0         76   strcmp.o
        14          0          0          0          0         68   strlen.o
        44          0          0          0          0         80   uidiv.o
        98          0          0          0          0         92   uldiv.o
        48          0          0          0          0         68   cdrcmple.o
       334          0          0          0          0        148   dadd.o
       222          0          0          0          0        100   ddiv.o
       186          0          0          0          0        176   depilogue.o
        48          0          0          0          0         68   dfixul.o
       228          0          0          0          0         96   dmul.o

    ----------------------------------------------------------------------
      5308        302         32          4          0       3140   Library Totals
         6          0          0          0          0          0   (incl. Padding)

    ----------------------------------------------------------------------

      Code (inc. data)   RO Data    RW Data    ZI Data      Debug   Library Name

      1426        194         32          0          0       1136   m_wv.l
      2810        108          0          4          0       1348   mc_w.l
      1066          0          0          0          0        656   mf_w.l

    ----------------------------------------------------------------------
      5308        302         32          4          0       3140   Library Totals

    ----------------------------------------------------------------------

==============================================================================


      Code (inc. data)   RO Data    RW Data    ZI Data      Debug   

     58944       2716     921412      68236      36388    1800630   Grand Totals
     58944       2716     921412        616      36388    1800630   ELF Image Totals (compressed)
     58944       2716     921412        616          0          0   ROM Totals

==============================================================================

    Total RO  Size (Code + RO Data)               980356 ( 957.38kB)
    Total RW  Size (RW Data + ZI Data)            104624 ( 102.17kB)
    Total ROM Size (Code + RO Data + RW Data)     980972 ( 957.98kB)

==============================================================================

