Component: ARM Compiler 5.06 update 5 (build 528) Tool: armlink [4d35e2]

==============================================================================

Section Cross References

    startup_stm32h723xx.o(RESET) refers to startup_stm32h723xx.o(STACK) for __initial_sp
    startup_stm32h723xx.o(RESET) refers to startup_stm32h723xx.o(.text) for Reset_Handler
    startup_stm32h723xx.o(RESET) refers to stm32h7xx_it.o(i.NMI_Handler) for NMI_Handler
    startup_stm32h723xx.o(RESET) refers to stm32h7xx_it.o(i.HardFault_Handler) for HardFault_Handler
    startup_stm32h723xx.o(RESET) refers to stm32h7xx_it.o(i.MemManage_Handler) for MemManage_Handler
    startup_stm32h723xx.o(RESET) refers to stm32h7xx_it.o(i.BusFault_Handler) for BusFault_Handler
    startup_stm32h723xx.o(RESET) refers to stm32h7xx_it.o(i.UsageFault_Handler) for UsageFault_Handler
    startup_stm32h723xx.o(RESET) refers to stm32h7xx_it.o(i.SVC_Handler) for SVC_Handler
    startup_stm32h723xx.o(RESET) refers to stm32h7xx_it.o(i.DebugMon_Handler) for DebugMon_Handler
    startup_stm32h723xx.o(RESET) refers to stm32h7xx_it.o(i.PendSV_Handler) for PendSV_Handler
    startup_stm32h723xx.o(RESET) refers to stm32h7xx_it.o(i.SysTick_Handler) for SysTick_Handler
    startup_stm32h723xx.o(RESET) refers to stm32h7xx_it.o(i.DMA1_Stream0_IRQHandler) for DMA1_Stream0_IRQHandler
    startup_stm32h723xx.o(RESET) refers to stm32h7xx_it.o(i.DMA1_Stream1_IRQHandler) for DMA1_Stream1_IRQHandler
    startup_stm32h723xx.o(RESET) refers to stm32h7xx_it.o(i.DMA1_Stream2_IRQHandler) for DMA1_Stream2_IRQHandler
    startup_stm32h723xx.o(RESET) refers to stm32h7xx_it.o(i.DMA1_Stream3_IRQHandler) for DMA1_Stream3_IRQHandler
    startup_stm32h723xx.o(RESET) refers to stm32h7xx_it.o(i.ADC_IRQHandler) for ADC_IRQHandler
    startup_stm32h723xx.o(RESET) refers to stm32h7xx_it.o(i.USART1_IRQHandler) for USART1_IRQHandler
    startup_stm32h723xx.o(RESET) refers to stm32h7xx_it.o(i.USART3_IRQHandler) for USART3_IRQHandler
    startup_stm32h723xx.o(.text) refers to system_stm32h7xx.o(i.ExitRun0Mode) for ExitRun0Mode
    startup_stm32h723xx.o(.text) refers to system_stm32h7xx.o(i.SystemInit) for SystemInit
    startup_stm32h723xx.o(.text) refers to entry.o(.ARM.Collect$$$$00000000) for __main
    main.o(i.Error_Handler) refers to stm32h7xx_hal_gpio.o(i.HAL_GPIO_TogglePin) for HAL_GPIO_TogglePin
    main.o(i.Error_Handler) refers to stm32h7xx_hal.o(i.HAL_Delay) for HAL_Delay
    main.o(i.FFT_proc) refers to fft_app.o(.ITCM_CODE) for Process_fft
    main.o(i.FFT_proc) refers to usart_app.o(i.UART1_Printf) for UART1_Printf
    main.o(i.FFT_proc) refers to stm32h7xx_hal_adc.o(i.HAL_ADC_Start_DMA) for HAL_ADC_Start_DMA
    main.o(i.FFT_proc) refers to main.o(.RAM_D3) for adc1_flag
    main.o(i.FFT_proc) refers to main.o(.RAM_D1) for adc_1_buffer
    main.o(i.FFT_proc) refers to main.o(.data) for phase_sum
    main.o(i.FFT_proc) refers to adc.o(.bss) for hadc1
    main.o(i.HAL_ADC_ConvCpltCallback) refers to main.o(.RAM_D3) for adc1_flag
    main.o(i.MPU_Config) refers to stm32h7xx_hal_cortex.o(i.HAL_MPU_Disable) for HAL_MPU_Disable
    main.o(i.MPU_Config) refers to stm32h7xx_hal_cortex.o(i.HAL_MPU_ConfigRegion) for HAL_MPU_ConfigRegion
    main.o(i.MPU_Config) refers to stm32h7xx_hal_cortex.o(i.HAL_MPU_Enable) for HAL_MPU_Enable
    main.o(i.PeriphCommonClock_Config) refers to memseta.o(.text) for __aeabi_memclr4
    main.o(i.PeriphCommonClock_Config) refers to stm32h7xx_hal_rcc_ex.o(i.HAL_RCCEx_PeriphCLKConfig) for HAL_RCCEx_PeriphCLKConfig
    main.o(i.PeriphCommonClock_Config) refers to main.o(i.Error_Handler) for Error_Handler
    main.o(i.SystemClock_Config) refers to memseta.o(.text) for __aeabi_memclr4
    main.o(i.SystemClock_Config) refers to stm32h7xx_hal_pwr_ex.o(i.HAL_PWREx_ConfigSupply) for HAL_PWREx_ConfigSupply
    main.o(i.SystemClock_Config) refers to stm32h7xx_hal_rcc.o(i.HAL_RCC_OscConfig) for HAL_RCC_OscConfig
    main.o(i.SystemClock_Config) refers to main.o(i.Error_Handler) for Error_Handler
    main.o(i.SystemClock_Config) refers to stm32h7xx_hal_rcc.o(i.HAL_RCC_ClockConfig) for HAL_RCC_ClockConfig
    main.o(i.main) refers to main.o(i.MPU_Config) for MPU_Config
    main.o(i.main) refers to stm32h7xx_hal.o(i.HAL_Init) for HAL_Init
    main.o(i.main) refers to main.o(i.SystemClock_Config) for SystemClock_Config
    main.o(i.main) refers to main.o(i.PeriphCommonClock_Config) for PeriphCommonClock_Config
    main.o(i.main) refers to gpio.o(i.MX_GPIO_Init) for MX_GPIO_Init
    main.o(i.main) refers to dma.o(i.MX_DMA_Init) for MX_DMA_Init
    main.o(i.main) refers to fmc.o(i.MX_FMC_Init) for MX_FMC_Init
    main.o(i.main) refers to octospi.o(i.MX_OCTOSPI1_Init) for MX_OCTOSPI1_Init
    main.o(i.main) refers to usart.o(i.MX_USART1_UART_Init) for MX_USART1_UART_Init
    main.o(i.main) refers to tim.o(i.MX_TIM3_Init) for MX_TIM3_Init
    main.o(i.main) refers to adc.o(i.MX_ADC1_Init) for MX_ADC1_Init
[...]
    FDCAN3_IT0_IRQHandler                    0x0800055f   Thumb Code     0  startup_stm32h723xx.o(.text)
    FDCAN3_IT1_IRQHandler                    0x0800055f   Thumb Code     0  startup_stm32h723xx.o(.text)
    FDCAN_CAL_IRQHandler                     0x0800055f   Thumb Code     0  startup_stm32h723xx.o(.text)
    FLASH_IRQHandler                         0x0800055f   Thumb Code     0  startup_stm32h723xx.o(.text)
    FMAC_IRQHandler                          0x0800055f   Thumb Code     0  startup_stm32h723xx.o(.text)
    FMC_IRQHandler                           0x0800055f   Thumb Code     0  startup_stm32h723xx.o(.text)
    FPU_IRQHandler                           0x0800055f   Thumb Code     0  startup_stm32h723xx.o(.text)
    HSEM1_IRQHandler                         0x0800055f   Thumb Code     0  startup_stm32h723xx.o(.text)
    I2C1_ER_IRQHandler                       0x0800055f   Thumb Code     0  startup_stm32h723xx.o(.text)
    I2C1_EV_IRQHandler                       0x0800055f   Thumb Code     0  startup_stm32h723xx.o(.text)
    I2C2_ER_IRQHandler                       0x0800055f   Thumb Code     0  startup_stm32h723xx.o(.text)
    I2C2_EV_IRQHandler                       0x0800055f   Thumb Code     0  startup_stm32h723xx.o(.text)
    I2C3_ER_IRQHandler                       0x0800055f   Thumb Code     0  startup_stm32h723xx.o(.text)
    I2C3_EV_IRQHandler                       0x0800055f   Thumb Code     0  startup_stm32h723xx.o(.text)
    I2C4_ER_IRQHandler                       0x0800055f   Thumb Code     0  startup_stm32h723xx.o(.text)
    I2C4_EV_IRQHandler                       0x0800055f   Thumb Code     0  startup_stm32h723xx.o(.text)
    I2C5_ER_IRQHandler                       0x0800055f   Thumb Code     0  startup_stm32h723xx.o(.text)
    I2C5_EV_IRQHandler                       0x0800055f   Thumb Code     0  startup_stm32h723xx.o(.text)
    LPTIM1_IRQHandler                        0x0800055f   Thumb Code     0  startup_stm32h723xx.o(.text)
    LPTIM2_IRQHandler                        0x0800055f   Thumb Code     0  startup_stm32h723xx.o(.text)
    LPTIM3_IRQHandler                        0x0800055f   Thumb Code     0  startup_stm32h723xx.o(.text)
    LPTIM4_IRQHandler                        0x0800055f   Thumb Code     0  startup_stm32h723xx.o(.text)
    LPTIM5_IRQHandler                        0x0800055f   Thumb Code     0  startup_stm32h723xx.o(.text)
    LPUART1_IRQHandler                       0x0800055f   Thumb Code     0  startup_stm32h723xx.o(.text)
    LTDC_ER_IRQHandler                       0x0800055f   Thumb Code     0  startup_stm32h723xx.o(.text)
    LTDC_IRQHandler                          0x0800055f   Thumb Code     0  startup_stm32h723xx.o(.text)
    MDIOS_IRQHandler                         0x0800055f   Thumb Code     0  startup_stm32h723xx.o(.text)
    MDIOS_WKUP_IRQHandler                    0x0800055f   Thumb Code     0  startup_stm32h723xx.o(.text)
    MDMA_IRQHandler                          0x0800055f   Thumb Code     0  startup_stm32h723xx.o(.text)
    OCTOSPI1_IRQHandler                      0x0800055f   Thumb Code     0  startup_stm32h723xx.o(.text)
    OCTOSPI2_IRQHandler                      0x0800055f   Thumb Code     0  startup_stm32h723xx.o(.text)
    OTG_HS_EP1_IN_IRQHandler                 0x0800055f   Thumb Code     0  startup_stm32h723xx.o(.text)
    OTG_HS_EP1_OUT_IRQHandler                0x0800055f   Thumb Code     0  startup_stm32h723xx.o(.text)
    OTG_HS_IRQHandler                        0x0800055f   Thumb Code     0  startup_stm32h723xx.o(.text)
    OTG_HS_WKUP_IRQHandler                   0x0800055f   Thumb Code     0  startup_stm32h723xx.o(.text)
    PVD_AVD_IRQHandler                       0x0800055f   Thumb Code     0  startup_stm32h723xx.o(.text)
    RCC_IRQHandler                           0x0800055f   Thumb Code     0  startup_stm32h723xx.o(.text)
    RNG_IRQHandler                           0x0800055f   Thumb Code     0  startup_stm32h723xx.o(.text)
    RTC_Alarm_IRQHandler                     0x0800055f   Thumb Code     0  startup_stm32h723xx.o(.text)
    RTC_WKUP_IRQHandler                      0x0800055f   Thumb Code     0  startup_stm32h723xx.o(.text)
    SAI1_IRQHandler                          0x0800055f   Thumb Code     0  startup_stm32h723xx.o(.text)
    SAI4_IRQHandler                          0x0800055f   Thumb Code     0  startup_stm32h723xx.o(.text)
    SDMMC1_IRQHandler                        0x0800055f   Thumb Code     0  startup_stm32h723xx.o(.text)
    SDMMC2_IRQHandler                        0x0800055f   Thumb Code     0  startup_stm32h723xx.o(.text)
    SPDIF_RX_IRQHandler                      0x0800055f   Thumb Code     0  startup_stm32h723xx.o(.text)
    SPI1_IRQHandler                          0x0800055f   Thumb Code     0  startup_stm32h723xx.o(.text)
    SPI2_IRQHandler                          0x0800055f   Thumb Code     0  startup_stm32h723xx.o(.text)
    SPI3_IRQHandler                          0x0800055f   Thumb Code     0  startup_stm32h723xx.o(.text)
    SPI4_IRQHandler                          0x0800055f   Thumb Code     0  startup_stm32h723xx.o(.text)
    SPI5_IRQHandler                          0x0800055f   Thumb Code     0  startup_stm32h723xx.o(.text)
    SPI6_IRQHandler                          0x0800055f   Thumb Code     0  startup_stm32h723xx.o(.text)
    SWPMI1_IRQHandler                        0x0800055f   Thumb Code     0  startup_stm32h723xx.o(.text)
    TAMP_STAMP_IRQHandler                    0x0800055f   Thumb Code     0  startup_stm32h723xx.o(.text)
    TIM15_IRQHandler                         0x0800055f   Thumb Code     0  startup_stm32h723xx.o(.text)
    TIM16_IRQHandler                         0x0800055f   Thumb Code     0  startup_stm32h723xx.o(.text)
    TIM17_IRQHandler                         0x0800055f   Thumb Code     0  startup_stm32h723xx.o(.text)
    TIM1_BRK_IRQHandler                      0x0800055f   Thumb Code     0  startup_stm32h723xx.o(.text)
    TIM1_CC_IRQHandler                       0x0800055f   Thumb Code     0  startup_stm32h723xx.o(.text)
    TIM1_TRG_COM_IRQHandler                  0x0800055f   Thumb Code     0  startup_stm32h723xx.o(.text)
    TIM1_UP_IRQHandler                       0x0800055f   Thumb Code     0  startup_stm32h723xx.o(.text)
    TIM23_IRQHandler                         0x0800055f   Thumb Code     0  startup_stm32h723xx.o(.text)
    TIM24_IRQHandler                         0x0800055f   Thumb Code     0  startup_stm32h723xx.o(.text)
    TIM2_IRQHandler                          0x0800055f   Thumb Code     0  startup_stm32h723xx.o(.text)
    TIM3_IRQHandler                          0x0800055f   Thumb Code     0  startup_stm32h723xx.o(.text)
    TIM4_IRQHandler                          0x0800055f   Thumb Code     0  startup_stm32h723xx.o(.text)
    TIM5_IRQHandler                          0x0800055f   Thumb Code     0  startup_stm32h723xx.o(.text)
    TIM6_DAC_IRQHandler                      0x0800055f   Thumb Code     0  startup_stm32h723xx.o(.text)
    TIM7_IRQHandler                          0x0800055f   Thumb Code     0  startup_stm32h723xx.o(.text)
    TIM8_BRK_TIM12_IRQHandler                0x0800055f   Thumb Code     0  startup_stm32h723xx.o(.text)
    TIM8_CC_IRQHandler                       0x0800055f   Thumb Code     0  startup_stm32h723xx.o(.text)
    TIM8_TRG_COM_TIM14_IRQHandler            0x0800055f   Thumb Code     0  startup_stm32h723xx.o(.text)
    TIM8_UP_TIM13_IRQHandler                 0x0800055f   Thumb Code     0  startup_stm32h723xx.o(.text)
    UART4_IRQHandler                         0x0800055f   Thumb Code     0  startup_stm32h723xx.o(.text)
    UART5_IRQHandler                         0x0800055f   Thumb Code     0  startup_stm32h723xx.o(.text)
    UART7_IRQHandler                         0x0800055f   Thumb Code     0  startup_stm32h723xx.o(.text)
    UART8_IRQHandler                         0x0800055f   Thumb Code     0  startup_stm32h723xx.o(.text)
    UART9_IRQHandler                         0x0800055f   Thumb Code     0  startup_stm32h723xx.o(.text)
    USART10_IRQHandler                       0x0800055f   Thumb Code     0  startup_stm32h723xx.o(.text)
    USART2_IRQHandler                        0x0800055f   Thumb Code     0  startup_stm32h723xx.o(.text)
    USART6_IRQHandler                        0x0800055f   Thumb Code     0  startup_stm32h723xx.o(.text)
    WAKEUP_PIN_IRQHandler                    0x0800055f   Thumb Code     0  startup_stm32h723xx.o(.text)
    WWDG_IRQHandler                          0x0800055f   Thumb Code     0  startup_stm32h723xx.o(.text)
    __aeabi_uldivmod                         0x0800056d   Thumb Code    98  uldiv.o(.text)
    __aeabi_llsl                             0x080005cf   Thumb Code    30  llshl.o(.text)
    _ll_shift_l                              0x080005cf   Thumb Code     0  llshl.o(.text)
    __aeabi_lasr                             0x080005ed   Thumb Code    36  llsshr.o(.text)
    _ll_sshift_r                             0x080005ed   Thumb Code     0  llsshr.o(.text)
    __aeabi_memcpy                           0x08000611   Thumb Code    36  memcpya.o(.text)
    __aeabi_memcpy4                          0x08000611   Thumb Code     0  memcpya.o(.text)
    __aeabi_memcpy8                          0x08000611   Thumb Code     0  memcpya.o(.text)
    __aeabi_memset                           0x08000635   Thumb Code    14  memseta.o(.text)
    __aeabi_memset4                          0x08000635   Thumb Code     0  memseta.o(.text)
    __aeabi_memset8                          0x08000635   Thumb Code     0  memseta.o(.text)
    __aeabi_memclr                           0x08000643   Thumb Code     4  memseta.o(.text)
    __aeabi_memclr4                          0x08000643   Thumb Code     0  memseta.o(.text)
    __aeabi_memclr8                          0x08000643   Thumb Code     0  memseta.o(.text)
    _memset$wrapper                          0x08000647   Thumb Code    18  memseta.o(.text)
    strlen                                   0x08000659   Thumb Code    14  strlen.o(.text)
    strcmp                                   0x08000667   Thumb Code    28  strcmp.o(.text)
    __aeabi_uidiv                            0x08000683   Thumb Code     0  uidiv.o(.text)
    __aeabi_uidivmod                         0x08000683   Thumb Code    44  uidiv.o(.text)
    __aeabi_llsr                             0x080006af   Thumb Code    32  llushr.o(.text)
    _ll_ushift_r                             0x080006af   Thumb Code     0  llushr.o(.text)
    __I$use$fp                               0x080006cf   Thumb Code     0  iusefp.o(.text)
    __aeabi_dadd                             0x080006cf   Thumb Code   322  dadd.o(.text)
    __aeabi_dsub                             0x08000811   Thumb Code     6  dadd.o(.text)
    __aeabi_drsub                            0x08000817   Thumb Code     6  dadd.o(.text)
    __aeabi_dmul                             0x0800081d   Thumb Code   228  dmul.o(.text)
    __aeabi_ddiv                             0x08000901   Thumb Code   222  ddiv.o(.text)
    __aeabi_d2ulz                            0x080009df   Thumb Code    48  dfixul.o(.text)
    __aeabi_cdrcmple                         0x08000a11   Thumb Code    48  cdrcmple.o(.text)
    __scatterload                            0x08000a41   Thumb Code    28  init.o(.text)
    __scatterload_rt2                        0x08000a41   Thumb Code     0  init.o(.text)
    _double_round                            0x08000a65   Thumb Code    30  depilogue.o(.text)
    _double_epilogue                         0x08000a83   Thumb Code   156  depilogue.o(.text)
    __decompress                             0x08000b1f   Thumb Code     0  __dczerorl2.o(.text)
    __decompress1                            0x08000b1f   Thumb Code    86  __dczerorl2.o(.text)
    ADC_ConfigureBoostMode                   0x08000b75   Thumb Code   276  stm32h7xx_hal_adc.o(i.ADC_ConfigureBoostMode)
    ADC_DMAConvCplt                          0x08000ca5   Thumb Code   146  stm32h7xx_hal_adc.o(i.ADC_DMAConvCplt)
    ADC_DMAError                             0x08000d37   Thumb Code    30  stm32h7xx_hal_adc.o(i.ADC_DMAError)
    ADC_DMAHalfConvCplt                      0x08000d55   Thumb Code    14  stm32h7xx_hal_adc.o(i.ADC_DMAHalfConvCplt)
    ADC_Disable                              0x08000d65   Thumb Code   142  stm32h7xx_hal_adc.o(i.ADC_Disable)
    ADC_Enable                               0x08000df9   Thumb Code   182  stm32h7xx_hal_adc.o(i.ADC_Enable)
    ADC_IRQHandler                           0x08000ec5   Thumb Code    16  stm32h7xx_it.o(i.ADC_IRQHandler)
    BusFault_Handler                         0x08000edd   Thumb Code     4  stm32h7xx_it.o(i.BusFault_Handler)
    DMA1_Stream0_IRQHandler                  0x08000ee1   Thumb Code    10  stm32h7xx_it.o(i.DMA1_Stream0_IRQHandler)
    DMA1_Stream1_IRQHandler                  0x08000ef1   Thumb Code    10  stm32h7xx_it.o(i.DMA1_Stream1_IRQHandler)
    DMA1_Stream2_IRQHandler                  0x08000f01   Thumb Code    10  stm32h7xx_it.o(i.DMA1_Stream2_IRQHandler)
    DMA1_Stream3_IRQHandler                  0x08000f11   Thumb Code    10  stm32h7xx_it.o(i.DMA1_Stream3_IRQHandler)
    DebugMon_Handler                         0x0800148d   Thumb Code     2  stm32h7xx_it.o(i.DebugMon_Handler)
    Error_Handler                            0x08001491   Thumb Code    20  main.o(i.Error_Handler)
    ExitRun0Mode                             0x080014a9   Thumb Code    30  system_stm32h7xx.o(i.ExitRun0Mode)
    FFT_proc                                 0x08001571   Thumb Code   512  main.o(i.FFT_proc)
    FMC_SDRAM_Init                           0x08001811   Thumb Code   108  stm32h7xx_ll_fmc.o(i.FMC_SDRAM_Init)
    FMC_SDRAM_ProgramRefreshRate             0x0800187d   Thumb Code    20  stm32h7xx_ll_fmc.o(i.FMC_SDRAM_ProgramRefreshRate)
    FMC_SDRAM_SendCommand                    0x08001891   Thumb Code    38  stm32h7xx_ll_fmc.o(i.FMC_SDRAM_SendCommand)
    FMC_SDRAM_Timing_Init                    0x080018b9   Thumb Code   144  stm32h7xx_ll_fmc.o(i.FMC_SDRAM_Timing_Init)
    HAL_ADCEx_Calibration_Start              0x0800194d   Thumb Code   174  stm32h7xx_hal_adc_ex.o(i.HAL_ADCEx_Calibration_Start)
    HAL_ADCEx_EndOfSamplingCallback          0x08001a05   Thumb Code     2  stm32h7xx_hal_adc_ex.o(i.HAL_ADCEx_EndOfSamplingCallback)
    HAL_ADCEx_InjectedConvCpltCallback       0x08001a07   Thumb Code     2  stm32h7xx_hal_adc_ex.o(i.HAL_ADCEx_InjectedConvCpltCallback)
    HAL_ADCEx_InjectedQueueOverflowCallback  0x08001a09   Thumb Code     2  stm32h7xx_hal_adc_ex.o(i.HAL_ADCEx_InjectedQueueOverflowCallback)
    HAL_ADCEx_LevelOutOfWindow2Callback      0x08001a0b   Thumb Code     2  stm32h7xx_hal_adc_ex.o(i.HAL_ADCEx_LevelOutOfWindow2Callback)
    HAL_ADCEx_LevelOutOfWindow3Callback      0x08001a0d   Thumb Code     2  stm32h7xx_hal_adc_ex.o(i.HAL_ADCEx_LevelOutOfWindow3Callback)
    HAL_ADCEx_MultiModeConfigChannel         0x08001a11   Thumb Code   336  stm32h7xx_hal_adc_ex.o(i.HAL_ADCEx_MultiModeConfigChannel)
    HAL_ADC_ConfigChannel                    0x08001b75   Thumb Code  2056  stm32h7xx_hal_adc.o(i.HAL_ADC_ConfigChannel)
    HAL_ADC_ConvCpltCallback                 0x080023f9   Thumb Code    42  main.o(i.HAL_ADC_ConvCpltCallback)
    HAL_ADC_ConvHalfCpltCallback             0x08002435   Thumb Code     2  stm32h7xx_hal_adc.o(i.HAL_ADC_ConvHalfCpltCallback)
    HAL_ADC_ErrorCallback                    0x08002437   Thumb Code     2  stm32h7xx_hal_adc.o(i.HAL_ADC_ErrorCallback)
    HAL_ADC_IRQHandler                       0x08002439   Thumb Code   840  stm32h7xx_hal_adc.o(i.HAL_ADC_IRQHandler)
    HAL_ADC_Init                             0x08002791   Thumb Code   782  stm32h7xx_hal_adc.o(i.HAL_ADC_Init)
    HAL_ADC_LevelOutOfWindowCallback         0x08002ad1   Thumb Code     2  stm32h7xx_hal_adc.o(i.HAL_ADC_LevelOutOfWindowCallback)
    HAL_ADC_MspInit                          0x08002ad5   Thumb Code   398  adc.o(i.HAL_ADC_MspInit)
    HAL_ADC_Start_DMA                        0x08002c85   Thumb Code   334  stm32h7xx_hal_adc.o(i.HAL_ADC_Start_DMA)
    HAL_DMA_Abort                            0x08002df5   Thumb Code  1236  stm32h7xx_hal_dma.o(i.HAL_DMA_Abort)
    HAL_DMA_Abort_IT                         0x080032d1   Thumb Code   906  stm32h7xx_hal_dma.o(i.HAL_DMA_Abort_IT)
    HAL_DMA_IRQHandler                       0x08003669   Thumb Code  2798  stm32h7xx_hal_dma.o(i.HAL_DMA_IRQHandler)
    HAL_DMA_Init                             0x08004161   Thumb Code  1292  stm32h7xx_hal_dma.o(i.HAL_DMA_Init)
    HAL_DMA_Start_IT                         0x08004675   Thumb Code   980  stm32h7xx_hal_dma.o(i.HAL_DMA_Start_IT)
    HAL_Delay                                0x08004a55   Thumb Code    36  stm32h7xx_hal.o(i.HAL_Delay)
    HAL_GPIO_Init                            0x08004ba9   Thumb Code   446  stm32h7xx_hal_gpio.o(i.HAL_GPIO_Init)
    HAL_GPIO_TogglePin                       0x08004d99   Thumb Code    20  stm32h7xx_hal_gpio.o(i.HAL_GPIO_TogglePin)
    HAL_GPIO_WritePin                        0x08004dad   Thumb Code    12  stm32h7xx_hal_gpio.o(i.HAL_GPIO_WritePin)
    HAL_GetTick                              0x08004db9   Thumb Code     6  stm32h7xx_hal.o(i.HAL_GetTick)
    HAL_IncTick                              0x08004dc5   Thumb Code    16  stm32h7xx_hal.o(i.HAL_IncTick)
    HAL_Init                                 0x08004ddd   Thumb Code    80  stm32h7xx_hal.o(i.HAL_Init)
    HAL_InitTick                             0x08004e3d   Thumb Code    74  stm32h7xx_hal.o(i.HAL_InitTick)
    HAL_MPU_ConfigRegion                     0x08004e95   Thumb Code    86  stm32h7xx_hal_cortex.o(i.HAL_MPU_ConfigRegion)
    HAL_MPU_Disable                          0x08004ef1   Thumb Code    38  stm32h7xx_hal_cortex.o(i.HAL_MPU_Disable)
    HAL_MPU_Enable                           0x08004f1d   Thumb Code    58  stm32h7xx_hal_cortex.o(i.HAL_MPU_Enable)
    HAL_MspInit                              0x08004f5d   Thumb Code    32  stm32h7xx_hal_msp.o(i.HAL_MspInit)
    HAL_NVIC_EnableIRQ                       0x08004f81   Thumb Code    40  stm32h7xx_hal_cortex.o(i.HAL_NVIC_EnableIRQ)
    HAL_NVIC_SetPriority                     0x08004fa9   Thumb Code   122  stm32h7xx_hal_cortex.o(i.HAL_NVIC_SetPriority)
    HAL_NVIC_SetPriorityGrouping             0x08005025   Thumb Code    32  stm32h7xx_hal_cortex.o(i.HAL_NVIC_SetPriorityGrouping)
    HAL_OSPIM_Config                         0x0800504d   Thumb Code  1778  stm32h7xx_hal_ospi.o(i.HAL_OSPIM_Config)
    HAL_OSPI_Init                            0x0800574d   Thumb Code   268  stm32h7xx_hal_ospi.o(i.HAL_OSPI_Init)
    HAL_OSPI_MspInit                         0x0800585d   Thumb Code   258  octospi.o(i.HAL_OSPI_MspInit)
    HAL_OSPI_SetTimeout                      0x08005971   Thumb Code     8  stm32h7xx_hal_ospi.o(i.HAL_OSPI_SetTimeout)
    HAL_PWREx_ConfigSupply                   0x08005979   Thumb Code    90  stm32h7xx_hal_pwr_ex.o(i.HAL_PWREx_ConfigSupply)
    HAL_RCCEx_GetD3PCLK1Freq                 0x080059d9   Thumb Code    26  stm32h7xx_hal_rcc_ex.o(i.HAL_RCCEx_GetD3PCLK1Freq)
    HAL_RCCEx_GetPLL1ClockFreq               0x080059fd   Thumb Code   536  stm32h7xx_hal_rcc_ex.o(i.HAL_RCCEx_GetPLL1ClockFreq)
    HAL_RCCEx_GetPLL2ClockFreq               0x08005c2d   Thumb Code   536  stm32h7xx_hal_rcc_ex.o(i.HAL_RCCEx_GetPLL2ClockFreq)
    HAL_RCCEx_GetPLL3ClockFreq               0x08005e5d   Thumb Code   536  stm32h7xx_hal_rcc_ex.o(i.HAL_RCCEx_GetPLL3ClockFreq)
    HAL_RCCEx_GetPeriphCLKFreq               0x0800608d   Thumb Code  1942  stm32h7xx_hal_rcc_ex.o(i.HAL_RCCEx_GetPeriphCLKFreq)
    HAL_RCCEx_PeriphCLKConfig                0x08006839   Thumb Code  3272  stm32h7xx_hal_rcc_ex.o(i.HAL_RCCEx_PeriphCLKConfig)
    HAL_RCC_ClockConfig                      0x08007501   Thumb Code   774  stm32h7xx_hal_rcc.o(i.HAL_RCC_ClockConfig)
    HAL_RCC_GetHCLKFreq                      0x08007821   Thumb Code    60  stm32h7xx_hal_rcc.o(i.HAL_RCC_GetHCLKFreq)
    HAL_RCC_GetPCLK1Freq                     0x0800786d   Thumb Code    26  stm32h7xx_hal_rcc.o(i.HAL_RCC_GetPCLK1Freq)
    HAL_RCC_GetPCLK2Freq                     0x08007891   Thumb Code    26  stm32h7xx_hal_rcc.o(i.HAL_RCC_GetPCLK2Freq)
    HAL_RCC_GetSysClockFreq                  0x080078b5   Thumb Code   524  stm32h7xx_hal_rcc.o(i.HAL_RCC_GetSysClockFreq)
    HAL_RCC_OscConfig                        0x08007ae1   Thumb Code  1874  stm32h7xx_hal_rcc.o(i.HAL_RCC_OscConfig)
    HAL_SDRAM_Init                           0x0800823d   Thumb Code    76  stm32h7xx_hal_sdram.o(i.HAL_SDRAM_Init)
    HAL_SDRAM_MspInit                        0x0800828d   Thumb Code    10  fmc.o(i.HAL_SDRAM_MspInit)
    HAL_SDRAM_ProgramRefreshRate             0x08008297   Thumb Code    54  stm32h7xx_hal_sdram.o(i.HAL_SDRAM_ProgramRefreshRate)
    HAL_SDRAM_SendCommand                    0x080082cd   Thumb Code    78  stm32h7xx_hal_sdram.o(i.HAL_SDRAM_SendCommand)
    HAL_SYSTICK_Config                       0x0800831b   Thumb Code    52  stm32h7xx_hal_cortex.o(i.HAL_SYSTICK_Config)
    HAL_TIMEx_MasterConfigSynchronization    0x08008351   Thumb Code   190  stm32h7xx_hal_tim_ex.o(i.HAL_TIMEx_MasterConfigSynchronization)
    HAL_TIM_Base_Init                        0x08008435   Thumb Code   110  stm32h7xx_hal_tim.o(i.HAL_TIM_Base_Init)
    HAL_TIM_Base_MspInit                     0x080084a5   Thumb Code    40  tim.o(i.HAL_TIM_Base_MspInit)
    HAL_TIM_Base_Start                       0x080084d5   Thumb Code   150  stm32h7xx_hal_tim.o(i.HAL_TIM_Base_Start)
    HAL_TIM_ConfigClockSource                0x08008595   Thumb Code   304  stm32h7xx_hal_tim.o(i.HAL_TIM_ConfigClockSource)
    HAL_UARTEx_DisableFifoMode               0x080086c9   Thumb Code    78  stm32h7xx_hal_uart_ex.o(i.HAL_UARTEx_DisableFifoMode)
    HAL_UARTEx_ReceiveToIdle_DMA             0x08008717   Thumb Code    98  stm32h7xx_hal_uart_ex.o(i.HAL_UARTEx_ReceiveToIdle_DMA)
    HAL_UARTEx_RxEventCallback               0x08008779   Thumb Code    50  usart_app.o(i.HAL_UARTEx_RxEventCallback)
    HAL_UARTEx_RxFifoFullCallback            0x080087c5   Thumb Code     2  stm32h7xx_hal_uart_ex.o(i.HAL_UARTEx_RxFifoFullCallback)
    HAL_UARTEx_SetRxFifoThreshold            0x080087c7   Thumb Code    94  stm32h7xx_hal_uart_ex.o(i.HAL_UARTEx_SetRxFifoThreshold)
    HAL_UARTEx_SetTxFifoThreshold            0x08008825   Thumb Code    94  stm32h7xx_hal_uart_ex.o(i.HAL_UARTEx_SetTxFifoThreshold)
    HAL_UARTEx_TxFifoEmptyCallback           0x08008883   Thumb Code     2  stm32h7xx_hal_uart_ex.o(i.HAL_UARTEx_TxFifoEmptyCallback)
    HAL_UARTEx_WakeupCallback                0x08008885   Thumb Code     2  stm32h7xx_hal_uart_ex.o(i.HAL_UARTEx_WakeupCallback)
    HAL_UART_ErrorCallback                   0x08008887   Thumb Code     2  stm32h7xx_hal_uart.o(i.HAL_UART_ErrorCallback)
    HAL_UART_IRQHandler                      0x08008889   Thumb Code  1206  stm32h7xx_hal_uart.o(i.HAL_UART_IRQHandler)
    HAL_UART_Init                            0x08008d3f   Thumb Code   120  stm32h7xx_hal_uart.o(i.HAL_UART_Init)
    HAL_UART_MspInit                         0x08008db9   Thumb Code   430  usart.o(i.HAL_UART_MspInit)
    HAL_UART_RxCpltCallback                  0x08008f89   Thumb Code     2  stm32h7xx_hal_uart.o(i.HAL_UART_RxCpltCallback)
    HAL_UART_RxHalfCpltCallback              0x08008f8b   Thumb Code     2  stm32h7xx_hal_uart.o(i.HAL_UART_RxHalfCpltCallback)
    HAL_UART_Transmit                        0x08008f8d   Thumb Code   194  stm32h7xx_hal_uart.o(i.HAL_UART_Transmit)
    HAL_UART_TxCpltCallback                  0x0800904f   Thumb Code     2  stm32h7xx_hal_uart.o(i.HAL_UART_TxCpltCallback)
    HardFault_Handler                        0x08009051   Thumb Code    18  stm32h7xx_it.o(i.HardFault_Handler)
    MX_ADC1_Init                             0x0800921d   Thumb Code   184  adc.o(i.MX_ADC1_Init)
    MX_ADC2_Init                             0x080092e1   Thumb Code   140  adc.o(i.MX_ADC2_Init)
    MX_DMA_Init                              0x08009379   Thumb Code    96  dma.o(i.MX_DMA_Init)
    MX_FMC_Init                              0x080093dd   Thumb Code   128  fmc.o(i.MX_FMC_Init)
    MX_GPIO_Init                             0x08009465   Thumb Code   406  gpio.o(i.MX_GPIO_Init)
    MX_OCTOSPI1_Init                         0x08009611   Thumb Code   116  octospi.o(i.MX_OCTOSPI1_Init)
    MX_TIM3_Init                             0x0800968d   Thumb Code   104  tim.o(i.MX_TIM3_Init)
    MX_USART1_UART_Init                      0x080096fd   Thumb Code   330  usart.o(i.MX_USART1_UART_Init)
    MX_USART3_UART_Init                      0x08009861   Thumb Code   330  usart.o(i.MX_USART3_UART_Init)
    MemManage_Handler                        0x080099c5   Thumb Code     4  stm32h7xx_it.o(i.MemManage_Handler)
    NMI_Handler                              0x080099c9   Thumb Code     4  stm32h7xx_it.o(i.NMI_Handler)
    PendSV_Handler                           0x08009b01   Thumb Code     2  stm32h7xx_it.o(i.PendSV_Handler)
    PeriphCommonClock_Config                 0x08009b03   Thumb Code    68  main.o(i.PeriphCommonClock_Config)
    SDRAM_Initialization_Sequence            0x08009e11   Thumb Code   146  bsp_sdram.o(i.SDRAM_Initialization_Sequence)
    SRAM_Clock_Enable                        0x08009ea5   Thumb Code    64  bsp_sdram.o(i.SRAM_Clock_Enable)
    SVC_Handler                              0x08009ee9   Thumb Code     2  stm32h7xx_it.o(i.SVC_Handler)
    SysTick_Handler                          0x08009fbd   Thumb Code     8  stm32h7xx_it.o(i.SysTick_Handler)
    SystemClock_Config                       0x08009fc5   Thumb Code   186  main.o(i.SystemClock_Config)
    SystemInit                               0x0800a085   Thumb Code   236  system_stm32h7xx.o(i.SystemInit)
    TIM_Base_SetConfig                       0x0800a191   Thumb Code   190  stm32h7xx_hal_tim.o(i.TIM_Base_SetConfig)
    TIM_ETR_SetConfig                        0x0800a279   Thumb Code    22  stm32h7xx_hal_tim.o(i.TIM_ETR_SetConfig)
    UART1_Printf                             0x0800a2f9   Thumb Code    54  usart_app.o(i.UART1_Printf)
    UART_AdvFeatureConfig                    0x0800a38d   Thumb Code   248  stm32h7xx_hal_uart.o(i.UART_AdvFeatureConfig)
    UART_CheckIdleState                      0x0800a485   Thumb Code   234  stm32h7xx_hal_uart.o(i.UART_CheckIdleState)
    UART_SetConfig                           0x0800a791   Thumb Code  1558  stm32h7xx_hal_uart.o(i.UART_SetConfig)
    UART_Start_Receive_DMA                   0x0800adb9   Thumb Code   186  stm32h7xx_hal_uart.o(i.UART_Start_Receive_DMA)
    UART_WaitOnFlagUntilTimeout              0x0800ae81   Thumb Code   172  stm32h7xx_hal_uart.o(i.UART_WaitOnFlagUntilTimeout)
    USART1_IRQHandler                        0x0800af2d   Thumb Code   242  stm32h7xx_it.o(i.USART1_IRQHandler)
    USART3_IRQHandler                        0x0800b035   Thumb Code   242  stm32h7xx_it.o(i.USART3_IRQHandler)
    UsageFault_Handler                       0x0800b13d   Thumb Code     4  stm32h7xx_it.o(i.UsageFault_Handler)
    __0vsprintf                              0x0800b141   Thumb Code    30  printfa.o(i.__0vsprintf)
    __1vsprintf                              0x0800b141   Thumb Code     0  printfa.o(i.__0vsprintf)
    __2vsprintf                              0x0800b141   Thumb Code     0  printfa.o(i.__0vsprintf)
    __c89vsprintf                            0x0800b141   Thumb Code     0  printfa.o(i.__0vsprintf)
    vsprintf                                 0x0800b141   Thumb Code     0  printfa.o(i.__0vsprintf)
    __ARM_fpclassifyf                        0x0800b165   Thumb Code    38  fpclassifyf.o(i.__ARM_fpclassifyf)
    __hardfp_atan2f                          0x0800b1c5   Thumb Code   502  atan2f.o(i.__hardfp_atan2f)
    __mathlib_flt_infnan2                    0x0800b41d   Thumb Code     6  funder.o(i.__mathlib_flt_infnan2)
    __mathlib_flt_underflow                  0x0800b425   Thumb Code    10  funder.o(i.__mathlib_flt_underflow)
    __scatterload_copy                       0x0800b435   Thumb Code    14  handlers.o(i.__scatterload_copy)
    __scatterload_null                       0x0800b443   Thumb Code     2  handlers.o(i.__scatterload_null)
    __scatterload_zeroinit                   0x0800b445   Thumb Code    14  handlers.o(i.__scatterload_zeroinit)
    adc_to_mind                              0x0800bd11   Thumb Code    34  fft_app.o(i.adc_to_mind)
    arm_bitreversal_32                       0x0800bd33   Thumb Code    72  transformfunctions.o(i.arm_bitreversal_32)
    arm_cfft_f32                             0x0800bd7b   Thumb Code   240  transformfunctions.o(i.arm_cfft_f32)
    arm_cfft_init_1024_f32                   0x0800be6d   Thumb Code    34  transformfunctions.o(i.arm_cfft_init_1024_f32)
    arm_cfft_init_128_f32                    0x0800be95   Thumb Code    32  transformfunctions.o(i.arm_cfft_init_128_f32)
    arm_cfft_init_16_f32                     0x0800beb9   Thumb Code    32  transformfunctions.o(i.arm_cfft_init_16_f32)
    arm_cfft_init_2048_f32                   0x0800bedd   Thumb Code    34  transformfunctions.o(i.arm_cfft_init_2048_f32)
    arm_cfft_init_256_f32                    0x0800bf05   Thumb Code    34  transformfunctions.o(i.arm_cfft_init_256_f32)
    arm_cfft_init_32_f32                     0x0800bf2d   Thumb Code    32  transformfunctions.o(i.arm_cfft_init_32_f32)
    arm_cfft_init_4096_f32                   0x0800bf51   Thumb Code    34  transformfunctions.o(i.arm_cfft_init_4096_f32)
    arm_cfft_init_512_f32                    0x0800bf79   Thumb Code    34  transformfunctions.o(i.arm_cfft_init_512_f32)
    arm_cfft_init_64_f32                     0x0800bfa1   Thumb Code    32  transformfunctions.o(i.arm_cfft_init_64_f32)
    arm_cfft_init_f32                        0x0800bfc5   Thumb Code   160  transformfunctions.o(i.arm_cfft_init_f32)
    arm_cmplx_mag_f32                        0x0800cb21   Thumb Code    74  complexmathfunctions.o(i.arm_cmplx_mag_f32)
    arm_cos_f32                              0x0800cb71   Thumb Code   150  fastmathfunctions.o(i.arm_cos_f32)
    arm_max_f32                              0x0800cc15   Thumb Code    52  statisticsfunctions.o(i.arm_max_f32)
    arm_radix8_butterfly_f32                 0x0800cc49   Thumb Code  2820  transformfunctions.o(i.arm_radix8_butterfly_f32)
    arm_sin_f32                              0x0800d751   Thumb Code   146  fastmathfunctions.o(i.arm_sin_f32)
    dsp_fft_init                             0x0800d7f1   Thumb Code    20  fft_app.o(i.dsp_fft_init)
    main                                     0x0800d809   Thumb Code   396  main.o(i.main)
    scheduler_Init                           0x0800d9b1   Thumb Code     8  scheduler.o(i.scheduler_Init)
    uart_proc                                0x0800d9bd   Thumb Code   302  usart_app.o(i.uart_proc)
    UARTPrescTable                           0x0800db34   Data          24  stm32h7xx_hal_uart.o(.constdata)
    D1CorePrescTable                         0x0800db5c   Data          16  system_stm32h7xx.o(.constdata)
    armBitRevTable                           0x0800db70   Data        2048  commontables.o(.constdata)
    twiddleCoefF64_16                        0x0800e370   Data         256  commontables.o(.constdata)
    twiddleCoefF64_32                        0x0800e470   Data         512  commontables.o(.constdata)
    twiddleCoefF64_64                        0x0800e670   Data        1024  commontables.o(.constdata)
    twiddleCoefF64_128                       0x0800ea70   Data        2048  commontables.o(.constdata)
    twiddleCoefF64_256                       0x0800f270   Data        4096  commontables.o(.constdata)
    twiddleCoefF64_512                       0x08010270   Data        8192  commontables.o(.constdata)
    twiddleCoefF64_1024                      0x08012270   Data       16384  commontables.o(.constdata)
    twiddleCoefF64_2048                      0x08016270   Data       32768  commontables.o(.constdata)
    twiddleCoefF64_4096                      0x0801e270   Data       65536  commontables.o(.constdata)
    twiddleCoef_16                           0x0802e270   Data         128  commontables.o(.constdata)
    twiddleCoef_32                           0x0802e2f0   Data         256  commontables.o(.constdata)
    twiddleCoef_64                           0x0802e3f0   Data         512  commontables.o(.constdata)
    twiddleCoef_128                          0x0802e5f0   Data        1024  commontables.o(.constdata)
    twiddleCoef_256                          0x0802e9f0   Data        2048  commontables.o(.constdata)
    twiddleCoef_512                          0x0802f1f0   Data        4096  commontables.o(.constdata)
    twiddleCoef_1024                         0x080301f0   Data        8192  commontables.o(.constdata)
    twiddleCoef_2048                         0x080321f0   Data       16384  commontables.o(.constdata)
    twiddleCoef_4096                         0x080361f0   Data       32768  commontables.o(.constdata)
    twiddleCoef_16_q31                       0x0803e1f0   Data          96  commontables.o(.constdata)
    twiddleCoef_32_q31                       0x0803e250   Data         192  commontables.o(.constdata)
    twiddleCoef_64_q31                       0x0803e310   Data         384  commontables.o(.constdata)
    twiddleCoef_128_q31                      0x0803e490   Data         768  commontables.o(.constdata)
    twiddleCoef_256_q31                      0x0803e790   Data        1536  commontables.o(.constdata)
    twiddleCoef_512_q31                      0x0803ed90   Data        3072  commontables.o(.constdata)
    twiddleCoef_1024_q31                     0x0803f990   Data        6144  commontables.o(.constdata)
    twiddleCoef_2048_q31                     0x08041190   Data       12288  commontables.o(.constdata)
    twiddleCoef_4096_q31                     0x08044190   Data       24576  commontables.o(.constdata)
    twiddleCoef_16_q15                       0x0804a190   Data          48  commontables.o(.constdata)
    twiddleCoef_32_q15                       0x0804a1c0   Data          96  commontables.o(.constdata)
    twiddleCoef_64_q15                       0x0804a220   Data         192  commontables.o(.constdata)
    twiddleCoef_128_q15                      0x0804a2e0   Data         384  commontables.o(.constdata)
    twiddleCoef_256_q15                      0x0804a460   Data         768  commontables.o(.constdata)
    twiddleCoef_512_q15                      0x0804a760   Data        1536  commontables.o(.constdata)
    twiddleCoef_1024_q15                     0x0804ad60   Data        3072  commontables.o(.constdata)
    twiddleCoef_2048_q15                     0x0804b960   Data        6144  commontables.o(.constdata)
    twiddleCoef_4096_q15                     0x0804d160   Data       12288  commontables.o(.constdata)
    armBitRevIndexTableF64_16                0x08050160   Data          24  commontables.o(.constdata)
    armBitRevIndexTableF64_32                0x08050178   Data          48  commontables.o(.constdata)
    armBitRevIndexTableF64_64                0x080501a8   Data         112  commontables.o(.constdata)
    armBitRevIndexTableF64_128               0x08050218   Data         224  commontables.o(.constdata)
    armBitRevIndexTableF64_256               0x080502f8   Data         480  commontables.o(.constdata)
    armBitRevIndexTableF64_512               0x080504d8   Data         960  commontables.o(.constdata)
    armBitRevIndexTableF64_1024              0x08050898   Data        1984  commontables.o(.constdata)
    armBitRevIndexTableF64_2048              0x08051058   Data        3968  commontables.o(.constdata)
    armBitRevIndexTableF64_4096              0x08051fd8   Data        8064  commontables.o(.constdata)
    armBitRevIndexTable16                    0x08053f58   Data          40  commontables.o(.constdata)
    armBitRevIndexTable32                    0x08053f80   Data          96  commontables.o(.constdata)
    armBitRevIndexTable64                    0x08053fe0   Data         112  commontables.o(.constdata)
    armBitRevIndexTable128                   0x08054050   Data         416  commontables.o(.constdata)
    armBitRevIndexTable256                   0x080541f0   Data         880  commontables.o(.constdata)
    armBitRevIndexTable512                   0x08054560   Data         896  commontables.o(.constdata)
    armBitRevIndexTable1024                  0x080548e0   Data        3600  commontables.o(.constdata)
    armBitRevIndexTable2048                  0x080556f0   Data        7616  commontables.o(.constdata)
    armBitRevIndexTable4096                  0x080574b0   Data        8064  commontables.o(.constdata)
    armBitRevIndexTable_fixed_16             0x08059430   Data          24  commontables.o(.constdata)
    armBitRevIndexTable_fixed_32             0x08059448   Data          48  commontables.o(.constdata)
    armBitRevIndexTable_fixed_64             0x08059478   Data         112  commontables.o(.constdata)
    armBitRevIndexTable_fixed_128            0x080594e8   Data         224  commontables.o(.constdata)
    armBitRevIndexTable_fixed_256            0x080595c8   Data         480  commontables.o(.constdata)
    armBitRevIndexTable_fixed_512            0x080597a8   Data         960  commontables.o(.constdata)
    armBitRevIndexTable_fixed_1024           0x08059b68   Data        1984  commontables.o(.constdata)
    armBitRevIndexTable_fixed_2048           0x0805a328   Data        3968  commontables.o(.constdata)
    armBitRevIndexTable_fixed_4096           0x0805b2a8   Data        8064  commontables.o(.constdata)
    twiddleCoefF64_rfft_32                   0x0805d228   Data         256  commontables.o(.constdata)
    twiddleCoefF64_rfft_64                   0x0805d328   Data         512  commontables.o(.constdata)
    twiddleCoefF64_rfft_128                  0x0805d528   Data        1024  commontables.o(.constdata)
    twiddleCoefF64_rfft_256                  0x0805d928   Data        2048  commontables.o(.constdata)
    twiddleCoefF64_rfft_512                  0x0805e128   Data        4096  commontables.o(.constdata)
    twiddleCoefF64_rfft_1024                 0x0805f128   Data        8192  commontables.o(.constdata)
    twiddleCoefF64_rfft_2048                 0x08061128   Data       16384  commontables.o(.constdata)
    twiddleCoefF64_rfft_4096                 0x08065128   Data       32768  commontables.o(.constdata)
    twiddleCoef_rfft_32                      0x0806d128   Data         128  commontables.o(.constdata)
    twiddleCoef_rfft_64                      0x0806d1a8   Data         256  commontables.o(.constdata)
    twiddleCoef_rfft_128                     0x0806d2a8   Data         512  commontables.o(.constdata)
    twiddleCoef_rfft_256                     0x0806d4a8   Data        1024  commontables.o(.constdata)
    twiddleCoef_rfft_512                     0x0806d8a8   Data        2048  commontables.o(.constdata)
    twiddleCoef_rfft_1024                    0x0806e0a8   Data        4096  commontables.o(.constdata)
    twiddleCoef_rfft_2048                    0x0806f0a8   Data        8192  commontables.o(.constdata)
    twiddleCoef_rfft_4096                    0x080710a8   Data       16384  commontables.o(.constdata)
    realCoefA                                0x080750a8   Data       32768  commontables.o(.constdata)
    realCoefB                                0x0807d0a8   Data       32768  commontables.o(.constdata)
    realCoefAQ31                             0x080850a8   Data       32768  commontables.o(.constdata)
    realCoefBQ31                             0x0808d0a8   Data       32768  commontables.o(.constdata)
    realCoefAQ15                             0x080950a8   Data       16384  commontables.o(.constdata)
    realCoefBQ15                             0x080990a8   Data       16384  commontables.o(.constdata)
    Weights_128                              0x0809d0a8   Data        1024  commontables.o(.constdata)
    cos_factors_128                          0x0809d4a8   Data         512  commontables.o(.constdata)
    Weights_512                              0x0809d6a8   Data        4096  commontables.o(.constdata)
    cos_factors_512                          0x0809e6a8   Data        2048  commontables.o(.constdata)
    Weights_2048                             0x0809eea8   Data       16384  commontables.o(.constdata)
    cos_factors_2048                         0x080a2ea8   Data        8192  commontables.o(.constdata)
    Weights_8192                             0x080a4ea8   Data       65536  commontables.o(.constdata)
    cos_factors_8192                         0x080b4ea8   Data       32768  commontables.o(.constdata)
    WeightsQ15_128                           0x080bcea8   Data         512  commontables.o(.constdata)
    cos_factorsQ15_128                       0x080bd0a8   Data         256  commontables.o(.constdata)
    WeightsQ15_512                           0x080bd1a8   Data        2048  commontables.o(.constdata)
    cos_factorsQ15_512                       0x080bd9a8   Data        1024  commontables.o(.constdata)
    WeightsQ15_2048                          0x080bdda8   Data        8192  commontables.o(.constdata)
    cos_factorsQ15_2048                      0x080bfda8   Data        4096  commontables.o(.constdata)
    WeightsQ15_8192                          0x080c0da8   Data       32768  commontables.o(.constdata)
    cos_factorsQ15_8192                      0x080c8da8   Data       16384  commontables.o(.constdata)
    WeightsQ31_128                           0x080ccda8   Data        1024  commontables.o(.constdata)
    cos_factorsQ31_128                       0x080cd1a8   Data         512  commontables.o(.constdata)
    WeightsQ31_512                           0x080cd3a8   Data        4096  commontables.o(.constdata)
    cos_factorsQ31_512                       0x080ce3a8   Data        2048  commontables.o(.constdata)
    WeightsQ31_2048                          0x080ceba8   Data       16384  commontables.o(.constdata)
    cos_factorsQ31_2048                      0x080d2ba8   Data        8192  commontables.o(.constdata)
    WeightsQ31_8192                          0x080d4ba8   Data       65536  commontables.o(.constdata)
    cos_factorsQ31_8192                      0x080e4ba8   Data       32768  commontables.o(.constdata)
    armRecipTableQ15                         0x080ecba8   Data         128  commontables.o(.constdata)
    armRecipTableQ31                         0x080ecc28   Data         256  commontables.o(.constdata)
    sinTable_f32                             0x080ecd28   Data        2052  commontables.o(.constdata)
    sinTable_q31                             0x080ed52c   Data        2052  commontables.o(.constdata)
    sinTable_q15                             0x080edd30   Data        1026  commontables.o(.constdata)
    sqrt_initial_lut_q31                     0x080ee134   Data         128  commontables.o(.constdata)
    sqrt_initial_lut_q15                     0x080ee1b4   Data          32  commontables.o(.constdata)
    arm_cfft_sR_f64_len16                    0x080ee1d4   Data          16  commontables.o(.constdata)
    arm_cfft_sR_f64_len32                    0x080ee1e4   Data          16  commontables.o(.constdata)
    arm_cfft_sR_f64_len64                    0x080ee1f4   Data          16  commontables.o(.constdata)
    arm_cfft_sR_f64_len128                   0x080ee204   Data          16  commontables.o(.constdata)
    arm_cfft_sR_f64_len256                   0x080ee214   Data          16  commontables.o(.constdata)
    arm_cfft_sR_f64_len512                   0x080ee224   Data          16  commontables.o(.constdata)
    arm_cfft_sR_f64_len1024                  0x080ee234   Data          16  commontables.o(.constdata)
    arm_cfft_sR_f64_len2048                  0x080ee244   Data          16  commontables.o(.constdata)
    arm_cfft_sR_f64_len4096                  0x080ee254   Data          16  commontables.o(.constdata)
    arm_cfft_sR_f32_len16                    0x080ee264   Data          16  commontables.o(.constdata)
    arm_cfft_sR_f32_len32                    0x080ee274   Data          16  commontables.o(.constdata)
    arm_cfft_sR_f32_len64                    0x080ee284   Data          16  commontables.o(.constdata)
    arm_cfft_sR_f32_len128                   0x080ee294   Data          16  commontables.o(.constdata)
    arm_cfft_sR_f32_len256                   0x080ee2a4   Data          16  commontables.o(.constdata)
    arm_cfft_sR_f32_len512                   0x080ee2b4   Data          16  commontables.o(.constdata)
    arm_cfft_sR_f32_len1024                  0x080ee2c4   Data          16  commontables.o(.constdata)
    arm_cfft_sR_f32_len2048                  0x080ee2d4   Data          16  commontables.o(.constdata)
    arm_cfft_sR_f32_len4096                  0x080ee2e4   Data          16  commontables.o(.constdata)
    arm_cfft_sR_q31_len16                    0x080ee2f4   Data          16  commontables.o(.constdata)
    arm_cfft_sR_q31_len32                    0x080ee304   Data          16  commontables.o(.constdata)
    arm_cfft_sR_q31_len64                    0x080ee314   Data          16  commontables.o(.constdata)
    arm_cfft_sR_q31_len128                   0x080ee324   Data          16  commontables.o(.constdata)
    arm_cfft_sR_q31_len256                   0x080ee334   Data          16  commontables.o(.constdata)
    arm_cfft_sR_q31_len512                   0x080ee344   Data          16  commontables.o(.constdata)
    arm_cfft_sR_q31_len1024                  0x080ee354   Data          16  commontables.o(.constdata)
    arm_cfft_sR_q31_len2048                  0x080ee364   Data          16  commontables.o(.constdata)
    arm_cfft_sR_q31_len4096                  0x080ee374   Data          16  commontables.o(.constdata)
    arm_cfft_sR_q15_len16                    0x080ee384   Data          16  commontables.o(.constdata)
    arm_cfft_sR_q15_len32                    0x080ee394   Data          16  commontables.o(.constdata)
    arm_cfft_sR_q15_len64                    0x080ee3a4   Data          16  commontables.o(.constdata)
    arm_cfft_sR_q15_len128                   0x080ee3b4   Data          16  commontables.o(.constdata)
    arm_cfft_sR_q15_len256                   0x080ee3c4   Data          16  commontables.o(.constdata)
    arm_cfft_sR_q15_len512                   0x080ee3d4   Data          16  commontables.o(.constdata)
    arm_cfft_sR_q15_len1024                  0x080ee3e4   Data          16  commontables.o(.constdata)
    arm_cfft_sR_q15_len2048                  0x080ee3f4   Data          16  commontables.o(.constdata)
    arm_cfft_sR_q15_len4096                  0x080ee404   Data          16  commontables.o(.constdata)
    arm_rfft_fast_sR_f64_len32               0x080ee414   Data          24  commontables.o(.constdata)
    arm_rfft_fast_sR_f64_len64               0x080ee42c   Data          24  commontables.o(.constdata)
    arm_rfft_fast_sR_f64_len128              0x080ee444   Data          24  commontables.o(.constdata)
    arm_rfft_fast_sR_f64_len256              0x080ee45c   Data          24  commontables.o(.constdata)
    arm_rfft_fast_sR_f64_len512              0x080ee474   Data          24  commontables.o(.constdata)
    arm_rfft_fast_sR_f64_len1024             0x080ee48c   Data          24  commontables.o(.constdata)
    arm_rfft_fast_sR_f64_len2048             0x080ee4a4   Data          24  commontables.o(.constdata)
    arm_rfft_fast_sR_f64_len4096             0x080ee4bc   Data          24  commontables.o(.constdata)
    arm_rfft_fast_sR_f32_len32               0x080ee4d4   Data          24  commontables.o(.constdata)
    arm_rfft_fast_sR_f32_len64               0x080ee4ec   Data          24  commontables.o(.constdata)
    arm_rfft_fast_sR_f32_len128              0x080ee504   Data          24  commontables.o(.constdata)
    arm_rfft_fast_sR_f32_len256              0x080ee51c   Data          24  commontables.o(.constdata)
    arm_rfft_fast_sR_f32_len512              0x080ee534   Data          24  commontables.o(.constdata)
    arm_rfft_fast_sR_f32_len1024             0x080ee54c   Data          24  commontables.o(.constdata)
    arm_rfft_fast_sR_f32_len2048             0x080ee564   Data          24  commontables.o(.constdata)
    arm_rfft_fast_sR_f32_len4096             0x080ee57c   Data          24  commontables.o(.constdata)
    arm_rfft_sR_q31_len32                    0x080ee594   Data          24  commontables.o(.constdata)
    arm_rfft_sR_q31_len64                    0x080ee5ac   Data          24  commontables.o(.constdata)
    arm_rfft_sR_q31_len128                   0x080ee5c4   Data          24  commontables.o(.constdata)
    arm_rfft_sR_q31_len256                   0x080ee5dc   Data          24  commontables.o(.constdata)
    arm_rfft_sR_q31_len512                   0x080ee5f4   Data          24  commontables.o(.constdata)
    arm_rfft_sR_q31_len1024                  0x080ee60c   Data          24  commontables.o(.constdata)
    arm_rfft_sR_q31_len2048                  0x080ee624   Data          24  commontables.o(.constdata)
    arm_rfft_sR_q31_len4096                  0x080ee63c   Data          24  commontables.o(.constdata)
    arm_rfft_sR_q31_len8192                  0x080ee654   Data          24  commontables.o(.constdata)
    arm_rfft_sR_q15_len32                    0x080ee66c   Data          24  commontables.o(.constdata)
    arm_rfft_sR_q15_len64                    0x080ee684   Data          24  commontables.o(.constdata)
    arm_rfft_sR_q15_len128                   0x080ee69c   Data          24  commontables.o(.constdata)
    arm_rfft_sR_q15_len256                   0x080ee6b4   Data          24  commontables.o(.constdata)
    arm_rfft_sR_q15_len512                   0x080ee6cc   Data          24  commontables.o(.constdata)
    arm_rfft_sR_q15_len1024                  0x080ee6e4   Data          24  commontables.o(.constdata)
    arm_rfft_sR_q15_len2048                  0x080ee6fc   Data          24  commontables.o(.constdata)
    arm_rfft_sR_q15_len4096                  0x080ee714   Data          24  commontables.o(.constdata)
    arm_rfft_sR_q15_len8192                  0x080ee72c   Data          24  commontables.o(.constdata)
    Region$$Table$$Base                      0x080ee744   Number         0  anon$$obj.o(Region$$Table)
    Region$$Table$$Limit                     0x080ee784   Number         0  anon$$obj.o(Region$$Table)
    fft_buffer                               0x20000000   Data       32768  fft_app.o(.DTCM_DATA)
    mag_buffer                               0x20008000   Data       16384  fft_app.o(.DTCM_DATA)
    phase_ave                                0x2000c000   Data           4  main.o(.data)
    phase_sum                                0x2000c004   Data           4  main.o(.data)
    phase_count                              0x2000c008   Data           2  main.o(.data)
    freq1_ave                                0x2000c00c   Data           4  main.o(.data)
    freq1_sum                                0x2000c010   Data           4  main.o(.data)
    freq2_ave                                0x2000c014   Data           4  main.o(.data)
    freq2_sum                                0x2000c018   Data           4  main.o(.data)
    uwTick                                   0x2000c028   Data           4  stm32h7xx_hal.o(.data)
    uwTickPrio                               0x2000c02c   Data           4  stm32h7xx_hal.o(.data)
    uwTickFreq                               0x2000c030   Data           1  stm32h7xx_hal.o(.data)
    SystemCoreClock                          0x2000c034   Data           4  system_stm32h7xx.o(.data)
    SystemD2Clock                            0x2000c038   Data           4  system_stm32h7xx.o(.data)
    uart_flag                                0x2000c03c   Data           1  usart_app.o(.data)
    uart_rx_len                              0x2000c03d   Data           1  usart_app.o(.data)
    uart3_flag                               0x2000c03e   Data           1  usart_app.o(.data)
    uart3_rx_len                             0x2000c03f   Data           1  usart_app.o(.data)
    task_num                                 0x2000c040   Data           1  scheduler.o(.data)
    scheduler_task                           0x2000c044   Data          12  scheduler.o(.data)
    hadc1                                    0x2000c050   Data         112  adc.o(.bss)
    hadc2                                    0x2000c0c0   Data         112  adc.o(.bss)
    hdma_adc1                                0x2000c130   Data         120  adc.o(.bss)
    hdma_adc2                                0x2000c1a8   Data         120  adc.o(.bss)
    hsdram1                                  0x2000c220   Data          52  fmc.o(.bss)
    hospi1                                   0x2000c254   Data          92  octospi.o(.bss)
    htim3                                    0x2000c2b0   Data          76  tim.o(.bss)
    huart1                                   0x2000c2fc   Data         148  usart.o(.bss)
    huart3                                   0x2000c390   Data         148  usart.o(.bss)
    hdma_usart1_rx                           0x2000c424   Data         120  usart.o(.bss)
    hdma_usart3_rx                           0x2000c49c   Data         120  usart.o(.bss)
    fft_inst                                 0x2000c514   Data          16  fft_app.o(.bss)
    time_buffer                              0x2000c524   Data       16384  fft_app.o(.bss)
    __initial_sp                             0x20014528   Data           0  startup_stm32h723xx.o(STACK)
    adc_1_buffer                             0x24000000   Data        8192  main.o(.RAM_D1)
    adc_2_buffer                             0x24002000   Data        8192  main.o(.RAM_D1)
    uart_rx_dma_buffer                       0x24004000   Data         128  usart.o(.RAM_D1)
    uart_rx_temp_buffer                      0x24004080   Data         128  usart.o(.RAM_D1)
    uart3_rx_dma_buffer                      0x24004100   Data         128  usart.o(.RAM_D1)
    uart3_rx_temp_buffer                     0x24004180   Data         128  usart.o(.RAM_D1)
    adc1_flag                                0x38000000   Data           1  main.o(.RAM_D3)
    adc2_flag                                0x38000001   Data           1  main.o(.RAM_D3)
    re1                                      0x38000004   Data           4  main.o(.RAM_D3)
    im1                                      0x38000008   Data           4  main.o(.RAM_D3)
    re2                                      0x3800000c   Data           4  main.o(.RAM_D3)
    im2                                      0x38000010   Data           4  main.o(.RAM_D3)
    phase_1                                  0x38000014   Data           4  main.o(.RAM_D3)
    phase_2                                  0x38000018   Data           4  main.o(.RAM_D3)
    freq_1                                   0x3800001c   Data           4  main.o(.RAM_D3)
    freq_2                                   0x38000020   Data           4  main.o(.RAM_D3)
    phase_diff                               0x38000024   Data           4  main.o(.RAM_D3)
    phase_diff_deg                           0x38000028   Data           4  main.o(.RAM_D3)



==============================================================================

Memory Map of the image

  Image Entry point : 0x080002cd

  Load Region LR_IROM1 (Base: 0x08000000, Size: 0x000fea00, Max: 0x00100000, ABSOLUTE, COMPRESSED[0x000ee9cc])

    Execution Region ER_IROM1 (Exec base: 0x08000000, Load base: 0x08000000, Size: 0x000ee784, Max: 0x00100000, ABSOLUTE)

    Exec Addr    Load Addr    Size         Type   Attr      Idx    E Section Name        Object

    0x08000000   0x08000000   0x000002cc   Data   RO            3    RESET               startup_stm32h723xx.o
    0x080002cc   0x080002cc   0x00000000   Code   RO        13441  * .ARM.Collect$$$$00000000  mc_w.l(entry.o)
    0x080002cc   0x080002cc   0x00000004   Code   RO        13574    .ARM.Collect$$$$00000001  mc_w.l(entry2.o)
    0x080002d0   0x080002d0   0x00000004   Code   RO        13577    .ARM.Collect$$$$00000004  mc_w.l(entry5.o)
    0x080002d4   0x080002d4   0x00000000   Code   RO        13579    .ARM.Collect$$$$00000008  mc_w.l(entry7b.o)
    0x080002d4   0x080002d4   0x00000000   Code   RO        13581    .ARM.Collect$$$$0000000A  mc_w.l(entry8b.o)
    0x080002d4   0x080002d4   0x00000008   Code   RO        13582    .ARM.Collect$$$$0000000B  mc_w.l(entry9a.o)
    0x080002dc   0x080002dc   0x00000000   Code   RO        13584    .ARM.Collect$$$$0000000D  mc_w.l(entry10a.o)
    0x080002dc   0x080002dc   0x00000000   Code   RO        13586    .ARM.Collect$$$$0000000F  mc_w.l(entry11a.o)
    0x080002dc   0x080002dc   0x00000004   Code   RO        13575    .ARM.Collect$$$$00002712  mc_w.l(entry2.o)
    0x080002e0   0x080002e0   0x00000260   Code   RO         6549    .ITCM_CODE          fft_app.o
    0x08000540   0x08000540   0x0000002c   Code   RO            4    .text               startup_stm32h723xx.o
    0x0800056c   0x0800056c   0x00000062   Code   RO        13444    .text               mc_w.l(uldiv.o)
    0x080005ce   0x080005ce   0x0000001e   Code   RO        13448    .text               mc_w.l(llshl.o)
    0x080005ec   0x080005ec   0x00000024   Code   RO        13450    .text               mc_w.l(llsshr.o)
    0x08000610   0x08000610   0x00000024   Code   RO        13452    .text               mc_w.l(memcpya.o)
    0x08000634   0x08000634   0x00000024   Code   RO        13454    .text               mc_w.l(memseta.o)
    0x08000658   0x08000658   0x0000000e   Code   RO        13456    .text               mc_w.l(strlen.o)
    0x08000666   0x08000666   0x0000001c   Code   RO        13458    .text               mc_w.l(strcmp.o)
    0x08000682   0x08000682   0x0000002c   Code   RO        13591    .text               mc_w.l(uidiv.o)
    0x080006ae   0x080006ae   0x00000020   Code   RO        13593    .text               mc_w.l(llushr.o)
    0x080006ce   0x080006ce   0x00000000   Code   RO        13604    .text               mc_w.l(iusefp.o)
    0x080006ce   0x080006ce   0x0000014e   Code   RO        13605    .text               mf_w.l(dadd.o)
    0x0800081c   0x0800081c   0x000000e4   Code   RO        13607    .text               mf_w.l(dmul.o)
    0x08000900   0x08000900   0x000000de   Code   RO        13609    .text               mf_w.l(ddiv.o)
    0x080009de   0x080009de   0x00000030   Code   RO        13611    .text               mf_w.l(dfixul.o)
    0x08000a0e   0x08000a0e   0x00000002   PAD
    0x08000a10   0x08000a10   0x00000030   Code   RO        13613    .text               mf_w.l(cdrcmple.o)
    0x08000a40   0x08000a40   0x00000024   Code   RO        13623    .text               mc_w.l(init.o)
    0x08000a64   0x08000a64   0x000000ba   Code   RO        13627    .text               mf_w.l(depilogue.o)
    0x08000b1e   0x08000b1e   0x00000056   Code   RO        13637    .text               mc_w.l(__dczerorl2.o)
    0x08000b74   0x08000b74   0x00000130   Code   RO          788    i.ADC_ConfigureBoostMode  stm32h7xx_hal_adc.o
    0x08000ca4   0x08000ca4   0x00000092   Code   RO          790    i.ADC_DMAConvCplt   stm32h7xx_hal_adc.o
    0x08000d36   0x08000d36   0x0000001e   Code   RO          791    i.ADC_DMAError      stm32h7xx_hal_adc.o
    0x08000d54   0x08000d54   0x0000000e   Code   RO          792    i.ADC_DMAHalfConvCplt  stm32h7xx_hal_adc.o
    0x08000d62   0x08000d62   0x00000002   PAD
    0x08000d64   0x08000d64   0x00000094   Code   RO          793    i.ADC_Disable       stm32h7xx_hal_adc.o
    0x08000df8   0x08000df8   0x000000cc   Code   RO          794    i.ADC_Enable        stm32h7xx_hal_adc.o
    0x08000ec4   0x08000ec4   0x00000018   Code   RO          646    i.ADC_IRQHandler    stm32h7xx_it.o
    0x08000edc   0x08000edc   0x00000004   Code   RO          647    i.BusFault_Handler  stm32h7xx_it.o
    0x08000ee0   0x08000ee0   0x00000010   Code   RO          648    i.DMA1_Stream0_IRQHandler  stm32h7xx_it.o
    0x08000ef0   0x08000ef0   0x00000010   Code   RO          649    i.DMA1_Stream1_IRQHandler  stm32h7xx_it.o
    0x08000f00   0x08000f00   0x00000010   Code   RO          650    i.DMA1_Stream2_IRQHandler  stm32h7xx_it.o
    0x08000f10   0x08000f10   0x00000010   Code   RO          651    i.DMA1_Stream3_IRQHandler  stm32h7xx_it.o
    0x08000f20   0x08000f20   0x000000ec   Code   RO         2044    i.DMA_CalcBaseAndBitshift  stm32h7xx_hal_dma.o
    0x0800100c   0x0800100c   0x000000c4   Code   RO         2045    i.DMA_CalcDMAMUXChannelBaseAndMask  stm32h7xx_hal_dma.o
    0x080010d0   0x080010d0   0x00000098   Code   RO         2046    i.DMA_CalcDMAMUXRequestGenBaseAndMask  stm32h7xx_hal_dma.o
    0x08001168   0x08001168   0x000000ae   Code   RO         2047    i.DMA_CheckFifoParam  stm32h7xx_hal_dma.o
    0x08001216   0x08001216   0x00000002   PAD
    0x08001218   0x08001218   0x00000274   Code   RO         2048    i.DMA_SetConfig     stm32h7xx_hal_dma.o
    0x0800148c   0x0800148c   0x00000002   Code   RO          652    i.DebugMon_Handler  stm32h7xx_it.o
    0x0800148e   0x0800148e   0x00000002   PAD
    0x08001490   0x08001490   0x00000018   Code   RO           13    i.Error_Handler     main.o
    0x080014a8   0x080014a8   0x00000024   Code   RO         6065    i.ExitRun0Mode      system_stm32h7xx.o
    0x080014cc   0x080014cc   0x000000a4   Code   RO         6550    i.FFT_Parabolic_Interpolate  fft_app.o
    0x08001570   0x08001570   0x000002a0   Code   RO           14    i.FFT_proc          main.o
    0x08001810   0x08001810   0x0000006c   Code   RO         3858    i.FMC_SDRAM_Init    stm32h7xx_ll_fmc.o
    0x0800187c   0x0800187c   0x00000014   Code   RO         3859    i.FMC_SDRAM_ProgramRefreshRate  stm32h7xx_ll_fmc.o
    0x08001890   0x08001890   0x00000026   Code   RO         3860    i.FMC_SDRAM_SendCommand  stm32h7xx_ll_fmc.o
    0x080018b6   0x080018b6   0x00000002   PAD
    0x080018b8   0x080018b8   0x00000094   Code   RO         3862    i.FMC_SDRAM_Timing_Init  stm32h7xx_ll_fmc.o
    0x0800194c   0x0800194c   0x000000b8   Code   RO         1060    i.HAL_ADCEx_Calibration_Start  stm32h7xx_hal_adc_ex.o
    0x08001a04   0x08001a04   0x00000002   Code   RO         1064    i.HAL_ADCEx_EndOfSamplingCallback  stm32h7xx_hal_adc_ex.o
    0x08001a06   0x08001a06   0x00000002   Code   RO         1067    i.HAL_ADCEx_InjectedConvCpltCallback  stm32h7xx_hal_adc_ex.o
    0x08001a08   0x08001a08   0x00000002   Code   RO         1070    i.HAL_ADCEx_InjectedQueueOverflowCallback  stm32h7xx_hal_adc_ex.o
    0x08001a0a   0x08001a0a   0x00000002   Code   RO         1075    i.HAL_ADCEx_LevelOutOfWindow2Callback  stm32h7xx_hal_adc_ex.o
    0x08001a0c   0x08001a0c   0x00000002   Code   RO         1076    i.HAL_ADCEx_LevelOutOfWindow3Callback  stm32h7xx_hal_adc_ex.o
    0x08001a0e   0x08001a0e   0x00000002   PAD
    0x08001a10   0x08001a10   0x00000164   Code   RO         1080    i.HAL_ADCEx_MultiModeConfigChannel  stm32h7xx_hal_adc_ex.o
    0x08001b74   0x08001b74   0x00000884   Code   RO          796    i.HAL_ADC_ConfigChannel  stm32h7xx_hal_adc.o
    0x080023f8   0x080023f8   0x0000003c   Code   RO           15    i.HAL_ADC_ConvCpltCallback  main.o
    0x08002434   0x08002434   0x00000002   Code   RO          798    i.HAL_ADC_ConvHalfCpltCallback  stm32h7xx_hal_adc.o
    0x08002436   0x08002436   0x00000002   Code   RO          800    i.HAL_ADC_ErrorCallback  stm32h7xx_hal_adc.o
    0x08002438   0x08002438   0x00000358   Code   RO          804    i.HAL_ADC_IRQHandler  stm32h7xx_hal_adc.o
    0x08002790   0x08002790   0x00000340   Code   RO          805    i.HAL_ADC_Init      stm32h7xx_hal_adc.o
    0x08002ad0   0x08002ad0   0x00000002   Code   RO          806    i.HAL_ADC_LevelOutOfWindowCallback  stm32h7xx_hal_adc.o
    0x08002ad2   0x08002ad2   0x00000002   PAD
    0x08002ad4   0x08002ad4   0x000001b0   Code   RO          388    i.HAL_ADC_MspInit   adc.o
    0x08002c84   0x08002c84   0x00000170   Code   RO          812    i.HAL_ADC_Start_DMA  stm32h7xx_hal_adc.o
    0x08002df4   0x08002df4   0x000004dc   Code   RO         2049    i.HAL_DMA_Abort     stm32h7xx_hal_dma.o
    0x080032d0   0x080032d0   0x00000398   Code   RO         2050    i.HAL_DMA_Abort_IT  stm32h7xx_hal_dma.o
    0x08003668   0x08003668   0x00000af8   Code   RO         2054    i.HAL_DMA_IRQHandler  stm32h7xx_hal_dma.o
    0x08004160   0x08004160   0x00000514   Code   RO         2055    i.HAL_DMA_Init      stm32h7xx_hal_dma.o
    0x08004674   0x08004674   0x000003e0   Code   RO         2059    i.HAL_DMA_Start_IT  stm32h7xx_hal_dma.o
    0x08004a54   0x08004a54   0x00000028   Code   RO         2904    i.HAL_Delay         stm32h7xx_hal.o
    0x08004a7c   0x08004a7c   0x0000012c   Code   RO          461    i.HAL_FMC_MspInit   fmc.o
    0x08004ba8   0x08004ba8   0x000001f0   Code   RO         1897    i.HAL_GPIO_Init     stm32h7xx_hal_gpio.o
    0x08004d98   0x08004d98   0x00000014   Code   RO         1900    i.HAL_GPIO_TogglePin  stm32h7xx_hal_gpio.o
    0x08004dac   0x08004dac   0x0000000c   Code   RO         1901    i.HAL_GPIO_WritePin  stm32h7xx_hal_gpio.o
    0x08004db8   0x08004db8   0x0000000c   Code   RO         2920    i.HAL_GetTick       stm32h7xx_hal.o
    0x08004dc4   0x08004dc4   0x00000018   Code   RO         2926    i.HAL_IncTick       stm32h7xx_hal.o
    0x08004ddc   0x08004ddc   0x00000060   Code   RO         2927    i.HAL_Init          stm32h7xx_hal.o
    0x08004e3c   0x08004e3c   0x00000058   Code   RO         2928    i.HAL_InitTick      stm32h7xx_hal.o
    0x08004e94   0x08004e94   0x0000005c   Code   RO         2740    i.HAL_MPU_ConfigRegion  stm32h7xx_hal_cortex.o
    0x08004ef0   0x08004ef0   0x0000002c   Code   RO         2741    i.HAL_MPU_Disable   stm32h7xx_hal_cortex.o
    0x08004f1c   0x08004f1c   0x00000040   Code   RO         2743    i.HAL_MPU_Enable    stm32h7xx_hal_cortex.o
    0x08004f5c   0x08004f5c   0x00000024   Code   RO          764    i.HAL_MspInit       stm32h7xx_hal_msp.o
    0x08004f80   0x08004f80   0x00000028   Code   RO         2747    i.HAL_NVIC_EnableIRQ  stm32h7xx_hal_cortex.o
    0x08004fa8   0x08004fa8   0x0000007a   Code   RO         2753    i.HAL_NVIC_SetPriority  stm32h7xx_hal_cortex.o
    0x08005022   0x08005022   0x00000002   PAD
    0x08005024   0x08005024   0x00000028   Code   RO         2754    i.HAL_NVIC_SetPriorityGrouping  stm32h7xx_hal_cortex.o
    0x0800504c   0x0800504c   0x00000700   Code   RO         4218    i.HAL_OSPIM_Config  stm32h7xx_hal_ospi.o
    0x0800574c   0x0800574c   0x00000110   Code   RO         4236    i.HAL_OSPI_Init     stm32h7xx_hal_ospi.o
    0x0800585c   0x0800585c   0x00000114   Code   RO          514    i.HAL_OSPI_MspInit  octospi.o
    0x08005970   0x08005970   0x00000008   Code   RO         4246    i.HAL_OSPI_SetTimeout  stm32h7xx_hal_ospi.o
    0x08005978   0x08005978   0x00000060   Code   RO         2498    i.HAL_PWREx_ConfigSupply  stm32h7xx_hal_pwr_ex.o
    0x080059d8   0x080059d8   0x00000024   Code   RO         1440    i.HAL_RCCEx_GetD3PCLK1Freq  stm32h7xx_hal_rcc_ex.o
    0x080059fc   0x080059fc   0x00000230   Code   RO         1441    i.HAL_RCCEx_GetPLL1ClockFreq  stm32h7xx_hal_rcc_ex.o
    0x08005c2c   0x08005c2c   0x00000230   Code   RO         1442    i.HAL_RCCEx_GetPLL2ClockFreq  stm32h7xx_hal_rcc_ex.o
    0x08005e5c   0x08005e5c   0x00000230   Code   RO         1443    i.HAL_RCCEx_GetPLL3ClockFreq  stm32h7xx_hal_rcc_ex.o
    0x0800608c   0x0800608c   0x000007ac   Code   RO         1445    i.HAL_RCCEx_GetPeriphCLKFreq  stm32h7xx_hal_rcc_ex.o
    0x08006838   0x08006838   0x00000cc8   Code   RO         1449    i.HAL_RCCEx_PeriphCLKConfig  stm32h7xx_hal_rcc_ex.o
    0x08007500   0x08007500   0x00000320   Code   RO         1325    i.HAL_RCC_ClockConfig  stm32h7xx_hal_rcc.o
    0x08007820   0x08007820   0x0000004c   Code   RO         1330    i.HAL_RCC_GetHCLKFreq  stm32h7xx_hal_rcc.o
    0x0800786c   0x0800786c   0x00000024   Code   RO         1332    i.HAL_RCC_GetPCLK1Freq  stm32h7xx_hal_rcc.o
    0x08007890   0x08007890   0x00000024   Code   RO         1333    i.HAL_RCC_GetPCLK2Freq  stm32h7xx_hal_rcc.o
    0x080078b4   0x080078b4   0x0000022c   Code   RO         1334    i.HAL_RCC_GetSysClockFreq  stm32h7xx_hal_rcc.o
    0x08007ae0   0x08007ae0   0x0000075c   Code   RO         1337    i.HAL_RCC_OscConfig  stm32h7xx_hal_rcc.o
    0x0800823c   0x0800823c   0x00000050   Code   RO         4053    i.HAL_SDRAM_Init    stm32h7xx_hal_sdram.o
    0x0800828c   0x0800828c   0x0000000a   Code   RO          463    i.HAL_SDRAM_MspInit  fmc.o
    0x08008296   0x08008296   0x00000036   Code   RO         4056    i.HAL_SDRAM_ProgramRefreshRate  stm32h7xx_hal_sdram.o
    0x080082cc   0x080082cc   0x0000004e   Code   RO         4062    i.HAL_SDRAM_SendCommand  stm32h7xx_hal_sdram.o
    0x0800831a   0x0800831a   0x00000034   Code   RO         2758    i.HAL_SYSTICK_Config  stm32h7xx_hal_cortex.o
    0x0800834e   0x0800834e   0x00000002   PAD
    0x08008350   0x08008350   0x000000e4   Code   RO         5237    i.HAL_TIMEx_MasterConfigSynchronization  stm32h7xx_hal_tim_ex.o
    0x08008434   0x08008434   0x0000006e   Code   RO         4489    i.HAL_TIM_Base_Init  stm32h7xx_hal_tim.o
    0x080084a2   0x080084a2   0x00000002   PAD
    0x080084a4   0x080084a4   0x00000030   Code   RO          556    i.HAL_TIM_Base_MspInit  tim.o
    0x080084d4   0x080084d4   0x000000c0   Code   RO         4492    i.HAL_TIM_Base_Start  stm32h7xx_hal_tim.o
    0x08008594   0x08008594   0x00000134   Code   RO         4498    i.HAL_TIM_ConfigClockSource  stm32h7xx_hal_tim.o
    0x080086c8   0x080086c8   0x0000004e   Code   RO         5942    i.HAL_UARTEx_DisableFifoMode  stm32h7xx_hal_uart_ex.o
    0x08008716   0x08008716   0x00000062   Code   RO         5948    i.HAL_UARTEx_ReceiveToIdle_DMA  stm32h7xx_hal_uart_ex.o
    0x08008778   0x08008778   0x0000004c   Code   RO         6386    i.HAL_UARTEx_RxEventCallback  usart_app.o
    0x080087c4   0x080087c4   0x00000002   Code   RO         5950    i.HAL_UARTEx_RxFifoFullCallback  stm32h7xx_hal_uart_ex.o
    0x080087c6   0x080087c6   0x0000005e   Code   RO         5951    i.HAL_UARTEx_SetRxFifoThreshold  stm32h7xx_hal_uart_ex.o
    0x08008824   0x08008824   0x0000005e   Code   RO         5952    i.HAL_UARTEx_SetTxFifoThreshold  stm32h7xx_hal_uart_ex.o
    0x08008882   0x08008882   0x00000002   Code   RO         5954    i.HAL_UARTEx_TxFifoEmptyCallback  stm32h7xx_hal_uart_ex.o
    0x08008884   0x08008884   0x00000002   Code   RO         5955    i.HAL_UARTEx_WakeupCallback  stm32h7xx_hal_uart_ex.o
    0x08008886   0x08008886   0x00000002   Code   RO         5542    i.HAL_UART_ErrorCallback  stm32h7xx_hal_uart.o
    0x08008888   0x08008888   0x000004b6   Code   RO         5545    i.HAL_UART_IRQHandler  stm32h7xx_hal_uart.o
    0x08008d3e   0x08008d3e   0x00000078   Code   RO         5546    i.HAL_UART_Init     stm32h7xx_hal_uart.o
    0x08008db6   0x08008db6   0x00000002   PAD
    0x08008db8   0x08008db8   0x000001d0   Code   RO          598    i.HAL_UART_MspInit  usart.o
    0x08008f88   0x08008f88   0x00000002   Code   RO         5553    i.HAL_UART_RxCpltCallback  stm32h7xx_hal_uart.o
    0x08008f8a   0x08008f8a   0x00000002   Code   RO         5554    i.HAL_UART_RxHalfCpltCallback  stm32h7xx_hal_uart.o
    0x08008f8c   0x08008f8c   0x000000c2   Code   RO         5555    i.HAL_UART_Transmit  stm32h7xx_hal_uart.o
    0x0800904e   0x0800904e   0x00000002   Code   RO         5558    i.HAL_UART_TxCpltCallback  stm32h7xx_hal_uart.o
    0x08009050   0x08009050   0x00000018   Code   RO          653    i.HardFault_Handler  stm32h7xx_it.o
    0x08009068   0x08009068   0x00000010   Code   RO          818    i.LL_ADC_Enable     stm32h7xx_hal_adc.o
    0x08009078   0x08009078   0x0000000a   Code   RO          819    i.LL_ADC_GetMultiDMATransfer  stm32h7xx_hal_adc.o
    0x08009082   0x08009082   0x0000000a   Code   RO          820    i.LL_ADC_GetMultimode  stm32h7xx_hal_adc.o
    0x0800908c   0x0800908c   0x00000012   Code   RO          821    i.LL_ADC_GetOffsetChannel  stm32h7xx_hal_adc.o
    0x0800909e   0x0800909e   0x0000000a   Code   RO          822    i.LL_ADC_INJ_IsConversionOngoing  stm32h7xx_hal_adc.o
    0x080090a8   0x080090a8   0x0000000a   Code   RO          823    i.LL_ADC_IsDisableOngoing  stm32h7xx_hal_adc.o
    0x080090b2   0x080090b2   0x0000000a   Code   RO          824    i.LL_ADC_IsEnabled  stm32h7xx_hal_adc.o
    0x080090bc   0x080090bc   0x0000000a   Code   RO         1093    i.LL_ADC_IsEnabled  stm32h7xx_hal_adc_ex.o
    0x080090c6   0x080090c6   0x0000000a   Code   RO          825    i.LL_ADC_IsInternalRegulatorEnabled  stm32h7xx_hal_adc.o
    0x080090d0   0x080090d0   0x0000000a   Code   RO          826    i.LL_ADC_REG_IsConversionOngoing  stm32h7xx_hal_adc.o
    0x080090da   0x080090da   0x0000000a   Code   RO         1094    i.LL_ADC_REG_IsConversionOngoing  stm32h7xx_hal_adc_ex.o
    0x080090e4   0x080090e4   0x00000012   Code   RO          827    i.LL_ADC_REG_IsTriggerSourceSWStart  stm32h7xx_hal_adc.o
    0x080090f6   0x080090f6   0x00000002   PAD
    0x080090f8   0x080090f8   0x00000010   Code   RO          828    i.LL_ADC_REG_StartConversion  stm32h7xx_hal_adc.o
    0x08009108   0x08009108   0x0000000c   Code   RO          830    i.LL_ADC_SetCommonPathInternalCh  stm32h7xx_hal_adc.o
    0x08009114   0x08009114   0x00000030   Code   RO          831    i.LL_ADC_SetOffsetState  stm32h7xx_hal_adc.o
    0x08009144   0x08009144   0x000000d6   Code   RO           16    i.MPU_Config        main.o
    0x0800921a   0x0800921a   0x00000002   PAD
    0x0800921c   0x0800921c   0x000000c4   Code   RO          389    i.MX_ADC1_Init      adc.o
    0x080092e0   0x080092e0   0x00000098   Code   RO          390    i.MX_ADC2_Init      adc.o
    0x08009378   0x08009378   0x00000064   Code   RO          436    i.MX_DMA_Init       dma.o
    0x080093dc   0x080093dc   0x00000088   Code   RO          464    i.MX_FMC_Init       fmc.o
    0x08009464   0x08009464   0x000001ac   Code   RO          359    i.MX_GPIO_Init      gpio.o
    0x08009610   0x08009610   0x0000007c   Code   RO          515    i.MX_OCTOSPI1_Init  octospi.o
    0x0800968c   0x0800968c   0x00000070   Code   RO          557    i.MX_TIM3_Init      tim.o
    0x080096fc   0x080096fc   0x00000164   Code   RO          599    i.MX_USART1_UART_Init  usart.o
    0x08009860   0x08009860   0x00000164   Code   RO          600    i.MX_USART3_UART_Init  usart.o
    0x080099c4   0x080099c4   0x00000004   Code   RO          654    i.MemManage_Handler  stm32h7xx_it.o
    0x080099c8   0x080099c8   0x00000004   Code   RO          655    i.NMI_Handler       stm32h7xx_it.o
    0x080099cc   0x080099cc   0x000000e8   Code   RO         4254    i.OSPIM_GetConfig   stm32h7xx_hal_ospi.o
    0x08009ab4   0x08009ab4   0x0000004c   Code   RO         4260    i.OSPI_WaitFlagStateUntilTimeout  stm32h7xx_hal_ospi.o
    0x08009b00   0x08009b00   0x00000002   Code   RO          656    i.PendSV_Handler    stm32h7xx_it.o
    0x08009b02   0x08009b02   0x00000044   Code   RO           17    i.PeriphCommonClock_Config  main.o
    0x08009b46   0x08009b46   0x00000002   PAD
    0x08009b48   0x08009b48   0x00000164   Code   RO         1452    i.RCCEx_PLL2_Config  stm32h7xx_hal_rcc_ex.o
    0x08009cac   0x08009cac   0x00000164   Code   RO         1453    i.RCCEx_PLL3_Config  stm32h7xx_hal_rcc_ex.o
    0x08009e10   0x08009e10   0x00000092   Code   RO         6152    i.SDRAM_Initialization_Sequence  bsp_sdram.o
    0x08009ea2   0x08009ea2   0x00000002   PAD
    0x08009ea4   0x08009ea4   0x00000044   Code   RO         6153    i.SRAM_Clock_Enable  bsp_sdram.o
    0x08009ee8   0x08009ee8   0x00000002   Code   RO          657    i.SVC_Handler       stm32h7xx_it.o
    0x08009eea   0x08009eea   0x00000002   PAD
    0x08009eec   0x08009eec   0x000000d0   Code   RO         6553    i.Single_Point_DFT_Real_Fast  fft_app.o
    0x08009fbc   0x08009fbc   0x00000008   Code   RO          658    i.SysTick_Handler   stm32h7xx_it.o
    0x08009fc4   0x08009fc4   0x000000c0   Code   RO           18    i.SystemClock_Config  main.o
    0x0800a084   0x0800a084   0x0000010c   Code   RO         6067    i.SystemInit        system_stm32h7xx.o
    0x0800a190   0x0800a190   0x000000e8   Code   RO         4582    i.TIM_Base_SetConfig  stm32h7xx_hal_tim.o
    0x0800a278   0x0800a278   0x00000016   Code   RO         4593    i.TIM_ETR_SetConfig  stm32h7xx_hal_tim.o
    0x0800a28e   0x0800a28e   0x00000002   PAD
    0x0800a290   0x0800a290   0x00000018   Code   RO         4594    i.TIM_ITRx_SetConfig  stm32h7xx_hal_tim.o
    0x0800a2a8   0x0800a2a8   0x00000026   Code   RO         4602    i.TIM_TI1_ConfigInputStage  stm32h7xx_hal_tim.o
    0x0800a2ce   0x0800a2ce   0x00000028   Code   RO         4604    i.TIM_TI2_ConfigInputStage  stm32h7xx_hal_tim.o
    0x0800a2f6   0x0800a2f6   0x00000002   PAD
    0x0800a2f8   0x0800a2f8   0x0000003c   Code   RO         6387    i.UART1_Printf      usart_app.o
    0x0800a334   0x0800a334   0x00000058   Code   RO         5956    i.UARTEx_SetNbDataToProcess  stm32h7xx_hal_uart_ex.o
    0x0800a38c   0x0800a38c   0x000000f8   Code   RO         5560    i.UART_AdvFeatureConfig  stm32h7xx_hal_uart.o
    0x0800a484   0x0800a484   0x000000ea   Code   RO         5561    i.UART_CheckIdleState  stm32h7xx_hal_uart.o
    0x0800a56e   0x0800a56e   0x00000014   Code   RO         5562    i.UART_DMAAbortOnError  stm32h7xx_hal_uart.o
    0x0800a582   0x0800a582   0x0000005e   Code   RO         5563    i.UART_DMAError     stm32h7xx_hal_uart.o
    0x0800a5e0   0x0800a5e0   0x000000ae   Code   RO         5564    i.UART_DMAReceiveCplt  stm32h7xx_hal_uart.o
    0x0800a68e   0x0800a68e   0x00000026   Code   RO         5566    i.UART_DMARxHalfCplt  stm32h7xx_hal_uart.o
    0x0800a6b4   0x0800a6b4   0x0000006c   Code   RO         5572    i.UART_EndRxTransfer  stm32h7xx_hal_uart.o
    0x0800a720   0x0800a720   0x00000030   Code   RO         5573    i.UART_EndTransmit_IT  stm32h7xx_hal_uart.o
    0x0800a750   0x0800a750   0x00000040   Code   RO         5574    i.UART_EndTxTransfer  stm32h7xx_hal_uart.o
    0x0800a790   0x0800a790   0x00000628   Code   RO         5579    i.UART_SetConfig    stm32h7xx_hal_uart.o
    0x0800adb8   0x0800adb8   0x000000c8   Code   RO         5580    i.UART_Start_Receive_DMA  stm32h7xx_hal_uart.o
    0x0800ae80   0x0800ae80   0x000000ac   Code   RO         5586    i.UART_WaitOnFlagUntilTimeout  stm32h7xx_hal_uart.o
    0x0800af2c   0x0800af2c   0x00000108   Code   RO          659    i.USART1_IRQHandler  stm32h7xx_it.o
    0x0800b034   0x0800b034   0x00000108   Code   RO          660    i.USART3_IRQHandler  stm32h7xx_it.o
    0x0800b13c   0x0800b13c   0x00000004   Code   RO          661    i.UsageFault_Handler  stm32h7xx_it.o
    0x0800b140   0x0800b140   0x00000024   Code   RO        13469    i.__0vsprintf       mc_w.l(printfa.o)
    0x0800b164   0x0800b164   0x00000026   Code   RO        13541    i.__ARM_fpclassifyf  m_wv.l(fpclassifyf.o)
    0x0800b18a   0x0800b18a   0x00000002   PAD
    0x0800b18c   0x0800b18c   0x00000010   Code   RO         2760    i.__NVIC_GetPriorityGrouping  stm32h7xx_hal_cortex.o
    0x0800b19c   0x0800b19c   0x00000028   Code   RO         2761    i.__NVIC_SetPriority  stm32h7xx_hal_cortex.o
    0x0800b1c4   0x0800b1c4   0x00000258   Code   RO        13287    i.__hardfp_atan2f   m_wv.l(atan2f.o)
    0x0800b41c   0x0800b41c   0x00000006   Code   RO        13545    i.__mathlib_flt_infnan2  m_wv.l(funder.o)
    0x0800b422   0x0800b422   0x00000002   PAD
    0x0800b424   0x0800b424   0x00000010   Code   RO        13549    i.__mathlib_flt_underflow  m_wv.l(funder.o)
    0x0800b434   0x0800b434   0x0000000e   Code   RO        13631    i.__scatterload_copy  mc_w.l(handlers.o)
    0x0800b442   0x0800b442   0x00000002   Code   RO        13632    i.__scatterload_null  mc_w.l(handlers.o)
    0x0800b444   0x0800b444   0x0000000e   Code   RO        13633    i.__scatterload_zeroinit  mc_w.l(handlers.o)
    0x0800b452   0x0800b452   0x00000002   PAD
    0x0800b454   0x0800b454   0x00000184   Code   RO        13470    i._fp_digits        mc_w.l(printfa.o)
    0x0800b5d8   0x0800b5d8   0x000006dc   Code   RO        13471    i._printf_core      mc_w.l(printfa.o)
    0x0800bcb4   0x0800bcb4   0x00000024   Code   RO        13472    i._printf_post_padding  mc_w.l(printfa.o)
    0x0800bcd8   0x0800bcd8   0x0000002e   Code   RO        13473    i._printf_pre_padding  mc_w.l(printfa.o)
    0x0800bd06   0x0800bd06   0x0000000a   Code   RO        13475    i._sputc            mc_w.l(printfa.o)
    0x0800bd10   0x0800bd10   0x00000022   Code   RO         6554    i.adc_to_mind       fft_app.o
    0x0800bd32   0x0800bd32   0x00000048   Code   RO        11659    i.arm_bitreversal_32  transformfunctions.o
    0x0800bd7a   0x0800bd7a   0x000000f0   Code   RO        11664    i.arm_cfft_f32      transformfunctions.o
    0x0800be6a   0x0800be6a   0x00000002   PAD
    0x0800be6c   0x0800be6c   0x00000028   Code   RO        11666    i.arm_cfft_init_1024_f32  transformfunctions.o
    0x0800be94   0x0800be94   0x00000024   Code   RO        11670    i.arm_cfft_init_128_f32  transformfunctions.o
    0x0800beb8   0x0800beb8   0x00000024   Code   RO        11674    i.arm_cfft_init_16_f32  transformfunctions.o
    0x0800bedc   0x0800bedc   0x00000028   Code   RO        11678    i.arm_cfft_init_2048_f32  transformfunctions.o
    0x0800bf04   0x0800bf04   0x00000028   Code   RO        11682    i.arm_cfft_init_256_f32  transformfunctions.o
    0x0800bf2c   0x0800bf2c   0x00000024   Code   RO        11686    i.arm_cfft_init_32_f32  transformfunctions.o
    0x0800bf50   0x0800bf50   0x00000028   Code   RO        11690    i.arm_cfft_init_4096_f32  transformfunctions.o
    0x0800bf78   0x0800bf78   0x00000028   Code   RO        11694    i.arm_cfft_init_512_f32  transformfunctions.o
    0x0800bfa0   0x0800bfa0   0x00000024   Code   RO        11698    i.arm_cfft_init_64_f32  transformfunctions.o
    0x0800bfc4   0x0800bfc4   0x000000a0   Code   RO        11702    i.arm_cfft_init_f32  transformfunctions.o
    0x0800c064   0x0800c064   0x0000030a   Code   RO        11725    i.arm_cfft_radix8by2_f32  transformfunctions.o
    0x0800c36e   0x0800c36e   0x000007b2   Code   RO        11726    i.arm_cfft_radix8by4_f32  transformfunctions.o
    0x0800cb20   0x0800cb20   0x00000050   Code   RO         7549    i.arm_cmplx_mag_f32  complexmathfunctions.o
    0x0800cb70   0x0800cb70   0x000000a4   Code   RO         8238    i.arm_cos_f32       fastmathfunctions.o
    0x0800cc14   0x0800cc14   0x00000034   Code   RO        10445    i.arm_max_f32       statisticsfunctions.o
    0x0800cc48   0x0800cc48   0x00000b08   Code   RO        11776    i.arm_radix8_butterfly_f32  transformfunctions.o
    0x0800d750   0x0800d750   0x000000a0   Code   RO         8245    i.arm_sin_f32       fastmathfunctions.o
    0x0800d7f0   0x0800d7f0   0x00000018   Code   RO         6555    i.dsp_fft_init      fft_app.o
    0x0800d808   0x0800d808   0x000001a8   Code   RO           19    i.main              main.o
    0x0800d9b0   0x0800d9b0   0x0000000c   Code   RO         6438    i.scheduler_Init    scheduler.o
    0x0800d9bc   0x0800d9bc   0x00000170   Code   RO         6389    i.uart_proc         usart_app.o
    0x0800db2c   0x0800db2c   0x00000008   Data   RO         2061    .constdata          stm32h7xx_hal_dma.o
    0x0800db34   0x0800db34   0x00000018   Data   RO         5587    .constdata          stm32h7xx_hal_uart.o
    0x0800db4c   0x0800db4c   0x00000010   Data   RO         5958    .constdata          stm32h7xx_hal_uart_ex.o
    0x0800db5c   0x0800db5c   0x00000010   Data   RO         6068    .constdata          system_stm32h7xx.o
    0x0800db6c   0x0800db6c   0x00000004   PAD
    0x0800db70   0x0800db70   0x000e0bd4   Data   RO         7480    .constdata          commontables.o
    0x080ee744   0x080ee744   0x00000040   Data   RO        13629    Region$$Table       anon$$obj.o


    Execution Region RW_IRAM1 (Exec base: 0x20000000, Load base: 0x080ee784, Size: 0x00014528, Max: 0x00020000, ABSOLUTE, COMPRESSED[0x00000194])

    Exec Addr    Load Addr    Size         Type   Attr      Idx    E Section Name        Object

    0x20000000   COMPRESSED   0x0000c000   Data   RW         6556    .DTCM_DATA          fft_app.o
    0x2000c000   COMPRESSED   0x0000001c   Data   RW           22    .data               main.o
    0x2000c01c   COMPRESSED   0x00000004   Data   RW          392    .data               adc.o
    0x2000c020   COMPRESSED   0x00000008   Data   RW          466    .data               fmc.o
    0x2000c028   COMPRESSED   0x00000009   Data   RW         2951    .data               stm32h7xx_hal.o
    0x2000c031   COMPRESSED   0x00000003   PAD
    0x2000c034   COMPRESSED   0x00000008   Data   RW         6069    .data               system_stm32h7xx.o
    0x2000c03c   COMPRESSED   0x00000004   Data   RW         6390    .data               usart_app.o
    0x2000c040   COMPRESSED   0x00000010   Data   RW         6440    .data               scheduler.o
    0x2000c050        -       0x000001d0   Zero   RW          391    .bss                adc.o
    0x2000c220        -       0x00000034   Zero   RW          465    .bss                fmc.o
    0x2000c254        -       0x0000005c   Zero   RW          516    .bss                octospi.o
    0x2000c2b0        -       0x0000004c   Zero   RW          558    .bss                tim.o
    0x2000c2fc        -       0x00000218   Zero   RW          602    .bss                usart.o
    0x2000c514        -       0x00004010   Zero   RW         6557    .bss                fft_app.o
    0x20010524   COMPRESSED   0x00000004   PAD
    0x20010528        -       0x00004000   Zero   RW            1    STACK               startup_stm32h723xx.o


    Execution Region RW_IRAM2 (Exec base: 0x24000000, Load base: 0x080ee918, Size: 0x00004200, Max: 0x00050000, ABSOLUTE, COMPRESSED[0x00000088])

    Exec Addr    Load Addr    Size         Type   Attr      Idx    E Section Name        Object

    0x24000000   COMPRESSED   0x00004000   Data   RW           20    .RAM_D1             main.o
    0x24004000   COMPRESSED   0x00000200   Data   RW          601    .RAM_D1             usart.o


    Execution Region RW_IRAM3 (Exec base: 0x30000000, Load base: 0x080ee9a0, Size: 0x00000000, Max: 0x00010000, ABSOLUTE)

    **** No section assigned to this execution region ****


    Execution Region RW_IRAM4 (Exec base: 0x38000000, Load base: 0x080ee9a0, Size: 0x0000002c, Max: 0x00010000, ABSOLUTE)

    Exec Addr    Load Addr    Size         Type   Attr      Idx    E Section Name        Object

    0x38000000   0x080ee9a0   0x0000002c   Data   RW           21    .RAM_D3             main.o


    Execution Region RW_IRAM5 (Exec base: 0xc0000000, Load base: 0x080ee9cc, Size: 0x00000000, Max: 0x02000000, ABSOLUTE, UNINIT)

    **** No section assigned to this execution region ****


==============================================================================

Image component sizes


      Code (inc. data)   RO Data    RW Data    ZI Data      Debug   Object Name

       780         58          0          4        464       2986   adc.o
       214          4          0          0          0       2380   bsp_sdram.o
         0          0     920532          0          0      13425   commontables.o
        80          6          0          0          0       2056   complexmathfunctions.o
       100          4          0          0          0        914   dma.o
       324         28          0          0          0       1580   fastmathfunctions.o
      1038         68          0      49152      16400      42170   fft_app.o
       446         40          0          8         52       2596   fmc.o
       428         22          0          0          0       1327   gpio.o
      1654        216          0      16456          0    1316340   main.o
       400         26          0          0         92       2127   octospi.o
        12          4          0         16          0       1155   scheduler.o
        44         12        716          0      16384        840   startup_stm32h723xx.o
        52          0          0          0          0       1214   statisticsfunctions.o
       260         48          0          9          0      23757   stm32h7xx_hal.o
      5286        326          0          0          0      87905   stm32h7xx_hal_adc.o
       570         30          0          0          0      71802   stm32h7xx_hal_adc_ex.o
       510         40          0          0          0      42345   stm32h7xx_hal_cortex.o
      8650        164          8          0          0      13474   stm32h7xx_hal_dma.o
       528         50          0          0          0       2901   stm32h7xx_hal_gpio.o
        36          4          0          0          0        942   stm32h7xx_hal_msp.o
      2380         38          0          0          0       5813   stm32h7xx_hal_ospi.o
        96          6          0          0          0        777   stm32h7xx_hal_pwr_ex.o
      3388        110          0          0          0       6968   stm32h7xx_hal_rcc.o
      7664        184          0          0          0      10719   stm32h7xx_hal_rcc_ex.o
       212          4          0          0          0       2944   stm32h7xx_hal_sdram.o
       966        102          0          0          0       6690   stm32h7xx_hal_tim.o
       228         38          0          0          0       1572   stm32h7xx_hal_tim_ex.o
      4504        166         24          0          0      36116   stm32h7xx_hal_uart.o
       458         10         16          0          0       6517   stm32h7xx_hal_uart_ex.o
       670         82          0          0          0       7963   stm32h7xx_it.o
       314          4          0          0          0       4340   stm32h7xx_ll_fmc.o
       304         38         16          8          0       1913   system_stm32h7xx.o
       160         16          0          0         76       1798   tim.o
      6388         54          0          0          0      17047   transformfunctions.o
      1176         86          0        512        536       3269   usart.o
       504         98          0          4          0      38711   usart_app.o

    ----------------------------------------------------------------------
     50860       2186     921380      66172      34008    1787393   Object Totals
         0          0         64          0          0          0   (incl. Generated)
        36          0          4          3          4          0   (incl. Padding)

    ----------------------------------------------------------------------

      Code (inc. data)   RO Data    RW Data    ZI Data      Debug   Library Member Name

       600         98          0          0          0        184   atan2f.o
        38          0          0          0          0        116   fpclassifyf.o
        22          6          0          0          0        232   funder.o
        86          0          0          0          0          0   __dczerorl2.o
         0          0          0          0          0          0   entry.o
         0          0          0          0          0          0   entry10a.o
         0          0          0          0          0          0   entry11a.o
         8          4          0          0          0          0   entry2.o
         4          0          0          0          0          0   entry5.o
         0          0          0          0          0          0   entry7b.o
         0          0          0          0          0          0   entry8b.o
         8          4          0          0          0          0   entry9a.o
        30          0          0          0          0          0   handlers.o
        36          8          0          0          0         68   init.o
         0          0          0          0          0          0   iusefp.o
        30          0          0          0          0         68   llshl.o
        36          0          0          0          0         68   llsshr.o
        32          0          0          0          0         68   llushr.o
        36          0          0          0          0         68   memcpya.o
        36          0          0          0          0        108   memseta.o
      2272         86          0          0          0        516   printfa.o
        28          0          0          0          0         76   strcmp.o
        14          0          0          0          0         68   strlen.o
        44          0          0          0          0         80   uidiv.o
        98          0          0          0          0         92   uldiv.o
        48          0          0          0          0         68   cdrcmple.o
       334          0          0          0          0        148   dadd.o
       222          0          0          0          0        100   ddiv.o
       186          0          0          0          0        176   depilogue.o
        48          0          0          0          0         68   dfixul.o
       228          0          0          0          0         96   dmul.o

    ----------------------------------------------------------------------
      4532        206          0          0          0       2468   Library Totals
         8          0          0          0          0          0   (incl. Padding)

    ----------------------------------------------------------------------

      Code (inc. data)   RO Data    RW Data    ZI Data      Debug   Library Name

       660        104          0          0          0        532   m_wv.l
      2798        102          0          0          0       1280   mc_w.l
      1066          0          0          0          0        656   mf_w.l

    ----------------------------------------------------------------------
      4532        206          0          0          0       2468   Library Totals

    ----------------------------------------------------------------------

==============================================================================


      Code (inc. data)   RO Data    RW Data    ZI Data      Debug   

     55392       2392     921380      66172      34008    1770057   Grand Totals
     55392       2392     921380        584      34008    1770057   ELF Image Totals (compressed)
     55392       2392     921380        584          0          0   ROM Totals

==============================================================================

    Total RO  Size (Code + RO Data)               976772 ( 953.88kB)
    Total RW  Size (RW Data + ZI Data)            100180 (  97.83kB)
    Total ROM Size (Code + RO Data + RW Data)     977356 ( 954.45kB)

==============================================================================

