Component: ARM Compiler 5.06 update 5 (build 528) Tool: armlink [4d35e2]

==============================================================================

Section Cross References

    startup_stm32h747xx.o(STACK) refers (Special) to heapauxi.o(.text) for __use_two_region_memory
    startup_stm32h747xx.o(HEAP) refers (Special) to heapauxi.o(.text) for __use_two_region_memory
    startup_stm32h747xx.o(RESET) refers (Special) to heapauxi.o(.text) for __use_two_region_memory
    startup_stm32h747xx.o(RESET) refers to startup_stm32h747xx.o(STACK) for __initial_sp
    startup_stm32h747xx.o(RESET) refers to startup_stm32h747xx.o(.text) for Reset_Handler
    startup_stm32h747xx.o(RESET) refers to stm32h7xx_it.o(i.NMI_Handler) for NMI_Handler
    startup_stm32h747xx.o(RESET) refers to stm32h7xx_it.o(i.HardFault_Handler) for HardFault_Handler
    startup_stm32h747xx.o(RESET) refers to mpu.o(i.MemManage_Handler) for MemManage_Handler
    startup_stm32h747xx.o(RESET) refers to stm32h7xx_it.o(i.BusFault_Handler) for BusFault_Handler
    startup_stm32h747xx.o(RESET) refers to stm32h7xx_it.o(i.UsageFault_Handler) for UsageFault_Handler
    startup_stm32h747xx.o(RESET) refers to stm32h7xx_it.o(i.SVC_Handler) for SVC_Handler
    startup_stm32h747xx.o(RESET) refers to stm32h7xx_it.o(i.DebugMon_Handler) for DebugMon_Handler
    startup_stm32h747xx.o(RESET) refers to stm32h7xx_it.o(i.PendSV_Handler) for PendSV_Handler
    startup_stm32h747xx.o(RESET) refers to stm32h7xx_it.o(i.SysTick_Handler) for SysTick_Handler
    startup_stm32h747xx.o(RESET) refers to usart.o(i.USART1_IRQHandler) for USART1_IRQHandler
    startup_stm32h747xx.o(RESET) refers to timer.o(i.TIM6_DAC_IRQHandler) for TIM6_DAC_IRQHandler
    startup_stm32h747xx.o(.text) refers (Special) to heapauxi.o(.text) for __use_two_region_memory
    startup_stm32h747xx.o(.text) refers to system_stm32h7xx.o(i.ExitRun0Mode) for ExitRun0Mode
    startup_stm32h747xx.o(.text) refers to system_stm32h7xx.o(i.SystemInit) for SystemInit
    startup_stm32h747xx.o(.text) refers to __main.o(!!!main) for __main
    startup_stm32h747xx.o(.text) refers to startup_stm32h747xx.o(HEAP) for Heap_Mem
    startup_stm32h747xx.o(.text) refers to startup_stm32h747xx.o(STACK) for Stack_Mem
    main.o(i.main) refers to _printf_percent.o(.ARM.Collect$$_printf_percent$$00000000) for _printf_percent
    main.o(i.main) refers to _printf_f.o(.ARM.Collect$$_printf_percent$$00000003) for _printf_f
    main.o(i.main) refers to printf1.o(x$fpl$printf1) for _printf_fp_dec
    main.o(i.main) refers to _printf_d.o(.ARM.Collect$$_printf_percent$$00000009) for _printf_d
    main.o(i.main) refers to _printf_dec.o(.text) for _printf_int_dec
    main.o(i.main) refers to sys.o(i.sys_cache_enable) for sys_cache_enable
    main.o(i.main) refers to stm32h7xx_hal.o(i.HAL_Init) for HAL_Init
    main.o(i.main) refers to sys.o(i.sys_stm32_clock_init) for sys_stm32_clock_init
    main.o(i.main) refers to delay.o(i.delay_init) for delay_init
    main.o(i.main) refers to usart.o(i.usart_init) for usart_init
    main.o(i.main) refers to led.o(i.led_init) for led_init
    main.o(i.main) refers to mpu.o(i.mpu_memory_protection) for mpu_memory_protection
    main.o(i.main) refers to sdram.o(i.sdram_init) for sdram_init
    main.o(i.main) refers to lcd.o(i.lcd_init) for lcd_init
    main.o(i.main) refers to key.o(i.key_init) for key_init
    main.o(i.main) refers to timer.o(i.timx_int_init) for timx_int_init
    main.o(i.main) refers to lcd.o(i.lcd_show_string) for lcd_show_string
    main.o(i.main) refers to arm_cfft_radix4_init_f32.o(.text.arm_cfft_radix4_init_f32) for arm_cfft_radix4_init_f32
    main.o(i.main) refers to key.o(i.key_scan) for key_scan
    main.o(i.main) refers to arm_sin_f32.o(.text.arm_sin_f32) for arm_sin_f32
    main.o(i.main) refers to arm_cos_f32.o(.text.arm_cos_f32) for arm_cos_f32
    main.o(i.main) refers to arm_cfft_radix4_f32.o(.text.arm_cfft_radix4_f32) for arm_cfft_radix4_f32
    main.o(i.main) refers to noretval__2sprintf.o(.text) for __2sprintf
    main.o(i.main) refers to arm_cmplx_mag_f32.o(.text.arm_cmplx_mag_f32) for arm_cmplx_mag_f32
    main.o(i.main) refers to noretval__2printf.o(.text) for __2printf
    main.o(i.main) refers to delay.o(i.delay_ms) for delay_ms
    main.o(i.main) refers to stm32h7xx_hal_gpio.o(i.HAL_GPIO_TogglePin) for HAL_GPIO_TogglePin
    main.o(i.main) refers to main.o(.bss) for g_fft_inputbuf
    main.o(i.main) refers to main.o(.data) for g_timeout
    stm32h7xx_it.o(i.SysTick_Handler) refers to stm32h7xx_hal.o(i.HAL_IncTick) for HAL_IncTick
    system_stm32h7xx.o(i.SystemCoreClockUpdate) refers to system_stm32h7xx.o(.constdata) for D1CorePrescTable
    system_stm32h7xx.o(i.SystemCoreClockUpdate) refers to system_stm32h7xx.o(.data) for SystemD2Clock
    delay.o(i.HAL_Delay) refers to delay.o(i.delay_ms) for delay_ms
    delay.o(i.delay_init) refers to delay.o(.data) for g_fac_us
    delay.o(i.delay_ms) refers to delay.o(i.delay_us) for delay_us
[...]
    _printf_sizespec                         0x00000000   Number         0  printf_stubs.o ABSOLUTE
    _printf_widthprec                        0x00000000   Number         0  printf_stubs.o ABSOLUTE
    __ARM_exceptions_init                     - Undefined Weak Reference
    __alloca_initialize                       - Undefined Weak Reference
    __arm_preinit_                            - Undefined Weak Reference
    __cpp_initialize__aeabi_                  - Undefined Weak Reference
    __cxa_finalize                            - Undefined Weak Reference
    __sigvec_lookup                           - Undefined Weak Reference
    _atexit_init                              - Undefined Weak Reference
    _call_atexit_fns                          - Undefined Weak Reference
    _clock_init                               - Undefined Weak Reference
    _fp_trap_init                             - Undefined Weak Reference
    _fp_trap_shutdown                         - Undefined Weak Reference
    _get_lc_collate                           - Undefined Weak Reference
    _get_lc_ctype                             - Undefined Weak Reference
    _get_lc_monetary                          - Undefined Weak Reference
    _get_lc_time                              - Undefined Weak Reference
    _getenv_init                              - Undefined Weak Reference
    _handle_redirection                       - Undefined Weak Reference
    _init_alloc                               - Undefined Weak Reference
    _init_user_alloc                          - Undefined Weak Reference
    _initio                                   - Undefined Weak Reference
    _mutex_acquire                            - Undefined Weak Reference
    _mutex_release                            - Undefined Weak Reference
    _printf_post_padding                      - Undefined Weak Reference
    _printf_pre_padding                       - Undefined Weak Reference
    _printf_truncate_signed                   - Undefined Weak Reference
    _printf_truncate_unsigned                 - Undefined Weak Reference
    _rand_init                                - Undefined Weak Reference
    _signal_finish                            - Undefined Weak Reference
    _signal_init                              - Undefined Weak Reference
    _terminate_alloc                          - Undefined Weak Reference
    _terminate_user_alloc                     - Undefined Weak Reference
    _terminateio                              - Undefined Weak Reference
    __Vectors_Size                           0x00000298   Number         0  startup_stm32h747xx.o ABSOLUTE
    __Vectors                                0x08000000   Data           4  startup_stm32h747xx.o(RESET)
    __Vectors_End                            0x08000298   Data           0  startup_stm32h747xx.o(RESET)
    __main                                   0x08000299   Thumb Code     8  __main.o(!!!main)
    __scatterload                            0x080002a1   Thumb Code     0  __scatter.o(!!!scatter)
    __scatterload_rt2                        0x080002a1   Thumb Code    44  __scatter.o(!!!scatter)
    __scatterload_rt2_thumb_only             0x080002a1   Thumb Code     0  __scatter.o(!!!scatter)
    __scatterload_null                       0x080002af   Thumb Code     0  __scatter.o(!!!scatter)
    __decompress                             0x080002d5   Thumb Code    90  __dczerorl2.o(!!dczerorl2)
    __decompress1                            0x080002d5   Thumb Code     0  __dczerorl2.o(!!dczerorl2)
    __scatterload_zeroinit                   0x08000331   Thumb Code    28  __scatter_zi.o(!!handler_zi)
    _printf_f                                0x0800034d   Thumb Code     0  _printf_f.o(.ARM.Collect$$_printf_percent$$00000003)
    _printf_percent                          0x0800034d   Thumb Code     0  _printf_percent.o(.ARM.Collect$$_printf_percent$$00000000)
    _printf_d                                0x08000353   Thumb Code     0  _printf_d.o(.ARM.Collect$$_printf_percent$$00000009)
    _printf_x                                0x08000359   Thumb Code     0  _printf_x.o(.ARM.Collect$$_printf_percent$$0000000C)
    _printf_percent_end                      0x0800035f   Thumb Code     0  _printf_percent_end.o(.ARM.Collect$$_printf_percent$$00000017)
    __rt_lib_init                            0x08000363   Thumb Code     0  libinit.o(.ARM.Collect$$libinit$$00000000)
    __rt_lib_init_fp_1                       0x08000365   Thumb Code     0  libinit2.o(.ARM.Collect$$libinit$$00000001)
    __rt_lib_init_heap_1                     0x08000369   Thumb Code     0  libinit2.o(.ARM.Collect$$libinit$$0000000A)
    __rt_lib_init_lc_common                  0x08000369   Thumb Code     0  libinit2.o(.ARM.Collect$$libinit$$0000000F)
    __rt_lib_init_preinit_1                  0x08000369   Thumb Code     0  libinit2.o(.ARM.Collect$$libinit$$00000004)
    __rt_lib_init_rand_1                     0x08000369   Thumb Code     0  libinit2.o(.ARM.Collect$$libinit$$0000000E)
    __rt_lib_init_user_alloc_1               0x08000369   Thumb Code     0  libinit2.o(.ARM.Collect$$libinit$$0000000C)
    __rt_lib_init_lc_collate_1               0x0800036f   Thumb Code     0  libinit2.o(.ARM.Collect$$libinit$$00000011)
    __rt_lib_init_lc_ctype_1                 0x0800036f   Thumb Code     0  libinit2.o(.ARM.Collect$$libinit$$00000013)
    __rt_lib_init_lc_monetary_1              0x0800036f   Thumb Code     0  libinit2.o(.ARM.Collect$$libinit$$00000015)
    __rt_lib_init_lc_numeric_2               0x0800036f   Thumb Code     0  libinit2.o(.ARM.Collect$$libinit$$00000016)
    __rt_lib_init_alloca_1                   0x08000379   Thumb Code     0  libinit2.o(.ARM.Collect$$libinit$$0000002E)
    __rt_lib_init_argv_1                     0x08000379   Thumb Code     0  libinit2.o(.ARM.Collect$$libinit$$0000002C)
    __rt_lib_init_atexit_1                   0x08000379   Thumb Code     0  libinit2.o(.ARM.Collect$$libinit$$0000001B)
    __rt_lib_init_clock_1                    0x08000379   Thumb Code     0  libinit2.o(.ARM.Collect$$libinit$$00000021)
    __rt_lib_init_cpp_1                      0x08000379   Thumb Code     0  libinit2.o(.ARM.Collect$$libinit$$00000032)
    __rt_lib_init_exceptions_1               0x08000379   Thumb Code     0  libinit2.o(.ARM.Collect$$libinit$$00000030)
    __rt_lib_init_fp_trap_1                  0x08000379   Thumb Code     0  libinit2.o(.ARM.Collect$$libinit$$0000001F)
    __rt_lib_init_getenv_1                   0x08000379   Thumb Code     0  libinit2.o(.ARM.Collect$$libinit$$00000023)
    __rt_lib_init_lc_numeric_1               0x08000379   Thumb Code     0  libinit2.o(.ARM.Collect$$libinit$$00000017)
    __rt_lib_init_lc_time_1                  0x08000379   Thumb Code     0  libinit2.o(.ARM.Collect$$libinit$$00000019)
    __rt_lib_init_return                     0x08000379   Thumb Code     0  libinit2.o(.ARM.Collect$$libinit$$00000033)
    __rt_lib_init_signal_1                   0x08000379   Thumb Code     0  libinit2.o(.ARM.Collect$$libinit$$0000001D)
    __rt_lib_init_stdio_1                    0x08000379   Thumb Code     0  libinit2.o(.ARM.Collect$$libinit$$00000025)
    __rt_lib_shutdown                        0x0800037b   Thumb Code     0  libshutdown.o(.ARM.Collect$$libshutdown$$00000000)
    __rt_lib_shutdown_cpp_1                  0x0800037d   Thumb Code     0  libshutdown2.o(.ARM.Collect$$libshutdown$$00000002)
    __rt_lib_shutdown_fp_trap_1              0x0800037d   Thumb Code     0  libshutdown2.o(.ARM.Collect$$libshutdown$$00000007)
    __rt_lib_shutdown_heap_1                 0x0800037d   Thumb Code     0  libshutdown2.o(.ARM.Collect$$libshutdown$$0000000F)
    __rt_lib_shutdown_return                 0x0800037d   Thumb Code     0  libshutdown2.o(.ARM.Collect$$libshutdown$$00000010)
    __rt_lib_shutdown_signal_1               0x0800037d   Thumb Code     0  libshutdown2.o(.ARM.Collect$$libshutdown$$0000000A)
    __rt_lib_shutdown_stdio_1                0x0800037d   Thumb Code     0  libshutdown2.o(.ARM.Collect$$libshutdown$$00000004)
    __rt_lib_shutdown_user_alloc_1           0x0800037d   Thumb Code     0  libshutdown2.o(.ARM.Collect$$libshutdown$$0000000C)
    __rt_entry                               0x0800037f   Thumb Code     0  __rtentry.o(.ARM.Collect$$rtentry$$00000000)
    __rt_entry_presh_1                       0x0800037f   Thumb Code     0  __rtentry2.o(.ARM.Collect$$rtentry$$00000002)
    __rt_entry_sh                            0x0800037f   Thumb Code     0  __rtentry4.o(.ARM.Collect$$rtentry$$00000004)
    __rt_entry_li                            0x08000385   Thumb Code     0  __rtentry2.o(.ARM.Collect$$rtentry$$0000000A)
    __rt_entry_postsh_1                      0x08000385   Thumb Code     0  __rtentry2.o(.ARM.Collect$$rtentry$$00000009)
    __rt_entry_main                          0x08000389   Thumb Code     0  __rtentry2.o(.ARM.Collect$$rtentry$$0000000D)
    __rt_entry_postli_1                      0x08000389   Thumb Code     0  __rtentry2.o(.ARM.Collect$$rtentry$$0000000C)
    __rt_exit                                0x08000391   Thumb Code     0  rtexit.o(.ARM.Collect$$rtexit$$00000000)
    __rt_exit_ls                             0x08000393   Thumb Code     0  rtexit2.o(.ARM.Collect$$rtexit$$00000003)
    __rt_exit_prels_1                        0x08000393   Thumb Code     0  rtexit2.o(.ARM.Collect$$rtexit$$00000002)
    __rt_exit_exit                           0x08000397   Thumb Code     0  rtexit2.o(.ARM.Collect$$rtexit$$00000004)
    Reset_Handler                            0x0800039d   Thumb Code    12  startup_stm32h747xx.o(.text)
    ADC3_IRQHandler                          0x080003bb   Thumb Code     0  startup_stm32h747xx.o(.text)
    ADC_IRQHandler                           0x080003bb   Thumb Code     0  startup_stm32h747xx.o(.text)
    BDMA_Channel0_IRQHandler                 0x080003bb   Thumb Code     0  startup_stm32h747xx.o(.text)
    BDMA_Channel1_IRQHandler                 0x080003bb   Thumb Code     0  startup_stm32h747xx.o(.text)
    BDMA_Channel2_IRQHandler                 0x080003bb   Thumb Code     0  startup_stm32h747xx.o(.text)
    BDMA_Channel3_IRQHandler                 0x080003bb   Thumb Code     0  startup_stm32h747xx.o(.text)
    BDMA_Channel4_IRQHandler                 0x080003bb   Thumb Code     0  startup_stm32h747xx.o(.text)
    BDMA_Channel5_IRQHandler                 0x080003bb   Thumb Code     0  startup_stm32h747xx.o(.text)
    BDMA_Channel6_IRQHandler                 0x080003bb   Thumb Code     0  startup_stm32h747xx.o(.text)
    BDMA_Channel7_IRQHandler                 0x080003bb   Thumb Code     0  startup_stm32h747xx.o(.text)
    CEC_IRQHandler                           0x080003bb   Thumb Code     0  startup_stm32h747xx.o(.text)
    CM4_SEV_IRQHandler                       0x080003bb   Thumb Code     0  startup_stm32h747xx.o(.text)
    CM7_SEV_IRQHandler                       0x080003bb   Thumb Code     0  startup_stm32h747xx.o(.text)
    COMP1_IRQHandler                         0x080003bb   Thumb Code     0  startup_stm32h747xx.o(.text)
    CRS_IRQHandler                           0x080003bb   Thumb Code     0  startup_stm32h747xx.o(.text)
    DCMI_IRQHandler                          0x080003bb   Thumb Code     0  startup_stm32h747xx.o(.text)
    DFSDM1_FLT0_IRQHandler                   0x080003bb   Thumb Code     0  startup_stm32h747xx.o(.text)
    DFSDM1_FLT1_IRQHandler                   0x080003bb   Thumb Code     0  startup_stm32h747xx.o(.text)
    DFSDM1_FLT2_IRQHandler                   0x080003bb   Thumb Code     0  startup_stm32h747xx.o(.text)
    DFSDM1_FLT3_IRQHandler                   0x080003bb   Thumb Code     0  startup_stm32h747xx.o(.text)
    DMA1_Stream0_IRQHandler                  0x080003bb   Thumb Code     0  startup_stm32h747xx.o(.text)
    DMA1_Stream1_IRQHandler                  0x080003bb   Thumb Code     0  startup_stm32h747xx.o(.text)
    DMA1_Stream2_IRQHandler                  0x080003bb   Thumb Code     0  startup_stm32h747xx.o(.text)
    DMA1_Stream3_IRQHandler                  0x080003bb   Thumb Code     0  startup_stm32h747xx.o(.text)
    DMA1_Stream4_IRQHandler                  0x080003bb   Thumb Code     0  startup_stm32h747xx.o(.text)
    DMA1_Stream5_IRQHandler                  0x080003bb   Thumb Code     0  startup_stm32h747xx.o(.text)
    DMA1_Stream6_IRQHandler                  0x080003bb   Thumb Code     0  startup_stm32h747xx.o(.text)
    DMA1_Stream7_IRQHandler                  0x080003bb   Thumb Code     0  startup_stm32h747xx.o(.text)
    DMA2D_IRQHandler                         0x080003bb   Thumb Code     0  startup_stm32h747xx.o(.text)
    DMA2_Stream0_IRQHandler                  0x080003bb   Thumb Code     0  startup_stm32h747xx.o(.text)
    DMA2_Stream1_IRQHandler                  0x080003bb   Thumb Code     0  startup_stm32h747xx.o(.text)
    DMA2_Stream2_IRQHandler                  0x080003bb   Thumb Code     0  startup_stm32h747xx.o(.text)
    DMA2_Stream3_IRQHandler                  0x080003bb   Thumb Code     0  startup_stm32h747xx.o(.text)
    DMA2_Stream4_IRQHandler                  0x080003bb   Thumb Code     0  startup_stm32h747xx.o(.text)
    DMA2_Stream5_IRQHandler                  0x080003bb   Thumb Code     0  startup_stm32h747xx.o(.text)
    DMA2_Stream6_IRQHandler                  0x080003bb   Thumb Code     0  startup_stm32h747xx.o(.text)
    DMA2_Stream7_IRQHandler                  0x080003bb   Thumb Code     0  startup_stm32h747xx.o(.text)
    DMAMUX1_OVR_IRQHandler                   0x080003bb   Thumb Code     0  startup_stm32h747xx.o(.text)
    DMAMUX2_OVR_IRQHandler                   0x080003bb   Thumb Code     0  startup_stm32h747xx.o(.text)
    DSI_IRQHandler                           0x080003bb   Thumb Code     0  startup_stm32h747xx.o(.text)
    ECC_IRQHandler                           0x080003bb   Thumb Code     0  startup_stm32h747xx.o(.text)
    ETH_IRQHandler                           0x080003bb   Thumb Code     0  startup_stm32h747xx.o(.text)
    ETH_WKUP_IRQHandler                      0x080003bb   Thumb Code     0  startup_stm32h747xx.o(.text)
    EXTI0_IRQHandler                         0x080003bb   Thumb Code     0  startup_stm32h747xx.o(.text)
    EXTI15_10_IRQHandler                     0x080003bb   Thumb Code     0  startup_stm32h747xx.o(.text)
    EXTI1_IRQHandler                         0x080003bb   Thumb Code     0  startup_stm32h747xx.o(.text)
    EXTI2_IRQHandler                         0x080003bb   Thumb Code     0  startup_stm32h747xx.o(.text)
    EXTI3_IRQHandler                         0x080003bb   Thumb Code     0  startup_stm32h747xx.o(.text)
    EXTI4_IRQHandler                         0x080003bb   Thumb Code     0  startup_stm32h747xx.o(.text)
    EXTI9_5_IRQHandler                       0x080003bb   Thumb Code     0  startup_stm32h747xx.o(.text)
    FDCAN1_IT0_IRQHandler                    0x080003bb   Thumb Code     0  startup_stm32h747xx.o(.text)
    FDCAN1_IT1_IRQHandler                    0x080003bb   Thumb Code     0  startup_stm32h747xx.o(.text)
    FDCAN2_IT0_IRQHandler                    0x080003bb   Thumb Code     0  startup_stm32h747xx.o(.text)
    FDCAN2_IT1_IRQHandler                    0x080003bb   Thumb Code     0  startup_stm32h747xx.o(.text)
    FDCAN_CAL_IRQHandler                     0x080003bb   Thumb Code     0  startup_stm32h747xx.o(.text)
    FLASH_IRQHandler                         0x080003bb   Thumb Code     0  startup_stm32h747xx.o(.text)
    FMC_IRQHandler                           0x080003bb   Thumb Code     0  startup_stm32h747xx.o(.text)
    FPU_IRQHandler                           0x080003bb   Thumb Code     0  startup_stm32h747xx.o(.text)
    HOLD_CORE_IRQHandler                     0x080003bb   Thumb Code     0  startup_stm32h747xx.o(.text)
    HRTIM1_FLT_IRQHandler                    0x080003bb   Thumb Code     0  startup_stm32h747xx.o(.text)
    HRTIM1_Master_IRQHandler                 0x080003bb   Thumb Code     0  startup_stm32h747xx.o(.text)
    HRTIM1_TIMA_IRQHandler                   0x080003bb   Thumb Code     0  startup_stm32h747xx.o(.text)
    HRTIM1_TIMB_IRQHandler                   0x080003bb   Thumb Code     0  startup_stm32h747xx.o(.text)
    HRTIM1_TIMC_IRQHandler                   0x080003bb   Thumb Code     0  startup_stm32h747xx.o(.text)
    HRTIM1_TIMD_IRQHandler                   0x080003bb   Thumb Code     0  startup_stm32h747xx.o(.text)
    HRTIM1_TIME_IRQHandler                   0x080003bb   Thumb Code     0  startup_stm32h747xx.o(.text)
    HSEM1_IRQHandler                         0x080003bb   Thumb Code     0  startup_stm32h747xx.o(.text)
    HSEM2_IRQHandler                         0x080003bb   Thumb Code     0  startup_stm32h747xx.o(.text)
    I2C1_ER_IRQHandler                       0x080003bb   Thumb Code     0  startup_stm32h747xx.o(.text)
    I2C1_EV_IRQHandler                       0x080003bb   Thumb Code     0  startup_stm32h747xx.o(.text)
    I2C2_ER_IRQHandler                       0x080003bb   Thumb Code     0  startup_stm32h747xx.o(.text)
    I2C2_EV_IRQHandler                       0x080003bb   Thumb Code     0  startup_stm32h747xx.o(.text)
    I2C3_ER_IRQHandler                       0x080003bb   Thumb Code     0  startup_stm32h747xx.o(.text)
    I2C3_EV_IRQHandler                       0x080003bb   Thumb Code     0  startup_stm32h747xx.o(.text)
    I2C4_ER_IRQHandler                       0x080003bb   Thumb Code     0  startup_stm32h747xx.o(.text)
    I2C4_EV_IRQHandler                       0x080003bb   Thumb Code     0  startup_stm32h747xx.o(.text)
    JPEG_IRQHandler                          0x080003bb   Thumb Code     0  startup_stm32h747xx.o(.text)
    LPTIM1_IRQHandler                        0x080003bb   Thumb Code     0  startup_stm32h747xx.o(.text)
    LPTIM2_IRQHandler                        0x080003bb   Thumb Code     0  startup_stm32h747xx.o(.text)
    LPTIM3_IRQHandler                        0x080003bb   Thumb Code     0  startup_stm32h747xx.o(.text)
    LPTIM4_IRQHandler                        0x080003bb   Thumb Code     0  startup_stm32h747xx.o(.text)
    LPTIM5_IRQHandler                        0x080003bb   Thumb Code     0  startup_stm32h747xx.o(.text)
    LPUART1_IRQHandler                       0x080003bb   Thumb Code     0  startup_stm32h747xx.o(.text)
    LTDC_ER_IRQHandler                       0x080003bb   Thumb Code     0  startup_stm32h747xx.o(.text)
    LTDC_IRQHandler                          0x080003bb   Thumb Code     0  startup_stm32h747xx.o(.text)
    MDIOS_IRQHandler                         0x080003bb   Thumb Code     0  startup_stm32h747xx.o(.text)
    MDIOS_WKUP_IRQHandler                    0x080003bb   Thumb Code     0  startup_stm32h747xx.o(.text)
    MDMA_IRQHandler                          0x080003bb   Thumb Code     0  startup_stm32h747xx.o(.text)
    OTG_FS_EP1_IN_IRQHandler                 0x080003bb   Thumb Code     0  startup_stm32h747xx.o(.text)
    OTG_FS_EP1_OUT_IRQHandler                0x080003bb   Thumb Code     0  startup_stm32h747xx.o(.text)
    OTG_FS_IRQHandler                        0x080003bb   Thumb Code     0  startup_stm32h747xx.o(.text)
    OTG_FS_WKUP_IRQHandler                   0x080003bb   Thumb Code     0  startup_stm32h747xx.o(.text)
    OTG_HS_EP1_IN_IRQHandler                 0x080003bb   Thumb Code     0  startup_stm32h747xx.o(.text)
    OTG_HS_EP1_OUT_IRQHandler                0x080003bb   Thumb Code     0  startup_stm32h747xx.o(.text)
    OTG_HS_IRQHandler                        0x080003bb   Thumb Code     0  startup_stm32h747xx.o(.text)
    OTG_HS_WKUP_IRQHandler                   0x080003bb   Thumb Code     0  startup_stm32h747xx.o(.text)
    PVD_AVD_IRQHandler                       0x080003bb   Thumb Code     0  startup_stm32h747xx.o(.text)
    QUADSPI_IRQHandler                       0x080003bb   Thumb Code     0  startup_stm32h747xx.o(.text)
    RCC_IRQHandler                           0x080003bb   Thumb Code     0  startup_stm32h747xx.o(.text)
    RNG_IRQHandler                           0x080003bb   Thumb Code     0  startup_stm32h747xx.o(.text)
    RTC_Alarm_IRQHandler                     0x080003bb   Thumb Code     0  startup_stm32h747xx.o(.text)
    RTC_WKUP_IRQHandler                      0x080003bb   Thumb Code     0  startup_stm32h747xx.o(.text)
    SAI1_IRQHandler                          0x080003bb   Thumb Code     0  startup_stm32h747xx.o(.text)
    SAI2_IRQHandler                          0x080003bb   Thumb Code     0  startup_stm32h747xx.o(.text)
    SAI3_IRQHandler                          0x080003bb   Thumb Code     0  startup_stm32h747xx.o(.text)
    SAI4_IRQHandler                          0x080003bb   Thumb Code     0  startup_stm32h747xx.o(.text)
    SDMMC1_IRQHandler                        0x080003bb   Thumb Code     0  startup_stm32h747xx.o(.text)
    SDMMC2_IRQHandler                        0x080003bb   Thumb Code     0  startup_stm32h747xx.o(.text)
    SPDIF_RX_IRQHandler                      0x080003bb   Thumb Code     0  startup_stm32h747xx.o(.text)
    SPI1_IRQHandler                          0x080003bb   Thumb Code     0  startup_stm32h747xx.o(.text)
    SPI2_IRQHandler                          0x080003bb   Thumb Code     0  startup_stm32h747xx.o(.text)
    SPI3_IRQHandler                          0x080003bb   Thumb Code     0  startup_stm32h747xx.o(.text)
    SPI4_IRQHandler                          0x080003bb   Thumb Code     0  startup_stm32h747xx.o(.text)
    SPI5_IRQHandler                          0x080003bb   Thumb Code     0  startup_stm32h747xx.o(.text)
    SPI6_IRQHandler                          0x080003bb   Thumb Code     0  startup_stm32h747xx.o(.text)
    SWPMI1_IRQHandler                        0x080003bb   Thumb Code     0  startup_stm32h747xx.o(.text)
    TAMP_STAMP_IRQHandler                    0x080003bb   Thumb Code     0  startup_stm32h747xx.o(.text)
    TIM15_IRQHandler                         0x080003bb   Thumb Code     0  startup_stm32h747xx.o(.text)
    TIM16_IRQHandler                         0x080003bb   Thumb Code     0  startup_stm32h747xx.o(.text)
    TIM17_IRQHandler                         0x080003bb   Thumb Code     0  startup_stm32h747xx.o(.text)
    TIM1_BRK_IRQHandler                      0x080003bb   Thumb Code     0  startup_stm32h747xx.o(.text)
    TIM1_CC_IRQHandler                       0x080003bb   Thumb Code     0  startup_stm32h747xx.o(.text)
    TIM1_TRG_COM_IRQHandler                  0x080003bb   Thumb Code     0  startup_stm32h747xx.o(.text)
    TIM1_UP_IRQHandler                       0x080003bb   Thumb Code     0  startup_stm32h747xx.o(.text)
    TIM2_IRQHandler                          0x080003bb   Thumb Code     0  startup_stm32h747xx.o(.text)
    TIM3_IRQHandler                          0x080003bb   Thumb Code     0  startup_stm32h747xx.o(.text)
    TIM4_IRQHandler                          0x080003bb   Thumb Code     0  startup_stm32h747xx.o(.text)
    TIM5_IRQHandler                          0x080003bb   Thumb Code     0  startup_stm32h747xx.o(.text)
    TIM7_IRQHandler                          0x080003bb   Thumb Code     0  startup_stm32h747xx.o(.text)
    TIM8_BRK_TIM12_IRQHandler                0x080003bb   Thumb Code     0  startup_stm32h747xx.o(.text)
    TIM8_CC_IRQHandler                       0x080003bb   Thumb Code     0  startup_stm32h747xx.o(.text)
    TIM8_TRG_COM_TIM14_IRQHandler            0x080003bb   Thumb Code     0  startup_stm32h747xx.o(.text)
    TIM8_UP_TIM13_IRQHandler                 0x080003bb   Thumb Code     0  startup_stm32h747xx.o(.text)
    UART4_IRQHandler                         0x080003bb   Thumb Code     0  startup_stm32h747xx.o(.text)
    UART5_IRQHandler                         0x080003bb   Thumb Code     0  startup_stm32h747xx.o(.text)
    UART7_IRQHandler                         0x080003bb   Thumb Code     0  startup_stm32h747xx.o(.text)
    UART8_IRQHandler                         0x080003bb   Thumb Code     0  startup_stm32h747xx.o(.text)
    USART2_IRQHandler                        0x080003bb   Thumb Code     0  startup_stm32h747xx.o(.text)
    USART3_IRQHandler                        0x080003bb   Thumb Code     0  startup_stm32h747xx.o(.text)
    USART6_IRQHandler                        0x080003bb   Thumb Code     0  startup_stm32h747xx.o(.text)
    WAKEUP_PIN_IRQHandler                    0x080003bb   Thumb Code     0  startup_stm32h747xx.o(.text)
    WWDG_IRQHandler                          0x080003bb   Thumb Code     0  startup_stm32h747xx.o(.text)
    WWDG_RST_IRQHandler                      0x080003bb   Thumb Code     0  startup_stm32h747xx.o(.text)
    __user_initial_stackheap                 0x080003bd   Thumb Code     0  startup_stm32h747xx.o(.text)
    __use_no_semihosting                     0x080003e5   Thumb Code     2  use_no_semi_2.o(.text)
    __aeabi_uldivmod                         0x080003e7   Thumb Code     0  lludivv7m.o(.text)
    _ll_udiv                                 0x080003e7   Thumb Code   238  lludivv7m.o(.text)
    __2printf                                0x080004d5   Thumb Code    20  noretval__2printf.o(.text)
    __2sprintf                               0x080004ed   Thumb Code    34  noretval__2sprintf.o(.text)
    _printf_int_dec                          0x08000515   Thumb Code   104  _printf_dec.o(.text)
    _printf_int_hex                          0x0800058d   Thumb Code    84  _printf_hex_int.o(.text)
    _printf_longlong_hex                     0x0800058d   Thumb Code     0  _printf_hex_int.o(.text)
    __printf                                 0x080005e5   Thumb Code   308  __printf_flags_wp.o(.text)
    __aeabi_memcpy4                          0x0800071d   Thumb Code     0  rt_memcpy_w.o(.text)
    __aeabi_memcpy8                          0x0800071d   Thumb Code     0  rt_memcpy_w.o(.text)
    __rt_memcpy_w                            0x0800071d   Thumb Code   100  rt_memcpy_w.o(.text)
    _memcpy_lastbytes_aligned                0x08000765   Thumb Code     0  rt_memcpy_w.o(.text)
    __use_two_region_memory                  0x08000781   Thumb Code     2  heapauxi.o(.text)
    __rt_heap_escrow$2region                 0x08000783   Thumb Code     2  heapauxi.o(.text)
    __rt_heap_expand$2region                 0x08000785   Thumb Code     2  heapauxi.o(.text)
    __semihosting$guard                      0x08000787   Thumb Code     0  use_no_semi.o(.text)
    __use_no_semihosting_swi                 0x08000787   Thumb Code     2  use_no_semi.o(.text)
    __read_errno                             0x08000789   Thumb Code    10  _rserrno.o(.text)
    __set_errno                              0x08000793   Thumb Code    12  _rserrno.o(.text)
    _printf_int_common                       0x0800079f   Thumb Code   178  _printf_intcommon.o(.text)
    __lib_sel_fp_printf                      0x08000851   Thumb Code     2  _printf_fp_dec.o(.text)
    _printf_fp_dec_real                      0x08000a03   Thumb Code   620  _printf_fp_dec.o(.text)
    _printf_char_common                      0x08000c7b   Thumb Code    32  _printf_char_common.o(.text)
    _sputc                                   0x08000ca1   Thumb Code    10  _sputc.o(.text)
    _printf_char_file                        0x08000cad   Thumb Code    32  _printf_char_file.o(.text)
    __rt_locale                              0x08000cd1   Thumb Code     8  rt_locale_intlibspace.o(.text)
    __aeabi_errno_addr                       0x08000cd9   Thumb Code     8  rt_errno_addr_intlibspace.o(.text)
    __errno$intlibspace                      0x08000cd9   Thumb Code     0  rt_errno_addr_intlibspace.o(.text)
    __rt_errno_addr$intlibspace              0x08000cd9   Thumb Code     0  rt_errno_addr_intlibspace.o(.text)
    _ll_udiv10                               0x08000ce1   Thumb Code   138  lludiv10.o(.text)
    _printf_fp_infnan                        0x08000d6d   Thumb Code   112  _printf_fp_infnan.o(.text)
    _btod_etento                             0x08000ded   Thumb Code   224  bigflt0.o(.text)
    ferror                                   0x08000ed1   Thumb Code     8  ferror.o(.text)
    __user_libspace                          0x08000ed9   Thumb Code     8  libspace.o(.text)
    __user_perproc_libspace                  0x08000ed9   Thumb Code     0  libspace.o(.text)
    __user_perthread_libspace                0x08000ed9   Thumb Code     0  libspace.o(.text)
    __user_setup_stackheap                   0x08000ee1   Thumb Code    74  sys_stackheap_outer.o(.text)
    exit                                     0x08000f2b   Thumb Code    18  exit.o(.text)
    strcmp                                   0x08000f3d   Thumb Code   104  strcmpv7m_pel.o(.text)
    arm_bitreversal_f32                      0x08000fa5   Thumb Code   186  arm_bitreversal.o(.text.arm_bitreversal_f32)
    arm_cfft_radix4_f32                      0x0800105f   Thumb Code    64  arm_cfft_radix4_f32.o(.text.arm_cfft_radix4_f32)
    arm_cfft_radix4_init_f32                 0x080010a1   Thumb Code   148  arm_cfft_radix4_init_f32.o(.text.arm_cfft_radix4_init_f32)
    arm_cmplx_mag_f32                        0x08001135   Thumb Code   312  arm_cmplx_mag_f32.o(.text.arm_cmplx_mag_f32)
    arm_cos_f32                              0x0800126d   Thumb Code   144  arm_cos_f32.o(.text.arm_cos_f32)
    arm_radix4_butterfly_f32                 0x080012fd   Thumb Code   806  arm_cfft_radix4_f32.o(.text.arm_radix4_butterfly_f32)
    arm_radix4_butterfly_inverse_f32         0x08001625   Thumb Code   852  arm_cfft_radix4_f32.o(.text.arm_radix4_butterfly_inverse_f32)
    arm_sin_f32                              0x08001979   Thumb Code   140  arm_sin_f32.o(.text.arm_sin_f32)
    _btod_d2e                                0x08001a05   Thumb Code    62  btod.o(CL$$btod_d2e)
    _d2e_denorm_low                          0x08001a43   Thumb Code    70  btod.o(CL$$btod_d2e_denorm_low)
    _d2e_norm_op1                            0x08001a89   Thumb Code    96  btod.o(CL$$btod_d2e_norm_op1)
    __btod_div_common                        0x08001ae9   Thumb Code   696  btod.o(CL$$btod_div_common)
    _e2e                                     0x08001e21   Thumb Code   220  btod.o(CL$$btod_e2e)
    _btod_ediv                               0x08001efd   Thumb Code    42  btod.o(CL$$btod_ediv)
    _btod_emul                               0x08001f27   Thumb Code    42  btod.o(CL$$btod_emul)
    __btod_mult_common                       0x08001f51   Thumb Code   580  btod.o(CL$$btod_mult_common)
    BusFault_Handler                         0x08002195   Thumb Code     4  stm32h7xx_it.o(i.BusFault_Handler)
    DebugMon_Handler                         0x080021f9   Thumb Code     2  stm32h7xx_it.o(i.DebugMon_Handler)
    ExitRun0Mode                             0x080021fd   Thumb Code    34  system_stm32h7xx.o(i.ExitRun0Mode)
    FMC_SDRAM_Init                           0x08002225   Thumb Code   108  stm32h7xx_ll_fmc.o(i.FMC_SDRAM_Init)
    FMC_SDRAM_ProgramRefreshRate             0x08002291   Thumb Code    20  stm32h7xx_ll_fmc.o(i.FMC_SDRAM_ProgramRefreshRate)
    FMC_SDRAM_SendCommand                    0x080022a5   Thumb Code    38  stm32h7xx_ll_fmc.o(i.FMC_SDRAM_SendCommand)
    FMC_SDRAM_Timing_Init                    0x080022cd   Thumb Code   144  stm32h7xx_ll_fmc.o(i.FMC_SDRAM_Timing_Init)
    HAL_DMA_Abort                            0x08002361   Thumb Code  1236  stm32h7xx_hal_dma.o(i.HAL_DMA_Abort)
    HAL_DMA_Abort_IT                         0x0800283d   Thumb Code   906  stm32h7xx_hal_dma.o(i.HAL_DMA_Abort_IT)
    HAL_DSI_ConfigPhyTimer                   0x08002bd5   Thumb Code   162  stm32h7xx_hal_dsi.o(i.HAL_DSI_ConfigPhyTimer)
    HAL_DSI_ConfigVideoMode                  0x08002c77   Thumb Code   720  stm32h7xx_hal_dsi.o(i.HAL_DSI_ConfigVideoMode)
    HAL_DSI_Init                             0x08002f49   Thumb Code   624  stm32h7xx_hal_dsi.o(i.HAL_DSI_Init)
    HAL_DSI_LongWrite                        0x080031c1   Thumb Code   228  stm32h7xx_hal_dsi.o(i.HAL_DSI_LongWrite)
    HAL_DSI_MspInit                          0x080032a5   Thumb Code     2  stm32h7xx_hal_dsi.o(i.HAL_DSI_MspInit)
    HAL_DSI_ShortWrite                       0x080032a7   Thumb Code    66  stm32h7xx_hal_dsi.o(i.HAL_DSI_ShortWrite)
    HAL_DSI_Start                            0x080032e9   Thumb Code   104  stm32h7xx_hal_dsi.o(i.HAL_DSI_Start)
    HAL_Delay                                0x08003351   Thumb Code    12  delay.o(i.HAL_Delay)
    HAL_EnableCompensationCell               0x0800335d   Thumb Code    14  stm32h7xx_hal.o(i.HAL_EnableCompensationCell)
    HAL_GPIO_Init                            0x08003371   Thumb Code   456  stm32h7xx_hal_gpio.o(i.HAL_GPIO_Init)
    HAL_GPIO_ReadPin                         0x0800356d   Thumb Code    16  stm32h7xx_hal_gpio.o(i.HAL_GPIO_ReadPin)
    HAL_GPIO_TogglePin                       0x0800357d   Thumb Code    20  stm32h7xx_hal_gpio.o(i.HAL_GPIO_TogglePin)
    HAL_GPIO_WritePin                        0x08003591   Thumb Code    12  stm32h7xx_hal_gpio.o(i.HAL_GPIO_WritePin)
    HAL_GetREVID                             0x0800359d   Thumb Code     8  stm32h7xx_hal.o(i.HAL_GetREVID)
    HAL_GetTick                              0x080035a9   Thumb Code     6  stm32h7xx_hal.o(i.HAL_GetTick)
    HAL_IncTick                              0x080035b5   Thumb Code    16  stm32h7xx_hal.o(i.HAL_IncTick)
    HAL_Init                                 0x080035cd   Thumb Code    80  stm32h7xx_hal.o(i.HAL_Init)
    HAL_InitTick                             0x0800362d   Thumb Code    74  stm32h7xx_hal.o(i.HAL_InitTick)
    HAL_LTDC_ConfigLayer                     0x08003685   Thumb Code    94  stm32h7xx_hal_ltdc.o(i.HAL_LTDC_ConfigLayer)
    HAL_LTDC_Init                            0x080036e3   Thumb Code   202  stm32h7xx_hal_ltdc.o(i.HAL_LTDC_Init)
    HAL_LTDC_MspInit                         0x080037ad   Thumb Code   562  ltdc.o(i.HAL_LTDC_MspInit)
    HAL_LTDC_SetWindowPosition               0x080039fd   Thumb Code   108  stm32h7xx_hal_ltdc.o(i.HAL_LTDC_SetWindowPosition)
    HAL_LTDC_SetWindowSize                   0x08003a69   Thumb Code   108  stm32h7xx_hal_ltdc.o(i.HAL_LTDC_SetWindowSize)
    HAL_MPU_ConfigRegion                     0x08003ad5   Thumb Code    86  stm32h7xx_hal_cortex.o(i.HAL_MPU_ConfigRegion)
    HAL_MPU_Disable                          0x08003b31   Thumb Code    38  stm32h7xx_hal_cortex.o(i.HAL_MPU_Disable)
    HAL_MPU_Enable                           0x08003b5d   Thumb Code    58  stm32h7xx_hal_cortex.o(i.HAL_MPU_Enable)
    HAL_MspInit                              0x08003b9d   Thumb Code     2  stm32h7xx_hal.o(i.HAL_MspInit)
    HAL_NVIC_EnableIRQ                       0x08003b9f   Thumb Code    40  stm32h7xx_hal_cortex.o(i.HAL_NVIC_EnableIRQ)
    HAL_NVIC_SetPriority                     0x08003bc7   Thumb Code   122  stm32h7xx_hal_cortex.o(i.HAL_NVIC_SetPriority)
    HAL_NVIC_SetPriorityGrouping             0x08003c41   Thumb Code    32  stm32h7xx_hal_cortex.o(i.HAL_NVIC_SetPriorityGrouping)
    HAL_PWREx_EnableUSBVoltageDetector       0x08003c69   Thumb Code    14  stm32h7xx_hal_pwr_ex.o(i.HAL_PWREx_EnableUSBVoltageDetector)
    HAL_RCCEx_GetD3PCLK1Freq                 0x08003c7d   Thumb Code    26  stm32h7xx_hal_rcc_ex.o(i.HAL_RCCEx_GetD3PCLK1Freq)
    HAL_RCCEx_GetPLL2ClockFreq               0x08003ca1   Thumb Code   536  stm32h7xx_hal_rcc_ex.o(i.HAL_RCCEx_GetPLL2ClockFreq)
    HAL_RCCEx_GetPLL3ClockFreq               0x08003ed1   Thumb Code   536  stm32h7xx_hal_rcc_ex.o(i.HAL_RCCEx_GetPLL3ClockFreq)
    HAL_RCCEx_PeriphCLKConfig                0x08004101   Thumb Code  3510  stm32h7xx_hal_rcc_ex.o(i.HAL_RCCEx_PeriphCLKConfig)
    HAL_RCC_ClockConfig                      0x08004ebd   Thumb Code   774  stm32h7xx_hal_rcc.o(i.HAL_RCC_ClockConfig)
    HAL_RCC_GetHCLKFreq                      0x080051dd   Thumb Code    60  stm32h7xx_hal_rcc.o(i.HAL_RCC_GetHCLKFreq)
    HAL_RCC_GetPCLK1Freq                     0x08005229   Thumb Code    26  stm32h7xx_hal_rcc.o(i.HAL_RCC_GetPCLK1Freq)
    HAL_RCC_GetPCLK2Freq                     0x0800524d   Thumb Code    26  stm32h7xx_hal_rcc.o(i.HAL_RCC_GetPCLK2Freq)
    HAL_RCC_GetSysClockFreq                  0x08005271   Thumb Code   524  stm32h7xx_hal_rcc.o(i.HAL_RCC_GetSysClockFreq)
    HAL_RCC_OscConfig                        0x0800549d   Thumb Code  2130  stm32h7xx_hal_rcc.o(i.HAL_RCC_OscConfig)
    HAL_SDRAM_Init                           0x08005cf5   Thumb Code    76  stm32h7xx_hal_sdram.o(i.HAL_SDRAM_Init)
    HAL_SDRAM_MspInit                        0x08005d45   Thumb Code   338  sdram.o(i.HAL_SDRAM_MspInit)
    HAL_SDRAM_ProgramRefreshRate             0x08005eb9   Thumb Code    54  stm32h7xx_hal_sdram.o(i.HAL_SDRAM_ProgramRefreshRate)
    HAL_SDRAM_SendCommand                    0x08005eef   Thumb Code    78  stm32h7xx_hal_sdram.o(i.HAL_SDRAM_SendCommand)
    HAL_SYSTICK_Config                       0x08005f3d   Thumb Code    52  stm32h7xx_hal_cortex.o(i.HAL_SYSTICK_Config)
    HAL_TIMEx_Break2Callback                 0x08005f71   Thumb Code     2  stm32h7xx_hal_tim_ex.o(i.HAL_TIMEx_Break2Callback)
    HAL_TIMEx_BreakCallback                  0x08005f73   Thumb Code     2  stm32h7xx_hal_tim_ex.o(i.HAL_TIMEx_BreakCallback)
    HAL_TIMEx_CommutCallback                 0x08005f75   Thumb Code     2  stm32h7xx_hal_tim_ex.o(i.HAL_TIMEx_CommutCallback)
    HAL_TIM_Base_Init                        0x08005f77   Thumb Code   110  stm32h7xx_hal_tim.o(i.HAL_TIM_Base_Init)
    HAL_TIM_Base_MspInit                     0x08005fe5   Thumb Code    62  timer.o(i.HAL_TIM_Base_MspInit)
    HAL_TIM_Base_Start_IT                    0x0800602d   Thumb Code   146  stm32h7xx_hal_tim.o(i.HAL_TIM_Base_Start_IT)
    HAL_TIM_IC_CaptureCallback               0x080060e1   Thumb Code     2  stm32h7xx_hal_tim.o(i.HAL_TIM_IC_CaptureCallback)
    HAL_TIM_IRQHandler                       0x080060e3   Thumb Code   408  stm32h7xx_hal_tim.o(i.HAL_TIM_IRQHandler)
    HAL_TIM_OC_DelayElapsedCallback          0x0800627b   Thumb Code     2  stm32h7xx_hal_tim.o(i.HAL_TIM_OC_DelayElapsedCallback)
    HAL_TIM_PWM_PulseFinishedCallback        0x0800627d   Thumb Code     2  stm32h7xx_hal_tim.o(i.HAL_TIM_PWM_PulseFinishedCallback)
    HAL_TIM_PeriodElapsedCallback            0x08006281   Thumb Code    20  timer.o(i.HAL_TIM_PeriodElapsedCallback)
    HAL_TIM_TriggerCallback                  0x0800629d   Thumb Code     2  stm32h7xx_hal_tim.o(i.HAL_TIM_TriggerCallback)
    HAL_UARTEx_RxEventCallback               0x0800629f   Thumb Code     2  stm32h7xx_hal_uart.o(i.HAL_UARTEx_RxEventCallback)
    HAL_UARTEx_RxFifoFullCallback            0x080062a1   Thumb Code     2  stm32h7xx_hal_uart_ex.o(i.HAL_UARTEx_RxFifoFullCallback)
    HAL_UARTEx_TxFifoEmptyCallback           0x080062a3   Thumb Code     2  stm32h7xx_hal_uart_ex.o(i.HAL_UARTEx_TxFifoEmptyCallback)
    HAL_UARTEx_WakeupCallback                0x080062a5   Thumb Code     2  stm32h7xx_hal_uart_ex.o(i.HAL_UARTEx_WakeupCallback)
    HAL_UART_ErrorCallback                   0x080062a7   Thumb Code     2  stm32h7xx_hal_uart.o(i.HAL_UART_ErrorCallback)
    HAL_UART_IRQHandler                      0x080062a9   Thumb Code  1206  stm32h7xx_hal_uart.o(i.HAL_UART_IRQHandler)
    HAL_UART_Init                            0x0800675f   Thumb Code   120  stm32h7xx_hal_uart.o(i.HAL_UART_Init)
    HAL_UART_MspInit                         0x080067d9   Thumb Code   180  usart.o(i.HAL_UART_MspInit)
    HAL_UART_Receive_IT                      0x08006899   Thumb Code    88  stm32h7xx_hal_uart.o(i.HAL_UART_Receive_IT)
    HAL_UART_RxCpltCallback                  0x080068f5   Thumb Code   134  usart.o(i.HAL_UART_RxCpltCallback)
    HAL_UART_TxCpltCallback                  0x08006991   Thumb Code     2  stm32h7xx_hal_uart.o(i.HAL_UART_TxCpltCallback)
    HardFault_Handler                        0x08006993   Thumb Code     4  stm32h7xx_it.o(i.HardFault_Handler)
    MemManage_Handler                        0x08006b79   Thumb Code   102  mpu.o(i.MemManage_Handler)
    NMI_Handler                              0x08006c19   Thumb Code     2  stm32h7xx_it.o(i.NMI_Handler)
    PendSV_Handler                           0x08006c1b   Thumb Code     2  stm32h7xx_it.o(i.PendSV_Handler)
    SVC_Handler                              0x08006ee5   Thumb Code     2  stm32h7xx_it.o(i.SVC_Handler)
    SysTick_Handler                          0x08006ee7   Thumb Code     8  stm32h7xx_it.o(i.SysTick_Handler)
    SystemInit                               0x08006ef1   Thumb Code   256  system_stm32h7xx.o(i.SystemInit)
    TIM6_DAC_IRQHandler                      0x08007019   Thumb Code    10  timer.o(i.TIM6_DAC_IRQHandler)
    TIM_Base_SetConfig                       0x08007029   Thumb Code   178  stm32h7xx_hal_tim.o(i.TIM_Base_SetConfig)
    UART_AdvFeatureConfig                    0x080070fd   Thumb Code   248  stm32h7xx_hal_uart.o(i.UART_AdvFeatureConfig)
    UART_CheckIdleState                      0x080071f5   Thumb Code   234  stm32h7xx_hal_uart.o(i.UART_CheckIdleState)
    UART_SetConfig                           0x08007995   Thumb Code  1402  stm32h7xx_hal_uart.o(i.UART_SetConfig)
    UART_Start_Receive_IT                    0x08007f21   Thumb Code   332  stm32h7xx_hal_uart.o(i.UART_Start_Receive_IT)
    UART_WaitOnFlagUntilTimeout              0x0800807d   Thumb Code   172  stm32h7xx_hal_uart.o(i.UART_WaitOnFlagUntilTimeout)
    USART1_IRQHandler                        0x08008129   Thumb Code    10  usart.o(i.USART1_IRQHandler)
    UsageFault_Handler                       0x08008139   Thumb Code     4  stm32h7xx_it.o(i.UsageFault_Handler)
    __ARM_fpclassify                         0x0800813d   Thumb Code    48  fpclassify.o(i.__ARM_fpclassify)
    __hardfp_sqrtf                           0x080081a5   Thumb Code    58  sqrtf.o(i.__hardfp_sqrtf)
    _is_digit                                0x080081df   Thumb Code    14  __printf_wp.o(i._is_digit)
    _sys_exit                                0x080081ed   Thumb Code     4  usart.o(i._sys_exit)
    delay_init                               0x080081f1   Thumb Code     6  delay.o(i.delay_init)
    delay_ms                                 0x080081fd   Thumb Code    18  delay.o(i.delay_ms)
    delay_us                                 0x08008211   Thumb Code    68  delay.o(i.delay_us)
    dsi_host_init                            0x08008259   Thumb Code   404  mipi_lcd.o(i.dsi_host_init)
    dsi_init                                 0x0800840d   Thumb Code   228  mipi_lcd.o(i.dsi_init)
    dsi_io_write                             0x08008505   Thumb Code    96  mipi_lcd.o(i.dsi_io_write)
    dsi_ltdc_init                            0x08008569   Thumb Code   170  mipi_lcd.o(i.dsi_ltdc_init)
    fputc                                    0x0800862d   Thumb Code    22  usart.o(i.fputc)
    key_init                                 0x08008649   Thumb Code   120  key.o(i.key_init)
    key_scan                                 0x080086c9   Thumb Code   122  key.o(i.key_scan)
    lcd_clear                                0x0800874d   Thumb Code    18  lcd.o(i.lcd_clear)
    lcd_display_dir                          0x08008765   Thumb Code    40  lcd.o(i.lcd_display_dir)
    lcd_draw_point                           0x08008795   Thumb Code    26  lcd.o(i.lcd_draw_point)
    lcd_init                                 0x080087b5   Thumb Code   152  lcd.o(i.lcd_init)
    lcd_show_char                            0x0800886d   Thumb Code   294  lcd.o(i.lcd_show_char)
    lcd_show_string                          0x080089ad   Thumb Code   106  lcd.o(i.lcd_show_string)
    led_init                                 0x08008a19   Thumb Code   130  led.o(i.led_init)
    ltdc_clear                               0x08008aa9   Thumb Code    32  ltdc.o(i.ltdc_clear)
    ltdc_clk_set                             0x08008acd   Thumb Code    50  ltdc.o(i.ltdc_clk_set)
    ltdc_display_dir                         0x08008b01   Thumb Code    40  ltdc.o(i.ltdc_display_dir)
    ltdc_draw_point                          0x08008b2d   Thumb Code    70  ltdc.o(i.ltdc_draw_point)
    ltdc_fill                                0x08008b7d   Thumb Code   388  ltdc.o(i.ltdc_fill)
    ltdc_init                                0x08008d11   Thumb Code   868  ltdc.o(i.ltdc_init)
    ltdc_layer_parameter_config              0x08009095   Thumb Code   112  ltdc.o(i.ltdc_layer_parameter_config)
    ltdc_layer_window_config                 0x0800910d   Thumb Code    70  ltdc.o(i.ltdc_layer_window_config)
    ltdc_panelid_read                        0x08009161   Thumb Code   196  ltdc.o(i.ltdc_panelid_read)
    ltdc_select_layer                        0x08009231   Thumb Code     6  ltdc.o(i.ltdc_select_layer)
    main                                     0x0800923d   Thumb Code   646  main.o(i.main)
    mipi_lcd_ex_ili9881d_cmdinit             0x08009595   Thumb Code   186  mipi_lcd.o(i.mipi_lcd_ex_ili9881d_cmdinit)
    mipilcd_write_cmd                        0x08009655   Thumb Code    28  mipi_lcd.o(i.mipilcd_write_cmd)
    mpu_memory_protection                    0x08009671   Thumb Code   188  mpu.o(i.mpu_memory_protection)
    mpu_set_protection                       0x0800972d   Thumb Code    94  mpu.o(i.mpu_set_protection)
    sdram_init                               0x0800978d   Thumb Code   106  sdram.o(i.sdram_init)
    sdram_initialization_sequence            0x08009801   Thumb Code    66  sdram.o(i.sdram_initialization_sequence)
    sdram_send_cmd                           0x08009845   Thumb Code    68  sdram.o(i.sdram_send_cmd)
    sys_cache_enable                         0x0800988d   Thumb Code   310  sys.o(i.sys_cache_enable)
    sys_stm32_clock_init                     0x080099cd   Thumb Code   336  sys.o(i.sys_stm32_clock_init)
    tft_spi_init                             0x08009b29   Thumb Code  1578  tft_spi.o(i.tft_spi_init)
    tft_spi_write_byte                       0x0800a155   Thumb Code   102  tft_spi.o(i.tft_spi_write_byte)
    tft_spi_write_cmd                        0x0800a1c1   Thumb Code    94  tft_spi.o(i.tft_spi_write_cmd)
    tft_spi_write_data                       0x0800a229   Thumb Code    92  tft_spi.o(i.tft_spi_write_data)
    tft_spi_write_reg                        0x0800a28d   Thumb Code    20  tft_spi.o(i.tft_spi_write_reg)
    timx_int_init                            0x0800a2a1   Thumb Code    34  timer.o(i.timx_int_init)
    usart_init                               0x0800a2cd   Thumb Code    44  usart.o(i.usart_init)
    _get_lc_numeric                          0x0800a305   Thumb Code    44  lc_numeric_c.o(locale$$code)
    _fp_init                                 0x0800a331   Thumb Code    10  fpinit.o(x$fpl$fpinit)
    __fplib_config_fpu_vfp                   0x0800a339   Thumb Code     0  fpinit.o(x$fpl$fpinit)
    __fplib_config_pureend_doubles           0x0800a339   Thumb Code     0  fpinit.o(x$fpl$fpinit)
    _printf_fp_dec                           0x0800a33b   Thumb Code     4  printf1.o(x$fpl$printf1)
    D1CorePrescTable                         0x0800a33e   Data          16  system_stm32h7xx.o(.constdata)
    __I$use$fp                               0x0800a33e   Number         0  usenofp.o(x$fpl$usenofp)
    UARTPrescTable                           0x0800a34e   Data          24  stm32h7xx_hal_uart.o(.constdata)
    asc2_1206                                0x0800a366   Data        1140  lcd.o(.constdata)
    asc2_1608                                0x0800a7da   Data        1520  lcd.o(.constdata)
    asc2_2412                                0x0800adca   Data        3420  lcd.o(.constdata)
    asc2_3216                                0x0800bb26   Data        6080  lcd.o(.constdata)
    armBitRevTable                           0x0800f17c   Data        2048  arm_common_tables.o(.rodata.armBitRevTable)
    sinTable_f32                             0x0800f97c   Data        2052  arm_common_tables.o(.rodata.sinTable_f32)
    twiddleCoef_4096                         0x08010180   Data       32768  arm_common_tables.o(.rodata.twiddleCoef_4096)
    Region$$Table$$Base                      0x08018180   Number         0  anon$$obj.o(Region$$Table)
    Region$$Table$$Limit                     0x080181a0   Number         0  anon$$obj.o(Region$$Table)
    g_timeout                                0x24000000   Data           1  main.o(.data)
    SystemCoreClock                          0x24000004   Data           4  system_stm32h7xx.o(.data)
    SystemD2Clock                            0x24000008   Data           4  system_stm32h7xx.o(.data)
    __stdout                                 0x24000010   Data           4  usart.o(.data)
    g_usart_rx_sta                           0x24000014   Data           2  usart.o(.data)
    g_rx_buffer                              0x24000016   Data           1  usart.o(.data)
    uwTick                                   0x24000018   Data           4  stm32h7xx_hal.o(.data)
    uwTickPrio                               0x2400001c   Data           4  stm32h7xx_hal.o(.data)
    uwTickFreq                               0x24000020   Data           1  stm32h7xx_hal.o(.data)
    g_point_color                            0x24000024   Data           4  lcd.o(.data)
    g_back_color                             0x24000028   Data           4  lcd.o(.data)
    lcddev                                   0x2400002c   Data           8  lcd.o(.data)
    g_ltdc_framebuf                          0x24000034   Data           8  ltdc.o(.data)
    g_fft_inputbuf                           0x240004e0   Data        8192  main.o(.bss)
    g_fft_outputbuf                          0x240024e0   Data        4096  main.o(.bss)
    g_usart_rx_buf                           0x240034e0   Data         200  usart.o(.bss)
    g_uart1_handle                           0x240035a8   Data         148  usart.o(.bss)
    g_sdram_handle                           0x2400363c   Data          52  sdram.o(.bss)
    g_ltdc_handle                            0x24003670   Data         168  ltdc.o(.bss)
    g_dma2d_handle                           0x24003718   Data         104  ltdc.o(.bss)
    lcdltdc                                  0x24003780   Data          36  ltdc.o(.bss)
    g_dsi_handle                             0x240037a4   Data          28  mipi_lcd.o(.bss)
    g_timx_handle                            0x240037c0   Data          76  timer.o(.bss)
    __libspace_start                         0x2400380c   Data          96  libspace.o(.bss)
    __temporary_stack_top$libspace           0x2400386c   Data           0  libspace.o(.bss)
    ltdc_lcd_framebuf                        0xd0000000   Data       4147200  ltdc.o(.ARM.__AT_0xD0000000)



==============================================================================

Memory Map of the image

  Image Entry point : 0x08000299

  Load Region LR_IROM1 (Base: 0x08000000, Size: 0x0001869c, Max: 0x00100000, ABSOLUTE, COMPRESSED[0x000184e8])

    Execution Region ER_IROM1 (Exec base: 0x08000000, Load base: 0x08000000, Size: 0x000181bc, Max: 0x00100000, ABSOLUTE)

    Exec Addr    Load Addr    Size         Type   Attr      Idx    E Section Name        Object

    0x08000000   0x08000000   0x00000298   Data   RO            3    RESET               startup_stm32h747xx.o
    0x08000298   0x08000298   0x00000008   Code   RO         6399  * !!!main             c_w.l(__main.o)
    0x080002a0   0x080002a0   0x00000034   Code   RO         6643    !!!scatter          c_w.l(__scatter.o)
    0x080002d4   0x080002d4   0x0000005a   Code   RO         6641    !!dczerorl2         c_w.l(__dczerorl2.o)
    0x0800032e   0x0800032e   0x00000002   PAD
    0x08000330   0x08000330   0x0000001c   Code   RO         6645    !!handler_zi        c_w.l(__scatter_zi.o)
    0x0800034c   0x0800034c   0x00000000   Code   RO         6394    .ARM.Collect$$_printf_percent$$00000000  c_w.l(_printf_percent.o)
    0x0800034c   0x0800034c   0x00000006   Code   RO         6393    .ARM.Collect$$_printf_percent$$00000003  c_w.l(_printf_f.o)
    0x08000352   0x08000352   0x00000006   Code   RO         6392    .ARM.Collect$$_printf_percent$$00000009  c_w.l(_printf_d.o)
    0x08000358   0x08000358   0x00000006   Code   RO         6391    .ARM.Collect$$_printf_percent$$0000000C  c_w.l(_printf_x.o)
    0x0800035e   0x0800035e   0x00000004   Code   RO         6434    .ARM.Collect$$_printf_percent$$00000017  c_w.l(_printf_percent_end.o)
    0x08000362   0x08000362   0x00000002   Code   RO         6523    .ARM.Collect$$libinit$$00000000  c_w.l(libinit.o)
    0x08000364   0x08000364   0x00000004   Code   RO         6524    .ARM.Collect$$libinit$$00000001  c_w.l(libinit2.o)
    0x08000368   0x08000368   0x00000000   Code   RO         6527    .ARM.Collect$$libinit$$00000004  c_w.l(libinit2.o)
    0x08000368   0x08000368   0x00000000   Code   RO         6530    .ARM.Collect$$libinit$$0000000A  c_w.l(libinit2.o)
    0x08000368   0x08000368   0x00000000   Code   RO         6532    .ARM.Collect$$libinit$$0000000C  c_w.l(libinit2.o)
    0x08000368   0x08000368   0x00000000   Code   RO         6534    .ARM.Collect$$libinit$$0000000E  c_w.l(libinit2.o)
    0x08000368   0x08000368   0x00000006   Code   RO         6535    .ARM.Collect$$libinit$$0000000F  c_w.l(libinit2.o)
    0x0800036e   0x0800036e   0x00000000   Code   RO         6537    .ARM.Collect$$libinit$$00000011  c_w.l(libinit2.o)
    0x0800036e   0x0800036e   0x00000000   Code   RO         6539    .ARM.Collect$$libinit$$00000013  c_w.l(libinit2.o)
    0x0800036e   0x0800036e   0x00000000   Code   RO         6541    .ARM.Collect$$libinit$$00000015  c_w.l(libinit2.o)
    0x0800036e   0x0800036e   0x0000000a   Code   RO         6542    .ARM.Collect$$libinit$$00000016  c_w.l(libinit2.o)
    0x08000378   0x08000378   0x00000000   Code   RO         6543    .ARM.Collect$$libinit$$00000017  c_w.l(libinit2.o)
    0x08000378   0x08000378   0x00000000   Code   RO         6545    .ARM.Collect$$libinit$$00000019  c_w.l(libinit2.o)
    0x08000378   0x08000378   0x00000000   Code   RO         6547    .ARM.Collect$$libinit$$0000001B  c_w.l(libinit2.o)
    0x08000378   0x08000378   0x00000000   Code   RO         6549    .ARM.Collect$$libinit$$0000001D  c_w.l(libinit2.o)
    0x08000378   0x08000378   0x00000000   Code   RO         6551    .ARM.Collect$$libinit$$0000001F  c_w.l(libinit2.o)
    0x08000378   0x08000378   0x00000000   Code   RO         6553    .ARM.Collect$$libinit$$00000021  c_w.l(libinit2.o)
    0x08000378   0x08000378   0x00000000   Code   RO         6555    .ARM.Collect$$libinit$$00000023  c_w.l(libinit2.o)
    0x08000378   0x08000378   0x00000000   Code   RO         6557    .ARM.Collect$$libinit$$00000025  c_w.l(libinit2.o)
    0x08000378   0x08000378   0x00000000   Code   RO         6561    .ARM.Collect$$libinit$$0000002C  c_w.l(libinit2.o)
    0x08000378   0x08000378   0x00000000   Code   RO         6563    .ARM.Collect$$libinit$$0000002E  c_w.l(libinit2.o)
    0x08000378   0x08000378   0x00000000   Code   RO         6565    .ARM.Collect$$libinit$$00000030  c_w.l(libinit2.o)
    0x08000378   0x08000378   0x00000000   Code   RO         6567    .ARM.Collect$$libinit$$00000032  c_w.l(libinit2.o)
    0x08000378   0x08000378   0x00000002   Code   RO         6568    .ARM.Collect$$libinit$$00000033  c_w.l(libinit2.o)
    0x0800037a   0x0800037a   0x00000002   Code   RO         6606    .ARM.Collect$$libshutdown$$00000000  c_w.l(libshutdown.o)
    0x0800037c   0x0800037c   0x00000000   Code   RO         6624    .ARM.Collect$$libshutdown$$00000002  c_w.l(libshutdown2.o)
    0x0800037c   0x0800037c   0x00000000   Code   RO         6626    .ARM.Collect$$libshutdown$$00000004  c_w.l(libshutdown2.o)
    0x0800037c   0x0800037c   0x00000000   Code   RO         6629    .ARM.Collect$$libshutdown$$00000007  c_w.l(libshutdown2.o)
    0x0800037c   0x0800037c   0x00000000   Code   RO         6632    .ARM.Collect$$libshutdown$$0000000A  c_w.l(libshutdown2.o)
    0x0800037c   0x0800037c   0x00000000   Code   RO         6634    .ARM.Collect$$libshutdown$$0000000C  c_w.l(libshutdown2.o)
    0x0800037c   0x0800037c   0x00000000   Code   RO         6637    .ARM.Collect$$libshutdown$$0000000F  c_w.l(libshutdown2.o)
    0x0800037c   0x0800037c   0x00000002   Code   RO         6638    .ARM.Collect$$libshutdown$$00000010  c_w.l(libshutdown2.o)
    0x0800037e   0x0800037e   0x00000000   Code   RO         6417    .ARM.Collect$$rtentry$$00000000  c_w.l(__rtentry.o)
    0x0800037e   0x0800037e   0x00000000   Code   RO         6437    .ARM.Collect$$rtentry$$00000002  c_w.l(__rtentry2.o)
    0x0800037e   0x0800037e   0x00000006   Code   RO         6449    .ARM.Collect$$rtentry$$00000004  c_w.l(__rtentry4.o)
    0x08000384   0x08000384   0x00000000   Code   RO         6439    .ARM.Collect$$rtentry$$00000009  c_w.l(__rtentry2.o)
    0x08000384   0x08000384   0x00000004   Code   RO         6440    .ARM.Collect$$rtentry$$0000000A  c_w.l(__rtentry2.o)
    0x08000388   0x08000388   0x00000000   Code   RO         6442    .ARM.Collect$$rtentry$$0000000C  c_w.l(__rtentry2.o)
    0x08000388   0x08000388   0x00000008   Code   RO         6443    .ARM.Collect$$rtentry$$0000000D  c_w.l(__rtentry2.o)
    0x08000390   0x08000390   0x00000002   Code   RO         6569    .ARM.Collect$$rtexit$$00000000  c_w.l(rtexit.o)
    0x08000392   0x08000392   0x00000000   Code   RO         6582    .ARM.Collect$$rtexit$$00000002  c_w.l(rtexit2.o)
    0x08000392   0x08000392   0x00000004   Code   RO         6583    .ARM.Collect$$rtexit$$00000003  c_w.l(rtexit2.o)
    0x08000396   0x08000396   0x00000006   Code   RO         6584    .ARM.Collect$$rtexit$$00000004  c_w.l(rtexit2.o)
    0x0800039c   0x0800039c   0x00000048   Code   RO            4    .text               startup_stm32h747xx.o
    0x080003e4   0x080003e4   0x00000002   Code   RO         6334    .text               c_w.l(use_no_semi_2.o)
    0x080003e6   0x080003e6   0x000000ee   Code   RO         6336    .text               c_w.l(lludivv7m.o)
    0x080004d4   0x080004d4   0x00000018   Code   RO         6342    .text               c_w.l(noretval__2printf.o)
    0x080004ec   0x080004ec   0x00000028   Code   RO         6344    .text               c_w.l(noretval__2sprintf.o)
    0x08000514   0x08000514   0x00000078   Code   RO         6348    .text               c_w.l(_printf_dec.o)
    0x0800058c   0x0800058c   0x00000058   Code   RO         6353    .text               c_w.l(_printf_hex_int.o)
    0x080005e4   0x080005e4   0x00000138   Code   RO         6383    .text               c_w.l(__printf_flags_wp.o)
    0x0800071c   0x0800071c   0x00000064   Code   RO         6395    .text               c_w.l(rt_memcpy_w.o)
    0x08000780   0x08000780   0x00000006   Code   RO         6397    .text               c_w.l(heapauxi.o)
    0x08000786   0x08000786   0x00000002   Code   RO         6415    .text               c_w.l(use_no_semi.o)
    0x08000788   0x08000788   0x00000016   Code   RO         6422    .text               c_w.l(_rserrno.o)
    0x0800079e   0x0800079e   0x000000b2   Code   RO         6424    .text               c_w.l(_printf_intcommon.o)
    0x08000850   0x08000850   0x0000041e   Code   RO         6426    .text               c_w.l(_printf_fp_dec.o)
    0x08000c6e   0x08000c6e   0x00000002   PAD
    0x08000c70   0x08000c70   0x00000030   Code   RO         6428    .text               c_w.l(_printf_char_common.o)
    0x08000ca0   0x08000ca0   0x0000000a   Code   RO         6430    .text               c_w.l(_sputc.o)
    0x08000caa   0x08000caa   0x00000002   PAD
    0x08000cac   0x08000cac   0x00000024   Code   RO         6432    .text               c_w.l(_printf_char_file.o)
    0x08000cd0   0x08000cd0   0x00000008   Code   RO         6456    .text               c_w.l(rt_locale_intlibspace.o)
    0x08000cd8   0x08000cd8   0x00000008   Code   RO         6461    .text               c_w.l(rt_errno_addr_intlibspace.o)
    0x08000ce0   0x08000ce0   0x0000008a   Code   RO         6463    .text               c_w.l(lludiv10.o)
    0x08000d6a   0x08000d6a   0x00000002   PAD
    0x08000d6c   0x08000d6c   0x00000080   Code   RO         6465    .text               c_w.l(_printf_fp_infnan.o)
    0x08000dec   0x08000dec   0x000000e4   Code   RO         6469    .text               c_w.l(bigflt0.o)
    0x08000ed0   0x08000ed0   0x00000008   Code   RO         6494    .text               c_w.l(ferror.o)
    0x08000ed8   0x08000ed8   0x00000008   Code   RO         6505    .text               c_w.l(libspace.o)
    0x08000ee0   0x08000ee0   0x0000004a   Code   RO         6508    .text               c_w.l(sys_stackheap_outer.o)
    0x08000f2a   0x08000f2a   0x00000012   Code   RO         6510    .text               c_w.l(exit.o)
    0x08000f3c   0x08000f3c   0x00000068   Code   RO         6516    .text               c_w.l(strcmpv7m_pel.o)
    0x08000fa4   0x08000fa4   0x000000ba   Code   RO         6223    .text.arm_bitreversal_f32  arm_cortexM7lfdp_math.lib(arm_bitreversal.o)
    0x0800105e   0x0800105e   0x00000040   Code   RO         6198    .text.arm_cfft_radix4_f32  arm_cortexM7lfdp_math.lib(arm_cfft_radix4_f32.o)
    0x0800109e   0x0800109e   0x00000002   PAD
    0x080010a0   0x080010a0   0x00000094   Code   RO         6213    .text.arm_cfft_radix4_init_f32  arm_cortexM7lfdp_math.lib(arm_cfft_radix4_init_f32.o)
    0x08001134   0x08001134   0x00000138   Code   RO         6187    .text.arm_cmplx_mag_f32  arm_cortexM7lfdp_math.lib(arm_cmplx_mag_f32.o)
    0x0800126c   0x0800126c   0x00000090   Code   RO         6167    .text.arm_cos_f32   arm_cortexM7lfdp_math.lib(arm_cos_f32.o)
    0x080012fc   0x080012fc   0x00000326   Code   RO         6202    .text.arm_radix4_butterfly_f32  arm_cortexM7lfdp_math.lib(arm_cfft_radix4_f32.o)
    0x08001622   0x08001622   0x00000002   PAD
    0x08001624   0x08001624   0x00000354   Code   RO         6200    .text.arm_radix4_butterfly_inverse_f32  arm_cortexM7lfdp_math.lib(arm_cfft_radix4_f32.o)
    0x08001978   0x08001978   0x0000008c   Code   RO         6177    .text.arm_sin_f32   arm_cortexM7lfdp_math.lib(arm_sin_f32.o)
    0x08001a04   0x08001a04   0x0000003e   Code   RO         6472    CL$$btod_d2e        c_w.l(btod.o)
    0x08001a42   0x08001a42   0x00000046   Code   RO         6474    CL$$btod_d2e_denorm_low  c_w.l(btod.o)
    0x08001a88   0x08001a88   0x00000060   Code   RO         6473    CL$$btod_d2e_norm_op1  c_w.l(btod.o)
    0x08001ae8   0x08001ae8   0x00000338   Code   RO         6482    CL$$btod_div_common  c_w.l(btod.o)
    0x08001e20   0x08001e20   0x000000dc   Code   RO         6479    CL$$btod_e2e        c_w.l(btod.o)
    0x08001efc   0x08001efc   0x0000002a   Code   RO         6476    CL$$btod_ediv       c_w.l(btod.o)
    0x08001f26   0x08001f26   0x0000002a   Code   RO         6475    CL$$btod_emul       c_w.l(btod.o)
    0x08001f50   0x08001f50   0x00000244   Code   RO         6481    CL$$btod_mult_common  c_w.l(btod.o)
    0x08002194   0x08002194   0x00000004   Code   RO          396    i.BusFault_Handler  stm32h7xx_it.o
    0x08002198   0x08002198   0x00000014   Code   RO         5226    i.DSI_ConfigPacketHeader  stm32h7xx_hal_dsi.o
    0x080021ac   0x080021ac   0x0000004c   Code   RO         5227    i.DSI_ShortWrite    stm32h7xx_hal_dsi.o
    0x080021f8   0x080021f8   0x00000002   Code   RO          397    i.DebugMon_Handler  stm32h7xx_it.o
    0x080021fa   0x080021fa   0x00000002   PAD
    0x080021fc   0x080021fc   0x00000028   Code   RO          465    i.ExitRun0Mode      system_stm32h7xx.o
    0x08002224   0x08002224   0x0000006c   Code   RO         4595    i.FMC_SDRAM_Init    stm32h7xx_ll_fmc.o
    0x08002290   0x08002290   0x00000014   Code   RO         4596    i.FMC_SDRAM_ProgramRefreshRate  stm32h7xx_ll_fmc.o
    0x080022a4   0x080022a4   0x00000026   Code   RO         4597    i.FMC_SDRAM_SendCommand  stm32h7xx_ll_fmc.o
    0x080022ca   0x080022ca   0x00000002   PAD
    0x080022cc   0x080022cc   0x00000094   Code   RO         4599    i.FMC_SDRAM_Timing_Init  stm32h7xx_ll_fmc.o
    0x08002360   0x08002360   0x000004dc   Code   RO         1261    i.HAL_DMA_Abort     stm32h7xx_hal_dma.o
    0x0800283c   0x0800283c   0x00000398   Code   RO         1262    i.HAL_DMA_Abort_IT  stm32h7xx_hal_dma.o
    0x08002bd4   0x08002bd4   0x000000a2   Code   RO         5234    i.HAL_DSI_ConfigPhyTimer  stm32h7xx_hal_dsi.o
    0x08002c76   0x08002c76   0x000002d0   Code   RO         5235    i.HAL_DSI_ConfigVideoMode  stm32h7xx_hal_dsi.o
    0x08002f46   0x08002f46   0x00000002   PAD
    0x08002f48   0x08002f48   0x00000278   Code   RO         5249    i.HAL_DSI_Init      stm32h7xx_hal_dsi.o
    0x080031c0   0x080031c0   0x000000e4   Code   RO         5250    i.HAL_DSI_LongWrite  stm32h7xx_hal_dsi.o
    0x080032a4   0x080032a4   0x00000002   Code   RO         5252    i.HAL_DSI_MspInit   stm32h7xx_hal_dsi.o
    0x080032a6   0x080032a6   0x00000042   Code   RO         5265    i.HAL_DSI_ShortWrite  stm32h7xx_hal_dsi.o
    0x080032e8   0x080032e8   0x00000068   Code   RO         5267    i.HAL_DSI_Start     stm32h7xx_hal_dsi.o
    0x08003350   0x08003350   0x0000000c   Code   RO          508    i.HAL_Delay         delay.o
    0x0800335c   0x0800335c   0x00000014   Code   RO          727    i.HAL_EnableCompensationCell  stm32h7xx_hal.o
    0x08003370   0x08003370   0x000001fc   Code   RO         1446    i.HAL_GPIO_Init     stm32h7xx_hal_gpio.o
    0x0800356c   0x0800356c   0x00000010   Code   RO         1448    i.HAL_GPIO_ReadPin  stm32h7xx_hal_gpio.o
    0x0800357c   0x0800357c   0x00000014   Code   RO         1449    i.HAL_GPIO_TogglePin  stm32h7xx_hal_gpio.o
    0x08003590   0x08003590   0x0000000c   Code   RO         1450    i.HAL_GPIO_WritePin  stm32h7xx_hal_gpio.o
    0x0800359c   0x0800359c   0x0000000c   Code   RO          734    i.HAL_GetREVID      stm32h7xx_hal.o
    0x080035a8   0x080035a8   0x0000000c   Code   RO          735    i.HAL_GetTick       stm32h7xx_hal.o
    0x080035b4   0x080035b4   0x00000018   Code   RO          741    i.HAL_IncTick       stm32h7xx_hal.o
    0x080035cc   0x080035cc   0x00000060   Code   RO          742    i.HAL_Init          stm32h7xx_hal.o
    0x0800362c   0x0800362c   0x00000058   Code   RO          743    i.HAL_InitTick      stm32h7xx_hal.o
    0x08003684   0x08003684   0x0000005e   Code   RO         4733    i.HAL_LTDC_ConfigLayer  stm32h7xx_hal_ltdc.o
    0x080036e2   0x080036e2   0x000000ca   Code   RO         4750    i.HAL_LTDC_Init     stm32h7xx_hal_ltdc.o
    0x080037ac   0x080037ac   0x00000250   Code   RO         5817    i.HAL_LTDC_MspInit  ltdc.o
    0x080039fc   0x080039fc   0x0000006c   Code   RO         4765    i.HAL_LTDC_SetWindowPosition  stm32h7xx_hal_ltdc.o
    0x08003a68   0x08003a68   0x0000006c   Code   RO         4767    i.HAL_LTDC_SetWindowSize  stm32h7xx_hal_ltdc.o
    0x08003ad4   0x08003ad4   0x0000005c   Code   RO         1099    i.HAL_MPU_ConfigRegion  stm32h7xx_hal_cortex.o
    0x08003b30   0x08003b30   0x0000002c   Code   RO         1100    i.HAL_MPU_Disable   stm32h7xx_hal_cortex.o
    0x08003b5c   0x08003b5c   0x00000040   Code   RO         1102    i.HAL_MPU_Enable    stm32h7xx_hal_cortex.o
    0x08003b9c   0x08003b9c   0x00000002   Code   RO          745    i.HAL_MspInit       stm32h7xx_hal.o
    0x08003b9e   0x08003b9e   0x00000028   Code   RO         1106    i.HAL_NVIC_EnableIRQ  stm32h7xx_hal_cortex.o
    0x08003bc6   0x08003bc6   0x0000007a   Code   RO         1112    i.HAL_NVIC_SetPriority  stm32h7xx_hal_cortex.o
    0x08003c40   0x08003c40   0x00000028   Code   RO         1113    i.HAL_NVIC_SetPriorityGrouping  stm32h7xx_hal_cortex.o
    0x08003c68   0x08003c68   0x00000014   Code   RO         1652    i.HAL_PWREx_EnableUSBVoltageDetector  stm32h7xx_hal_pwr_ex.o
    0x08003c7c   0x08003c7c   0x00000024   Code   RO         2022    i.HAL_RCCEx_GetD3PCLK1Freq  stm32h7xx_hal_rcc_ex.o
    0x08003ca0   0x08003ca0   0x00000230   Code   RO         2024    i.HAL_RCCEx_GetPLL2ClockFreq  stm32h7xx_hal_rcc_ex.o
    0x08003ed0   0x08003ed0   0x00000230   Code   RO         2025    i.HAL_RCCEx_GetPLL3ClockFreq  stm32h7xx_hal_rcc_ex.o
    0x08004100   0x08004100   0x00000dbc   Code   RO         2031    i.HAL_RCCEx_PeriphCLKConfig  stm32h7xx_hal_rcc_ex.o
    0x08004ebc   0x08004ebc   0x00000320   Code   RO         1906    i.HAL_RCC_ClockConfig  stm32h7xx_hal_rcc.o
    0x080051dc   0x080051dc   0x0000004c   Code   RO         1911    i.HAL_RCC_GetHCLKFreq  stm32h7xx_hal_rcc.o
    0x08005228   0x08005228   0x00000024   Code   RO         1913    i.HAL_RCC_GetPCLK1Freq  stm32h7xx_hal_rcc.o
    0x0800524c   0x0800524c   0x00000024   Code   RO         1914    i.HAL_RCC_GetPCLK2Freq  stm32h7xx_hal_rcc.o
    0x08005270   0x08005270   0x0000022c   Code   RO         1915    i.HAL_RCC_GetSysClockFreq  stm32h7xx_hal_rcc.o
    0x0800549c   0x0800549c   0x00000858   Code   RO         1918    i.HAL_RCC_OscConfig  stm32h7xx_hal_rcc.o
    0x08005cf4   0x08005cf4   0x00000050   Code   RO         4415    i.HAL_SDRAM_Init    stm32h7xx_hal_sdram.o
    0x08005d44   0x08005d44   0x00000174   Code   RO         5570    i.HAL_SDRAM_MspInit  sdram.o
    0x08005eb8   0x08005eb8   0x00000036   Code   RO         4418    i.HAL_SDRAM_ProgramRefreshRate  stm32h7xx_hal_sdram.o
    0x08005eee   0x08005eee   0x0000004e   Code   RO         4424    i.HAL_SDRAM_SendCommand  stm32h7xx_hal_sdram.o
    0x08005f3c   0x08005f3c   0x00000034   Code   RO         1117    i.HAL_SYSTICK_Config  stm32h7xx_hal_cortex.o
    0x08005f70   0x08005f70   0x00000002   Code   RO         3841    i.HAL_TIMEx_Break2Callback  stm32h7xx_hal_tim_ex.o
    0x08005f72   0x08005f72   0x00000002   Code   RO         3842    i.HAL_TIMEx_BreakCallback  stm32h7xx_hal_tim_ex.o
    0x08005f74   0x08005f74   0x00000002   Code   RO         3843    i.HAL_TIMEx_CommutCallback  stm32h7xx_hal_tim_ex.o
    0x08005f76   0x08005f76   0x0000006e   Code   RO         3116    i.HAL_TIM_Base_Init  stm32h7xx_hal_tim.o
    0x08005fe4   0x08005fe4   0x00000048   Code   RO         6123    i.HAL_TIM_Base_MspInit  timer.o
    0x0800602c   0x0800602c   0x000000b4   Code   RO         3121    i.HAL_TIM_Base_Start_IT  stm32h7xx_hal_tim.o
    0x080060e0   0x080060e0   0x00000002   Code   RO         3150    i.HAL_TIM_IC_CaptureCallback  stm32h7xx_hal_tim.o
    0x080060e2   0x080060e2   0x00000198   Code   RO         3164    i.HAL_TIM_IRQHandler  stm32h7xx_hal_tim.o
    0x0800627a   0x0800627a   0x00000002   Code   RO         3167    i.HAL_TIM_OC_DelayElapsedCallback  stm32h7xx_hal_tim.o
    0x0800627c   0x0800627c   0x00000002   Code   RO         3194    i.HAL_TIM_PWM_PulseFinishedCallback  stm32h7xx_hal_tim.o
    0x0800627e   0x0800627e   0x00000002   PAD
    0x08006280   0x08006280   0x0000001c   Code   RO         6124    i.HAL_TIM_PeriodElapsedCallback  timer.o
    0x0800629c   0x0800629c   0x00000002   Code   RO         3207    i.HAL_TIM_TriggerCallback  stm32h7xx_hal_tim.o
    0x0800629e   0x0800629e   0x00000002   Code   RO         2206    i.HAL_UARTEx_RxEventCallback  stm32h7xx_hal_uart.o
    0x080062a0   0x080062a0   0x00000002   Code   RO         2630    i.HAL_UARTEx_RxFifoFullCallback  stm32h7xx_hal_uart_ex.o
    0x080062a2   0x080062a2   0x00000002   Code   RO         2634    i.HAL_UARTEx_TxFifoEmptyCallback  stm32h7xx_hal_uart_ex.o
    0x080062a4   0x080062a4   0x00000002   Code   RO         2635    i.HAL_UARTEx_WakeupCallback  stm32h7xx_hal_uart_ex.o
    0x080062a6   0x080062a6   0x00000002   Code   RO         2222    i.HAL_UART_ErrorCallback  stm32h7xx_hal_uart.o
    0x080062a8   0x080062a8   0x000004b6   Code   RO         2225    i.HAL_UART_IRQHandler  stm32h7xx_hal_uart.o
    0x0800675e   0x0800675e   0x00000078   Code   RO         2226    i.HAL_UART_Init     stm32h7xx_hal_uart.o
    0x080067d6   0x080067d6   0x00000002   PAD
    0x080067d8   0x080067d8   0x000000c0   Code   RO          631    i.HAL_UART_MspInit  usart.o
    0x08006898   0x08006898   0x0000005c   Code   RO         2231    i.HAL_UART_Receive_IT  stm32h7xx_hal_uart.o
    0x080068f4   0x080068f4   0x0000009c   Code   RO          632    i.HAL_UART_RxCpltCallback  usart.o
    0x08006990   0x08006990   0x00000002   Code   RO         2238    i.HAL_UART_TxCpltCallback  stm32h7xx_hal_uart.o
    0x08006992   0x08006992   0x00000004   Code   RO          398    i.HardFault_Handler  stm32h7xx_it.o
    0x08006996   0x08006996   0x000001e0   Code   RO         4769    i.LTDC_SetConfig    stm32h7xx_hal_ltdc.o
    0x08006b76   0x08006b76   0x00000002   PAD
    0x08006b78   0x08006b78   0x000000a0   Code   RO         5530    i.MemManage_Handler  mpu.o
    0x08006c18   0x08006c18   0x00000002   Code   RO          399    i.NMI_Handler       stm32h7xx_it.o
    0x08006c1a   0x08006c1a   0x00000002   Code   RO          400    i.PendSV_Handler    stm32h7xx_it.o
    0x08006c1c   0x08006c1c   0x00000164   Code   RO         2034    i.RCCEx_PLL2_Config  stm32h7xx_hal_rcc_ex.o
    0x08006d80   0x08006d80   0x00000164   Code   RO         2035    i.RCCEx_PLL3_Config  stm32h7xx_hal_rcc_ex.o
    0x08006ee4   0x08006ee4   0x00000002   Code   RO          401    i.SVC_Handler       stm32h7xx_it.o
    0x08006ee6   0x08006ee6   0x00000008   Code   RO          402    i.SysTick_Handler   stm32h7xx_it.o
    0x08006eee   0x08006eee   0x00000002   PAD
    0x08006ef0   0x08006ef0   0x00000128   Code   RO          467    i.SystemInit        system_stm32h7xx.o
    0x08007018   0x08007018   0x00000010   Code   RO         6125    i.TIM6_DAC_IRQHandler  timer.o
    0x08007028   0x08007028   0x000000d4   Code   RO         3209    i.TIM_Base_SetConfig  stm32h7xx_hal_tim.o
    0x080070fc   0x080070fc   0x000000f8   Code   RO         2240    i.UART_AdvFeatureConfig  stm32h7xx_hal_uart.o
    0x080071f4   0x080071f4   0x000000ea   Code   RO         2241    i.UART_CheckIdleState  stm32h7xx_hal_uart.o
    0x080072de   0x080072de   0x00000014   Code   RO         2242    i.UART_DMAAbortOnError  stm32h7xx_hal_uart.o
    0x080072f2   0x080072f2   0x00000002   PAD
    0x080072f4   0x080072f4   0x0000006c   Code   RO         2252    i.UART_EndRxTransfer  stm32h7xx_hal_uart.o
    0x08007360   0x08007360   0x00000030   Code   RO         2253    i.UART_EndTransmit_IT  stm32h7xx_hal_uart.o
    0x08007390   0x08007390   0x00000104   Code   RO         2255    i.UART_RxISR_16BIT  stm32h7xx_hal_uart.o
    0x08007494   0x08007494   0x00000200   Code   RO         2256    i.UART_RxISR_16BIT_FIFOEN  stm32h7xx_hal_uart.o
    0x08007694   0x08007694   0x00000104   Code   RO         2257    i.UART_RxISR_8BIT   stm32h7xx_hal_uart.o
    0x08007798   0x08007798   0x000001fc   Code   RO         2258    i.UART_RxISR_8BIT_FIFOEN  stm32h7xx_hal_uart.o
    0x08007994   0x08007994   0x0000058c   Code   RO         2259    i.UART_SetConfig    stm32h7xx_hal_uart.o
    0x08007f20   0x08007f20   0x0000015c   Code   RO         2261    i.UART_Start_Receive_IT  stm32h7xx_hal_uart.o
    0x0800807c   0x0800807c   0x000000ac   Code   RO         2266    i.UART_WaitOnFlagUntilTimeout  stm32h7xx_hal_uart.o
    0x08008128   0x08008128   0x00000010   Code   RO          633    i.USART1_IRQHandler  usart.o
    0x08008138   0x08008138   0x00000004   Code   RO          403    i.UsageFault_Handler  stm32h7xx_it.o
    0x0800813c   0x0800813c   0x00000030   Code   RO         6503    i.__ARM_fpclassify  m_wv.l(fpclassify.o)
    0x0800816c   0x0800816c   0x00000010   Code   RO         1119    i.__NVIC_GetPriorityGrouping  stm32h7xx_hal_cortex.o
    0x0800817c   0x0800817c   0x00000028   Code   RO         1120    i.__NVIC_SetPriority  stm32h7xx_hal_cortex.o
    0x080081a4   0x080081a4   0x0000003a   Code   RO         6403    i.__hardfp_sqrtf    m_wv.l(sqrtf.o)
    0x080081de   0x080081de   0x0000000e   Code   RO         6381    i._is_digit         c_w.l(__printf_wp.o)
    0x080081ec   0x080081ec   0x00000004   Code   RO          635    i._sys_exit         usart.o
    0x080081f0   0x080081f0   0x0000000c   Code   RO          509    i.delay_init        delay.o
    0x080081fc   0x080081fc   0x00000012   Code   RO          510    i.delay_ms          delay.o
    0x0800820e   0x0800820e   0x00000002   PAD
    0x08008210   0x08008210   0x00000048   Code   RO          511    i.delay_us          delay.o
    0x08008258   0x08008258   0x000001b4   Code   RO         5984    i.dsi_host_init     mipi_lcd.o
    0x0800840c   0x0800840c   0x000000f8   Code   RO         5985    i.dsi_init          mipi_lcd.o
    0x08008504   0x08008504   0x00000064   Code   RO         5987    i.dsi_io_write      mipi_lcd.o
    0x08008568   0x08008568   0x000000c4   Code   RO         5988    i.dsi_ltdc_init     mipi_lcd.o
    0x0800862c   0x0800862c   0x0000001c   Code   RO          637    i.fputc             usart.o
    0x08008648   0x08008648   0x00000080   Code   RO         6092    i.key_init          key.o
    0x080086c8   0x080086c8   0x00000084   Code   RO         6093    i.key_scan          key.o
    0x0800874c   0x0800874c   0x00000018   Code   RO         5630    i.lcd_clear         lcd.o
    0x08008764   0x08008764   0x00000030   Code   RO         5632    i.lcd_display_dir   lcd.o
    0x08008794   0x08008794   0x00000020   Code   RO         5638    i.lcd_draw_point    lcd.o
    0x080087b4   0x080087b4   0x000000b8   Code   RO         5642    i.lcd_init          lcd.o
    0x0800886c   0x0800886c   0x00000140   Code   RO         5650    i.lcd_show_char     lcd.o
    0x080089ac   0x080089ac   0x0000006a   Code   RO         5652    i.lcd_show_string   lcd.o
    0x08008a16   0x08008a16   0x00000002   PAD
    0x08008a18   0x08008a18   0x00000090   Code   RO         5506    i.led_init          led.o
    0x08008aa8   0x08008aa8   0x00000024   Code   RO         5818    i.ltdc_clear        ltdc.o
    0x08008acc   0x08008acc   0x00000032   Code   RO         5819    i.ltdc_clk_set      ltdc.o
    0x08008afe   0x08008afe   0x00000002   PAD
    0x08008b00   0x08008b00   0x0000002c   Code   RO         5821    i.ltdc_display_dir  ltdc.o
    0x08008b2c   0x08008b2c   0x00000050   Code   RO         5822    i.ltdc_draw_point   ltdc.o
    0x08008b7c   0x08008b7c   0x00000194   Code   RO         5823    i.ltdc_fill         ltdc.o
    0x08008d10   0x08008d10   0x00000384   Code   RO         5824    i.ltdc_init         ltdc.o
    0x08009094   0x08009094   0x00000078   Code   RO         5825    i.ltdc_layer_parameter_config  ltdc.o
    0x0800910c   0x0800910c   0x00000054   Code   RO         5827    i.ltdc_layer_window_config  ltdc.o
    0x08009160   0x08009160   0x000000d0   Code   RO         5828    i.ltdc_panelid_read  ltdc.o
    0x08009230   0x08009230   0x0000000c   Code   RO         5830    i.ltdc_select_layer  ltdc.o
    0x0800923c   0x0800923c   0x00000358   Code   RO           13    i.main              main.o
    0x08009594   0x08009594   0x000000c0   Code   RO         5993    i.mipi_lcd_ex_ili9881d_cmdinit  mipi_lcd.o
    0x08009654   0x08009654   0x0000001c   Code   RO         5996    i.mipilcd_write_cmd  mipi_lcd.o
    0x08009670   0x08009670   0x000000bc   Code   RO         5531    i.mpu_memory_protection  mpu.o
    0x0800972c   0x0800972c   0x0000005e   Code   RO         5532    i.mpu_set_protection  mpu.o
    0x0800978a   0x0800978a   0x00000002   PAD
    0x0800978c   0x0800978c   0x00000074   Code   RO         5573    i.sdram_init        sdram.o
    0x08009800   0x08009800   0x00000042   Code   RO         5574    i.sdram_initialization_sequence  sdram.o
    0x08009842   0x08009842   0x00000002   PAD
    0x08009844   0x08009844   0x00000048   Code   RO         5575    i.sdram_send_cmd    sdram.o
    0x0800988c   0x0800988c   0x00000140   Code   RO          554    i.sys_cache_enable  sys.o
    0x080099cc   0x080099cc   0x0000015c   Code   RO          559    i.sys_stm32_clock_init  sys.o
    0x08009b28   0x08009b28   0x0000062a   Code   RO         5936    i.tft_spi_init      tft_spi.o
    0x0800a152   0x0800a152   0x00000002   PAD
    0x0800a154   0x0800a154   0x0000006c   Code   RO         5937    i.tft_spi_write_byte  tft_spi.o
    0x0800a1c0   0x0800a1c0   0x00000068   Code   RO         5938    i.tft_spi_write_cmd  tft_spi.o
    0x0800a228   0x0800a228   0x00000064   Code   RO         5939    i.tft_spi_write_data  tft_spi.o
    0x0800a28c   0x0800a28c   0x00000014   Code   RO         5940    i.tft_spi_write_reg  tft_spi.o
    0x0800a2a0   0x0800a2a0   0x0000002c   Code   RO         6126    i.timx_int_init     timer.o
    0x0800a2cc   0x0800a2cc   0x00000038   Code   RO          638    i.usart_init        usart.o
    0x0800a304   0x0800a304   0x0000002c   Code   RO         6499    locale$$code        c_w.l(lc_numeric_c.o)
    0x0800a330   0x0800a330   0x0000000a   Code   RO         6579    x$fpl$fpinit        fz_wv.l(fpinit.o)
    0x0800a33a   0x0800a33a   0x00000004   Code   RO         6401    x$fpl$printf1       fz_wv.l(printf1.o)
    0x0800a33e   0x0800a33e   0x00000000   Code   RO         6435    x$fpl$usenofp       fz_wv.l(usenofp.o)
    0x0800a33e   0x0800a33e   0x00000010   Data   RO          468    .constdata          system_stm32h7xx.o
    0x0800a34e   0x0800a34e   0x00000018   Data   RO         2267    .constdata          stm32h7xx_hal_uart.o
    0x0800a366   0x0800a366   0x00002f80   Data   RO         5655    .constdata          lcd.o
    0x0800d2e6   0x0800d2e6   0x00000002   PAD
    0x0800d2e8   0x0800d2e8   0x00001dc4   Data   RO         5998    .constdata          mipi_lcd.o
    0x0800f0ac   0x0800f0ac   0x00000028   Data   RO         6354    .constdata          c_w.l(_printf_hex_int.o)
    0x0800f0d4   0x0800f0d4   0x00000011   Data   RO         6384    .constdata          c_w.l(__printf_flags_wp.o)
    0x0800f0e5   0x0800f0e5   0x00000003   PAD
    0x0800f0e8   0x0800f0e8   0x00000094   Data   RO         6470    .constdata          c_w.l(bigflt0.o)
    0x0800f17c   0x0800f17c   0x00000800   Data   RO         6238    .rodata.armBitRevTable  arm_cortexM7lfdp_math.lib(arm_common_tables.o)
    0x0800f97c   0x0800f97c   0x00000804   Data   RO         6324    .rodata.sinTable_f32  arm_cortexM7lfdp_math.lib(arm_common_tables.o)
    0x08010180   0x08010180   0x00008000   Data   RO         6247    .rodata.twiddleCoef_4096  arm_cortexM7lfdp_math.lib(arm_common_tables.o)
    0x08018180   0x08018180   0x00000020   Data   RO         6639    Region$$Table       anon$$obj.o
    0x080181a0   0x080181a0   0x0000001c   Data   RO         6498    locale$$data        c_w.l(lc_numeric_c.o)


    Execution Region RW_IRAM2 (Exec base: 0x24000000, Load base: 0x080181bc, Size: 0x00004270, Max: 0x00080000, ABSOLUTE, COMPRESSED[0x0000032c])

    Exec Addr    Load Addr    Size         Type   Attr      Idx    E Section Name        Object

    0x24000000   COMPRESSED   0x00000001   Data   RW           15    .data               main.o
    0x24000001   COMPRESSED   0x00000003   PAD
    0x24000004   COMPRESSED   0x00000008   Data   RW          469    .data               system_stm32h7xx.o
    0x2400000c   COMPRESSED   0x00000004   Data   RW          512    .data               delay.o
    0x24000010   COMPRESSED   0x00000007   Data   RW          640    .data               usart.o
    0x24000017   COMPRESSED   0x00000001   PAD
    0x24000018   COMPRESSED   0x00000009   Data   RW          769    .data               stm32h7xx_hal.o
    0x24000021   COMPRESSED   0x00000003   PAD
    0x24000024   COMPRESSED   0x00000010   Data   RW         5656    .data               lcd.o
    0x24000034   COMPRESSED   0x00000008   Data   RW         5834    .data               ltdc.o
    0x2400003c   COMPRESSED   0x000004a0   Data   RW         5999    .data               mipi_lcd.o
    0x240004dc   COMPRESSED   0x00000001   Data   RW         6094    .data               key.o
    0x240004dd   COMPRESSED   0x00000003   PAD
    0x240004e0        -       0x00003000   Zero   RW           14    .bss                main.o
    0x240034e0        -       0x0000015c   Zero   RW          639    .bss                usart.o
    0x2400363c        -       0x00000034   Zero   RW         5576    .bss                sdram.o
    0x24003670        -       0x00000134   Zero   RW         5833    .bss                ltdc.o
    0x240037a4        -       0x0000001c   Zero   RW         5997    .bss                mipi_lcd.o
    0x240037c0        -       0x0000004c   Zero   RW         6127    .bss                timer.o
    0x2400380c        -       0x00000060   Zero   RW         6506    .bss                c_w.l(libspace.o)
    0x2400386c   COMPRESSED   0x00000004   PAD
    0x24003870        -       0x00000200   Zero   RW            2    HEAP                startup_stm32h747xx.o
    0x24003a70        -       0x00000800   Zero   RW            1    STACK               startup_stm32h747xx.o



  Load Region LR$$.ARM.__AT_0xD0000000 (Base: 0xd0000000, Size: 0x00000000, Max: 0x003f4800, ABSOLUTE)

    Execution Region ER$$.ARM.__AT_0xD0000000 (Exec base: 0xd0000000, Load base: 0xd0000000, Size: 0x003f4800, Max: 0x003f4800, ABSOLUTE, UNINIT)

    Exec Addr    Load Addr    Size         Type   Attr      Idx    E Section Name        Object

    0xd0000000        -       0x003f4800   Zero   RW         5832    .ARM.__AT_0xD0000000  ltdc.o


==============================================================================

Image component sizes


      Code (inc. data)   RO Data    RW Data    ZI Data      Debug   Object Name

       114         10          0          4          0       3339   delay.o
       260         18          0          1          0       2146   key.o
       714         78      12160         16          0       8880   lcd.o
       144         14          0          0          0       1271   led.o
      2530        142          0          8    4147508      13990   ltdc.o
       856        210          0          1      12288    1619982   main.o
      1200         88       7620       1184         28       7656   mipi_lcd.o
       442         58          0          0          0      38516   mpu.o
       626         48          0          0         52       4651   sdram.o
        72         30        664          0       2560       1100   startup_stm32h747xx.o
       254         54          0          9          0      33351   stm32h7xx_hal.o
       510         40          0          0          0      44149   stm32h7xx_hal_cortex.o
      2164         34          0          0          0       4751   stm32h7xx_hal_dma.o
      2010          8          0          0          0      11097   stm32h7xx_hal_dsi.o
       556         52          0          0          0       4388   stm32h7xx_hal_gpio.o
       992          0          0          0          0       5745   stm32h7xx_hal_ltdc.o
        20          6          0          0          0        749   stm32h7xx_hal_pwr_ex.o
      3640        114          0          0          0       8160   stm32h7xx_hal_rcc.o
      5384        118          0          0          0       8573   stm32h7xx_hal_rcc_ex.o
       212          4          0          0          0       3516   stm32h7xx_hal_sdram.o
       918         68          0          0          0       7675   stm32h7xx_hal_tim.o
         6          0          0          0          0       2904   stm32h7xx_hal_tim_ex.o
      5562        202         24          0          0      41022   stm32h7xx_hal_uart.o
         6          0          0          0          0       2933   stm32h7xx_hal_uart_ex.o
        28          0          0          0          0       5102   stm32h7xx_it.o
       314          4          0          0          0       5096   stm32h7xx_ll_fmc.o
       668         22          0          0          0      38837   sys.o
       336         46         16          8          0       2793   system_stm32h7xx.o
      1910         40          0          0          0       5213   tft_spi.o
       160         34          0          0         76       3913   timer.o
       452         58          0          7        348       6973   usart.o

    ----------------------------------------------------------------------
     33088       1600      20518       1248    4162860    1948471   Object Totals
         0          0         32          0          0          0   (incl. Generated)
        28          0          2         10          0          0   (incl. Padding)

    ----------------------------------------------------------------------

      Code (inc. data)   RO Data    RW Data    ZI Data      Debug   Library Member Name

       186          0          0          0          0       2608   arm_bitreversal.o
      1722          0          0          0          0       8704   arm_cfft_radix4_f32.o
       148         20          0          0          0       1568   arm_cfft_radix4_init_f32.o
       312          0          0          0          0       2017   arm_cmplx_mag_f32.o
         0          0      36868          0          0       4961   arm_common_tables.o
       144         12          0          0          0       1111   arm_cos_f32.o
       140         12          0          0          0       1098   arm_sin_f32.o
        90          0          0          0          0          0   __dczerorl2.o
         8          0          0          0          0         68   __main.o
       312          4         17          0          0         92   __printf_flags_wp.o
        14          0          0          0          0         68   __printf_wp.o
         0          0          0          0          0          0   __rtentry.o
        12          0          0          0          0          0   __rtentry2.o
         6          0          0          0          0          0   __rtentry4.o
        52          8          0          0          0          0   __scatter.o
        28          0          0          0          0          0   __scatter_zi.o
        48          6          0          0          0         96   _printf_char_common.o
        36          4          0          0          0         80   _printf_char_file.o
         6          0          0          0          0          0   _printf_d.o
       120         16          0          0          0         92   _printf_dec.o
         6          0          0          0          0          0   _printf_f.o
      1054          0          0          0          0        216   _printf_fp_dec.o
       128         16          0          0          0         84   _printf_fp_infnan.o
        88          4         40          0          0         88   _printf_hex_int.o
       178          0          0          0          0         88   _printf_intcommon.o
         0          0          0          0          0          0   _printf_percent.o
         4          0          0          0          0          0   _printf_percent_end.o
         6          0          0          0          0          0   _printf_x.o
        22          0          0          0          0        100   _rserrno.o
        10          0          0          0          0         68   _sputc.o
       228          4        148          0          0         96   bigflt0.o
      1936        128          0          0          0        672   btod.o
        18          0          0          0          0         80   exit.o
         8          0          0          0          0         68   ferror.o
         6          0          0          0          0        152   heapauxi.o
        44         10         28          0          0         76   lc_numeric_c.o
         2          0          0          0          0          0   libinit.o
        22          0          0          0          0          0   libinit2.o
         2          0          0          0          0          0   libshutdown.o
         2          0          0          0          0          0   libshutdown2.o
         8          4          0          0         96         68   libspace.o
       138          0          0          0          0         80   lludiv10.o
       238          0          0          0          0        100   lludivv7m.o
        24          4          0          0          0         84   noretval__2printf.o
        40          6          0          0          0         84   noretval__2sprintf.o
         8          4          0          0          0         68   rt_errno_addr_intlibspace.o
         8          4          0          0          0         68   rt_locale_intlibspace.o
       100          0          0          0          0         80   rt_memcpy_w.o
         2          0          0          0          0          0   rtexit.o
        10          0          0          0          0          0   rtexit2.o
       104          0          0          0          0         68   strcmpv7m_pel.o
        74          0          0          0          0         80   sys_stackheap_outer.o
         2          0          0          0          0         68   use_no_semi.o
         2          0          0          0          0         68   use_no_semi_2.o
        10          0          0          0          0        116   fpinit.o
         4          0          0          0          0        116   printf1.o
         0          0          0          0          0          0   usenofp.o
        48          0          0          0          0        124   fpclassify.o
        58          0          0          0          0        136   sqrtf.o

    ----------------------------------------------------------------------
      8038        266      37104          0        100      25759   Library Totals
        12          0          3          0          4          0   (incl. Padding)

    ----------------------------------------------------------------------

      Code (inc. data)   RO Data    RW Data    ZI Data      Debug   Library Name

      2652         44      36868          0          0      22067   arm_cortexM7lfdp_math.lib
      5254        222        233          0         96       3200   c_w.l
        14          0          0          0          0        232   fz_wv.l
       106          0          0          0          0        260   m_wv.l

    ----------------------------------------------------------------------
      8038        266      37104          0        100      25759   Library Totals

    ----------------------------------------------------------------------

==============================================================================


      Code (inc. data)   RO Data    RW Data    ZI Data      Debug   

     41126       1866      57622       1248    4162960    1957482   Grand Totals
     41126       1866      57622        812    4162960    1957482   ELF Image Totals (compressed)
     41126       1866      57622        812          0          0   ROM Totals

==============================================================================

    Total RO  Size (Code + RO Data)                98748 (  96.43kB)
    Total RW  Size (RW Data + ZI Data)           4164208 (4066.61kB)
    Total ROM Size (Code + RO Data + RW Data)      99560 (  97.23kB)

==============================================================================

