<html>
<body>
<pre>
<h1>µVision Build Log</h1>
<h2>Tool Versions:</h2>
IDE-Version: ¦ÌVision V5.36.0.0
Copyright (C) 2021 ARM Ltd and ARM Germany GmbH. All rights reserved.
License Information: l 473065664@qq.com, l, LIC=WHYH9-46HJH-PCZJ8-3X1WJ-I3FTB-RSMEB
 
Tool Versions:
Toolchain:       MDK-ARM Plus  Version: 5.36.0.0
Toolchain Path:  D:\Keil_v5\ARM\ARMCLANG\Bin
C Compiler:      ArmClang.exe V6.16
Assembler:       Armasm.exe V6.16
Linker/Locator:  ArmLink.exe V6.16
Library Manager: ArmAr.exe V6.16
Hex Converter:   FromElf.exe V6.16
CPU DLL:         SARMCM3.DLL V5.36.0.0
Dialog DLL:      DCM.DLL V1.17.3.0
Target DLL:      STLink\ST-LINKIII-KEIL_SWO.dll V3.0.9.0
Dialog DLL:      TCM.DLL V1.53.0.0
 
<h2>Project:</h2>
D:\Desktop_Floder\Ref_Code\H7-Signal\13_DPSD\13_DPSD\MDK-ARM\H7_SDRAM.uvprojx
Project File Date:  07/28/2026

<h2>Output:</h2>
*** Using Compiler 'V6.16', folder: 'D:\Keil_v5\ARM\ARMCLANG\Bin'
Rebuild target 'H7_SDRAM'
compiling fmac.c...
assembling startup_stm32h723xx.s...
compiling stm32h7xx_hal_exti.c...
compiling stm32h7xx_hal_pwr_ex.c...
../Core/Src/stm32h7xx_it.c(54): warning: In file included from...
../bsp/bspsysteam.h(32): warning: In file included from...
../app\long_fft.h(7): warning: redefinition of typedef 'float32_t' is a C11 feature [-Wtypedef-redefinition]
typedef float float32_t;
              ^
D:/Keil_v5/ARM/PACK/ARM/CMSIS/5.8.0/CMSIS/DSP/Include\arm_math_types.h(280): note: previous definition is here
  typedef float float32_t;
                ^
1 warning generated.
compiling stm32h7xx_it.c...
compiling gpio.c...
compiling cordic.c...
compiling stm32h7xx_hal_cortex.c...
../Core/Src/fmc.c(25): warning: In file included from...
../bsp/bspsysteam.h(32): warning: In file included from...
../app\long_fft.h(7): warning: redefinition of typedef 'float32_t' is a C11 feature [-Wtypedef-redefinition]
typedef float float32_t;
              ^
D:/Keil_v5/ARM/PACK/ARM/CMSIS/5.8.0/CMSIS/DSP/Include\arm_math_types.h(280): note: previous definition is here
  typedef float float32_t;
                ^
1 warning generated.
compiling fmc.c...
compiling stm32h7xx_hal_i2c.c...
compiling stm32h7xx_hal_rcc.c...
compiling stm32h7xx_hal_hsem.c...
compiling stm32h7xx_hal_pwr.c...
compiling stm32h7xx_hal_dma_ex.c...
compiling stm32h7xx_hal_i2c_ex.c...
compiling stm32h7xx_hal_adc.c...
compiling stm32h7xx_hal_cordic.c...
compiling stm32h7xx_hal_mdma.c...
compiling stm32h7xx_hal_msp.c...
compiling tim.c...
compiling adc.c...
compiling octospi.c...
compiling stm32h7xx_hal_sram.c...
compiling stm32h7xx_hal_nor.c...
compiling usart.c...
compiling stm32h7xx_hal_nand.c...
compiling stm32h7xx_hal_gpio.c...
compiling dma.c...
compiling stm32h7xx_hal_flash.c...
compiling stm32h7xx_hal_flash_ex.c...
compiling stm32h7xx_hal.c...
../Core/Src/main.c(33): warning: In file included from...
../bsp/bspsysteam.h(32): warning: In file included from...
../app\long_fft.h(7): warning: redefinition of typedef 'float32_t' is a C11 feature [-Wtypedef-redefinition]
typedef float float32_t;
              ^
D:/Keil_v5/ARM/PACK/ARM/CMSIS/5.8.0/CMSIS/DSP/Include\arm_math_types.h(280): note: previous definition is here
  typedef float float32_t;
                ^
1 warning generated.
compiling main.c...
compiling stm32h7xx_hal_sdram.c...
compiling stm32h7xx_ll_fmc.c...
compiling stm32h7xx_hal_fmac.c...
compiling stm32h7xx_hal_rcc_ex.c...
compiling stm32h7xx_hal_dma.c...
compiling stm32h7xx_hal_adc_ex.c...
compiling stm32h7xx_hal_ospi.c...
../bsp/bsp.c(1): warning: In file included from...
../bsp/bsp.h(5): warning: In file included from...
../bsp\bspsysteam.h(32): warning: In file included from...
../app\long_fft.h(7): warning: redefinition of typedef 'float32_t' is a C11 feature [-Wtypedef-redefinition]
typedef float float32_t;
              ^
D:/Keil_v5/ARM/PACK/ARM/CMSIS/5.8.0/CMSIS/DSP/Include\arm_math_types.h(280): note: previous definition is here
  typedef float float32_t;
                ^
1 warning generated.
compiling bsp.c...
compiling system_stm32h7xx.c...
compiling stm32h7xx_hal_uart_ex.c...
../bsp/bsp_sdram.c(1): warning: In file included from...
../bsp/bsp_sdram.h(5): warning: In file included from...
../bsp\bspsysteam.h(32): warning: In file included from...
../app\long_fft.h(7): warning: redefinition of typedef 'float32_t' is a C11 feature [-Wtypedef-redefinition]
typedef float float32_t;
              ^
D:/Keil_v5/ARM/PACK/ARM/CMSIS/5.8.0/CMSIS/DSP/Include\arm_math_types.h(280): note: previous definition is here
  typedef float float32_t;
                ^
1 warning generated.
compiling bsp_sdram.c...
compiling stm32h7xx_hal_tim.c...
../bsp/qspi.c(1): warning: In file included from...
../bsp/qspi.h(5): warning: In file included from...
../bsp\bspsysteam.h(32): warning: In file included from...
../app\long_fft.h(7): warning: redefinition of typedef 'float32_t' is a C11 feature [-Wtypedef-redefinition]
typedef float float32_t;
              ^
D:/Keil_v5/ARM/PACK/ARM/CMSIS/5.8.0/CMSIS/DSP/Include\arm_math_types.h(280): note: previous definition is here
  typedef float float32_t;
                ^
1 warning generated.
compiling qspi.c...
../app/scheduler.c(1): warning: In file included from...
../app\scheduler.h(4): warning: In file included from...
../bsp/bspsysteam.h(32): warning: In file included from...
../app\long_fft.h(7): warning: redefinition of typedef 'float32_t' is a C11 feature [-Wtypedef-redefinition]
typedef float float32_t;
              ^
D:/Keil_v5/ARM/PACK/ARM/CMSIS/5.8.0/CMSIS/DSP/Include\arm_math_types.h(280): note: previous definition is here
  typedef float float32_t;
                ^
1 warning generated.
compiling scheduler.c...
../bsp/norflash.c(1): warning: In file included from...
../bsp/norflash.h(4): warning: In file included from...
../bsp\bspsysteam.h(32): warning: In file included from...
../app\long_fft.h(7): warning: redefinition of typedef 'float32_t' is a C11 feature [-Wtypedef-redefinition]
typedef float float32_t;
              ^
D:/Keil_v5/ARM/PACK/ARM/CMSIS/5.8.0/CMSIS/DSP/Include\arm_math_types.h(280): note: previous definition is here
  typedef float float32_t;
                ^
1 warning generated.
compiling norflash.c...
../app/usart_app.c(1): warning: In file included from...
../app\usart_app.h(3): warning: In file included from...
../bsp/bspsysteam.h(32): warning: In file included from...
../app\long_fft.h(7): warning: redefinition of typedef 'float32_t' is a C11 feature [-Wtypedef-redefinition]
typedef float float32_t;
              ^
D:/Keil_v5/ARM/PACK/ARM/CMSIS/5.8.0/CMSIS/DSP/Include\arm_math_types.h(280): note: previous definition is here
  typedef float float32_t;
                ^
1 warning generated.
compiling usart_app.c...
compiling stm32h7xx_hal_tim_ex.c...
../bsp/test_demo.c(1): warning: In file included from...
../bsp/test_demo.h(5): warning: In file included from...
../bsp\bspsysteam.h(32): warning: In file included from...
../app\long_fft.h(7): warning: redefinition of typedef 'float32_t' is a C11 feature [-Wtypedef-redefinition]
typedef float float32_t;
              ^
D:/Keil_v5/ARM/PACK/ARM/CMSIS/5.8.0/CMSIS/DSP/Include\arm_math_types.h(280): note: previous definition is here
  typedef float float32_t;
                ^
../bsp/test_demo.c(17): warning: unknown attribute 'zero_init' ignored [-Wunknown-attributes]
__attribute__((section (".RAM_SDRAM"),zero_init)) volatile uint16_t SDRAMSRAMCount;
                                      ^~~~~~~~~
../bsp/test_demo.c(18): warning: unknown attribute 'zero_init' ignored [-Wunknown-attributes]
__attribute__((section (".RAM_SDRAM"),zero_init)) volatile uint16_t SDRAMSRAMBuf[1024*1024*4];
                                      ^~~~~~~~~
../bsp/test_demo.c(19): warning: unknown attribute 'zero_init' ignored [-Wunknown-attributes]
__attribute__((section (".RAM_SDRAM"),zero_init)) volatile uint16_t SDRAMSRAMBuf2[10];
                                      ^~~~~~~~~
../bsp/test_demo.c(53): warning: illegal character encoding in string literal [-Winvalid-source-encoding]
                UART1_Printf("\r\nCPU : STM32H723ZGT6<D6><F7>Æµ: %dMHz\r\n", SystemCoreClock / 1000000);
                                                     ^~~~~~~~
5 warnings generated.
compiling test_demo.c...
compiling BayesFunctions.c...
../app/adc_app.c(1): warning: In file included from...
../app\adc_app.h(4): warning: In file included from...
../bsp/bspsysteam.h(32): warning: In file included from...
../app\long_fft.h(7): warning: redefinition of typedef 'float32_t' is a C11 feature [-Wtypedef-redefinition]
typedef float float32_t;
              ^
D:/Keil_v5/ARM/PACK/ARM/CMSIS/5.8.0/CMSIS/DSP/Include\arm_math_types.h(280): note: previous definition is here
  typedef float float32_t;
                ^
1 warning generated.
compiling adc_app.c...
../app/blue_app.c(1): warning: In file included from...
../app\blue_app.h(3): warning: In file included from...
../bsp/bspsysteam.h(32): warning: In file included from...
../app\long_fft.h(7): warning: redefinition of typedef 'float32_t' is a C11 feature [-Wtypedef-redefinition]
typedef float float32_t;
              ^
D:/Keil_v5/ARM/PACK/ARM/CMSIS/5.8.0/CMSIS/DSP/Include\arm_math_types.h(280): note: previous definition is here
  typedef float float32_t;
                ^
1 warning generated.
compiling blue_app.c...
compiling stm32h7xx_hal_uart.c...
compiling long_fft.c...
../app/AD9910.c(2): warning: In file included from...
../app\AD9910.h(4): warning: In file included from...
../bsp/bspsysteam.h(32): warning: In file included from...
../app\long_fft.h(7): warning: redefinition of typedef 'float32_t' is a C11 feature [-Wtypedef-redefinition]
typedef float float32_t;
              ^
D:/Keil_v5/ARM/PACK/ARM/CMSIS/5.8.0/CMSIS/DSP/Include\arm_math_types.h(280): note: previous definition is here
  typedef float float32_t;
                ^
1 warning generated.
compiling AD9910.c...
../app/IQ_anaylse.c(1): warning: In file included from...
../app/IQ_anaylse.h(4): warning: In file included from...
../bsp/bspsysteam.h(32): warning: In file included from...
../app\long_fft.h(7): warning: redefinition of typedef 'float32_t' is a C11 feature [-Wtypedef-redefinition]
typedef float float32_t;
              ^
D:/Keil_v5/ARM/PACK/ARM/CMSIS/5.8.0/CMSIS/DSP/Include\arm_math_types.h(280): note: previous definition is here
  typedef float float32_t;
                ^
../app/IQ_anaylse.c(6): warning: unknown attribute 'zero_init' ignored [-Wunknown-attributes]
__attribute__((section(".RAM_SDRAM"), zero_init)) float32_t step_cos[SIGSEP_MAX_BIN + 1];
                                      ^~~~~~~~~
../app/IQ_anaylse.c(8): warning: unknown attribute 'zero_init' ignored [-Wunknown-attributes]
__attribute__((section(".RAM_SDRAM"), zero_init)) float32_t step_sin[SIGSEP_MAX_BIN + 1];
                                      ^~~~~~~~~
3 warnings generated.
compiling IQ_anaylse.c...
compiling BayesFunctionsF16.c...
../app/fft_app.c(1): warning: In file included from...
../app\fft_app.h(3): warning: In file included from...
../bsp/bspsysteam.h(32): warning: In file included from...
../app\long_fft.h(7): warning: redefinition of typedef 'float32_t' is a C11 feature [-Wtypedef-redefinition]
typedef float float32_t;
              ^
D:/Keil_v5/ARM/PACK/ARM/CMSIS/5.8.0/CMSIS/DSP/Include\arm_math_types.h(280): note: previous definition is here
  typedef float float32_t;
                ^
1 warning generated.
compiling fft_app.c...
compiling dpsd.c...
compiling DistanceFunctionsF16.c...
compiling BasicMathFunctionsF16.c...
compiling FastMathFunctionsF16.c...
compiling ControllerFunctions.c...
compiling FastMathFunctions.c...
compiling ComplexMathFunctionsF16.c...
compiling ComplexMathFunctions.c...
compiling InterpolationFunctions.c...
compiling CommonTablesF16.c...
compiling DistanceFunctions.c...
compiling FilteringFunctionsF16.c...
compiling BasicMathFunctions.c...
compiling InterpolationFunctionsF16.c...
compiling QuaternionMathFunctions.c...
compiling MatrixFunctionsF16.c...
compiling SVMFunctions.c...
compiling SVMFunctionsF16.c...
compiling CommonTables.c...
compiling SupportFunctionsF16.c...
compiling StatisticsFunctions.c...
compiling StatisticsFunctionsF16.c...
compiling SupportFunctions.c...
compiling TransformFunctionsF16.c...
compiling MatrixFunctions.c...
compiling TransformFunctions.c...
compiling FilteringFunctions.c...
linking...
H7_SDRAM\H7_SDRAM.sct(21): warning: L6329W: Pattern *(.RAM_D2) only matches removed unused sections.
H7_SDRAM\H7_SDRAM.sct(25): warning: L6329W: Pattern *(.RAM_D3) only matches removed unused sections.
H7_SDRAM\H7_SDRAM.sct(29): warning: L6329W: Pattern *(.RAM_SDRAM) only matches removed unused sections.
Program Size: Code=53848 RO-data=2932 RW-data=82496 ZI-data=35152  
Finished: 0 information, 3 warning and 0 error messages.
FromELF: creating hex file...
"H7_SDRAM\H7_SDRAM.axf" - 0 Error(s), 24 Warning(s).

<h2>Software Packages used:</h2>

Package Vendor: ARM
                http://www.keil.com/pack/ARM.CMSIS.5.8.0.pack
                ARM.CMSIS.5.8.0
                CMSIS (Common Microcontroller Software Interface Standard)
   * Component: CORE Version: 5.5.0
   * Component: DSP Variant: Source Version: 1.9.0-dev

Package Vendor: Keil
                https://www.keil.com/pack/Keil.STM32H7xx_DFP.4.1.3.pack
                Keil.STM32H7xx_DFP.4.1.3
                STMicroelectronics STM32H7 Series Device Support

<h2>Collection of Component include folders:</h2>
  .\RTE\_H7_SDRAM
  D:\Keil_v5\ARM\PACK\ARM\CMSIS\5.8.0\CMSIS\Core\Include
  D:\Keil_v5\ARM\PACK\ARM\CMSIS\5.8.0\CMSIS\DSP\Include
  D:\Keil_v5\ARM\PACK\ARM\CMSIS\5.8.0\CMSIS\DSP\PrivateInclude

<h2>Collection of Component Files used:</h2>

   * Component: ARM::CMSIS:CORE:5.5.0
      Include file:  CMSIS\Core\Include\tz_context.h

   * Component: ARM::CMSIS:DSP:Source:1.9.0-dev
      Include file:  CMSIS\DSP\Include\arm_math.h
      Source file:   CMSIS\DSP\Source\TransformFunctions\TransformFunctionsF16.c
      Source file:   CMSIS\DSP\Source\MatrixFunctions\MatrixFunctionsF16.c
      Include file:  CMSIS\DSP\Include\arm_const_structs.h
      Source file:   CMSIS\DSP\Source\QuaternionMathFunctions\QuaternionMathFunctions.c
      Include file:  CMSIS\DSP\Include\arm_common_tables_f16.h
      Source file:   CMSIS\DSP\Source\SupportFunctions\SupportFunctionsF16.c
      Source file:   CMSIS\DSP\Source\TransformFunctions\TransformFunctions.c
      Source file:   CMSIS\DSP\Source\InterpolationFunctions\InterpolationFunctionsF16.c
      Source file:   CMSIS\DSP\Source\SVMFunctions\SVMFunctions.c
      Source file:   CMSIS\DSP\Source\BasicMathFunctions\BasicMathFunctionsF16.c
      Include file:  CMSIS\DSP\Include\arm_math_f16.h
      Source file:   CMSIS\DSP\Source\StatisticsFunctions\StatisticsFunctions.c
      Source file:   CMSIS\DSP\Source\FastMathFunctions\FastMathFunctions.c
      Source file:   CMSIS\DSP\Source\FilteringFunctions\FilteringFunctionsF16.c
      Source file:   CMSIS\DSP\Source\CommonTables\CommonTablesF16.c
      Source file:   CMSIS\DSP\Source\StatisticsFunctions\StatisticsFunctionsF16.c
      Source file:   CMSIS\DSP\Source\FastMathFunctions\FastMathFunctionsF16.c
      Include file:  CMSIS\DSP\Include\arm_common_tables.h
      Source file:   CMSIS\DSP\Source\BayesFunctions\BayesFunctions.c
      Include file:  CMSIS\DSP\Include\arm_const_structs_f16.h
      Source file:   CMSIS\DSP\Source\ControllerFunctions\ControllerFunctions.c
      Source file:   CMSIS\DSP\Source\MatrixFunctions\MatrixFunctions.c
      Source file:   CMSIS\DSP\Source\CommonTables\CommonTables.c
      Source file:   CMSIS\DSP\Source\DistanceFunctions\DistanceFunctions.c
      Source file:   CMSIS\DSP\Source\InterpolationFunctions\InterpolationFunctions.c
      Source file:   CMSIS\DSP\Source\ComplexMathFunctions\ComplexMathFunctionsF16.c
      Source file:   CMSIS\DSP\Source\BasicMathFunctions\BasicMathFunctions.c
      Source file:   CMSIS\DSP\Source\FilteringFunctions\FilteringFunctions.c
      Source file:   CMSIS\DSP\Source\SupportFunctions\SupportFunctions.c
      Source file:   CMSIS\DSP\Source\ComplexMathFunctions\ComplexMathFunctions.c
      Source file:   CMSIS\DSP\Source\SVMFunctions\SVMFunctionsF16.c
      Source file:   CMSIS\DSP\Source\DistanceFunctions\DistanceFunctionsF16.c
      Source file:   CMSIS\DSP\Source\BayesFunctions\BayesFunctionsF16.c
Build Time Elapsed:  00:00:07
</pre>
</body>
</html>
